2026-09-23 23:23:15,837 - INFO - Unconstrained optimum per requirement: {'goal1': 1.0, 'goal2': 1.0, 'goal3': 1.0, 'seq_1_before_2': 1.0, 'seq_2_before_3': 1.0, 'complete_sequence': 1.0, 'avoid_moving_seg1': 1.0, 'avoid_moving_seg2': 1.0, 'avoid_moving_seg3': 1.0}
2026-09-23 23:23:15,837 - INFO - === Attempt 1/5 (initial) ===
You are an expert planner. Write a policy for the Markov decision process (MDP) below. Express it as an ordered list of symbolic rules over the state variables.

## Problem

An agent moves on a 5x5 grid. Its state is its cell (x = row, y = column; (0,0) is the top-left corner, x grows downward, y grows rightward) plus one flag per goal.

- The agent starts at (0,0) with every goal flag false.
- Goals must be visited in order: goal 1 at (1,3), then goal 2 at (2,3), then goal 3 at (0,4). Flag g1 becomes true when the agent enters goal 1's cell, and flag gk (k > 1) becomes true when it enters goal k's cell while g(k-1) is already true. Entering a goal's cell early, before its turn, violates the ordering requirements.
- Each step the agent picks an action (up, right, down or left). It moves in the chosen direction with probability 0.7, and slips 90 degrees to the left or right of it with probability 0.15 and 0.15. For example, choosing down means down 0.7, right 0.15, left 0.15.
- Moving off the grid leaves the agent where it is. Static obstacles at (0, 1), (3, 1), (4, 3) can never be entered: a move into one also leaves the agent where it is.
- A moving obstacle patrols the cells (0, 2) -> (0, 3) and then repeats, advancing one position per agent step. It starts at (0, 2). Its cells can be entered, but sharing a cell with the obstacle at the same time counts as a collision. The policy cannot observe where the obstacle currently is.
- The agent keeps moving after it reaches the last goal.

## Visual

```
    0 1 2 3 4   <- y (column)
 0  S X M M 3
 1  . . . 1 .
 2  . . . 2 .
 3  . X . . .
 4  . . . X .
 ^ x (row)

Legend: S = start (0,0), 1..3 = goals (visit in order), X = static obstacle, M = moving obstacle patrol path, . = free cell
```

## State variables your rules can use

- `x` (integer 0..4): agent row (0 = top)
- `y` (integer 0..4): agent column (0 = left)
- `g1` (boolean): true once goal 1 has been reached
- `g2` (boolean): true once goal 2 has been reached (only counts after goal 1)
- `g3` (boolean): true once goal 3 has been reached (only counts after goal 2)

## Actions

- `up`: move to (x-1, y), i.e. one row up
- `right`: move to (x, y+1), i.e. one column right
- `down`: move to (x+1, y), i.e. one row down
- `left`: move to (x, y-1), i.e. one column left

## Requirements

A probabilistic model checker (PRISM) verifies your policy against each requirement:
- `goal1`: The agent eventually reaches goal 1. Probability must be >= 0.8.
- `goal2`: The agent eventually reaches goal 2. Probability must be >= 0.8.
- `goal3`: The agent eventually reaches goal 3. Probability must be >= 0.8.
- `seq_1_before_2`: Goal 1 is visited before goal 2 is ever entered. Probability must be >= 0.8.
- `seq_2_before_3`: Goals 1, 2 are visited in order before goal 3 is ever entered. Probability must be >= 0.8.
- `complete_sequence`: All goals are visited in the correct order (all sequence requirements at once). Probability must be >= 0.8.
- `avoid_moving_seg1`: While heading to goal 1, the agent never shares a cell with the moving obstacle. Probability must be >= 0.7.
- `avoid_moving_seg2`: While heading to goal 2, the agent never shares a cell with the moving obstacle. Probability must be >= 0.7.
- `avoid_moving_seg3`: While heading to goal 3, the agent never shares a cell with the moving obstacle. Probability must be >= 0.7.

## How to write the policy

The policy is an ordered list of rules. Each rule has a `condition` (a boolean expression over the state variables) and an `action`. For any state, the **first** rule whose condition is true decides the action, so put specific exceptions before general rules.

- Conditions use the state variables above with `=`, `!=`, `<`, `<=`, `>`, `>=`, `+`, `-`, `&` (and), `|` (or), `!` (not) and parentheses. Booleans can be used directly (`g1`, `!g1`) or compared (`g1 = true`). `true` matches every state.
- Prefer a few general rules that describe a strategy over listing states one by one. List a single state only when it truly is an exception.
- A state that no rule matches is **uncovered**. The checker reports each requirement in the *best case* (uncovered states act in the most helpful way) and the *worst case* (they act in the most harmful way). The policy succeeds only if every requirement holds **in the worst case**, so make sure every state the agent can reach is covered, for example by ending with a `true -> ...` default.

Example rules for a different gridworld (not this one), in priority order:
```
{"condition": "x = 1 & y = 4", "action": "left"}
{"condition": "!g1 & x = 2 & y < 3", "action": "right"}
{"condition": "!g1 & y = 3", "action": "down"}
{"condition": "g1 & !g2 & x > 0", "action": "up"}
{"condition": "true", "action": "down"}
```
Rule 1 is a one-cell exception, so it comes before the general rules that also match that cell. Rule 2 moves right along row 2 before goal 1, rule 3 then goes down column 3, rule 4 heads up after goal 1, and the last rule is a catch-all default that covers every remaining state.

## Output

Return JSON: `{"rules": [{"condition": "...", "action": "..."}, ...]}`. Rules are in priority order (first match wins).

