2026-09-23 22:58:54,642 - INFO - Unconstrained optimum per requirement: {'goal1': 1.0, 'goal2': 1.0, 'goal3': 1.0, 'seq_1_before_2': 1.0, 'seq_2_before_3': 1.0, 'complete_sequence': 1.0, 'avoid_moving_seg1': 1.0, 'avoid_moving_seg2': 1.0, 'avoid_moving_seg3': 1.0}
2026-09-23 22:58:54,645 - INFO - === Attempt 1/5 (initial) ===
You are an expert planner. Write a policy for the Markov decision process (MDP) below. Express it as an ordered list of symbolic rules over the state variables.

## Problem

An agent moves on a 4x4 grid. Its state is its cell (x = row, y = column; (0,0) is the top-left corner, x grows downward, y grows rightward) plus one flag per goal.

- The agent starts at (0,0) with every goal flag false.
- Goals must be visited in order: goal 1 at (1,1), then goal 2 at (3,1), then goal 3 at (0,1). Flag g1 becomes true when the agent enters goal 1's cell, and flag gk (k > 1) becomes true when it enters goal k's cell while g(k-1) is already true. Entering a goal's cell early, before its turn, violates the ordering requirements.
- Each step the agent picks an action (up, right, down or left). It moves in the chosen direction with probability 0.7, and slips 90 degrees to the left or right of it with probability 0.15 and 0.15. For example, choosing down means down 0.7, right 0.15, left 0.15.
- Moving off the grid leaves the agent where it is. Static obstacles at (3, 0) can never be entered: a move into one also leaves the agent where it is.
- A moving obstacle patrols the cells (3, 2) -> (3, 3) -> (2, 3) -> (3, 3) and then repeats, advancing one position per agent step. It starts at (3, 2). Its cells can be entered, but sharing a cell with the obstacle at the same time counts as a collision. The policy cannot observe where the obstacle currently is.
- The agent keeps moving after it reaches the last goal.

## Visual

```
    0 1 2 3   <- y (column)
 0  S 3 . .
 1  . 1 . .
 2  . . . M
 3  X 2 M M
 ^ x (row)

Legend: S = start (0,0), 1..3 = goals (visit in order), X = static obstacle, M = moving obstacle patrol path, . = free cell
```

## State variables your rules can use

- `x` (integer 0..3): agent row (0 = top)
- `y` (integer 0..3): agent column (0 = left)
- `g1` (boolean): true once goal 1 has been reached
- `g2` (boolean): true once goal 2 has been reached (only counts after goal 1)
- `g3` (boolean): true once goal 3 has been reached (only counts after goal 2)

## Actions

- `up`: move to (x-1, y), i.e. one row up
- `right`: move to (x, y+1), i.e. one column right
- `down`: move to (x+1, y), i.e. one row down
- `left`: move to (x, y-1), i.e. one column left

## Requirements

A probabilistic model checker (PRISM) verifies your policy against each requirement:
- `goal1`: The agent eventually reaches goal 1. Probability must be >= 0.8.
- `goal2`: The agent eventually reaches goal 2. Probability must be >= 0.8.
- `goal3`: The agent eventually reaches goal 3. Probability must be >= 0.8.
- `seq_1_before_2`: Goal 1 is visited before goal 2 is ever entered. Probability must be >= 0.8.
- `seq_2_before_3`: Goals 1, 2 are visited in order before goal 3 is ever entered. Probability must be >= 0.8.
- `complete_sequence`: All goals are visited in the correct order (all sequence requirements at once). Probability must be >= 0.8.
- `avoid_moving_seg1`: While heading to goal 1, the agent never shares a cell with the moving obstacle. Probability must be >= 0.7.
- `avoid_moving_seg2`: While heading to goal 2, the agent never shares a cell with the moving obstacle. Probability must be >= 0.7.
- `avoid_moving_seg3`: While heading to goal 3, the agent never shares a cell with the moving obstacle. Probability must be >= 0.7.

## How to write the policy

The policy is an ordered list of rules. Each rule has a `condition` (a boolean expression over the state variables) and an `action`. For any state, the **first** rule whose condition is true decides the action, so put specific exceptions before general rules.

- Conditions use the state variables above with `=`, `!=`, `<`, `<=`, `>`, `>=`, `+`, `-`, `&` (and), `|` (or), `!` (not) and parentheses. Booleans can be used directly (`g1`, `!g1`) or compared (`g1 = true`). `true` matches every state.
- Prefer a few general rules that describe a strategy over listing states one by one. List a single state only when it truly is an exception.
- A state that no rule matches is **uncovered**. The checker reports each requirement in the *best case* (uncovered states act in the most helpful way) and the *worst case* (they act in the most harmful way). The policy succeeds only if every requirement holds **in the worst case**, so make sure every state the agent can reach is covered, for example by ending with a `true -> ...` default.

Example rules for a different gridworld (not this one), in priority order:
```
{"condition": "x = 1 & y = 4", "action": "left"}
{"condition": "!g1 & x = 2 & y < 3", "action": "right"}
{"condition": "!g1 & y = 3", "action": "down"}
{"condition": "g1 & !g2 & x > 0", "action": "up"}
{"condition": "true", "action": "down"}
```
Rule 1 is a one-cell exception, so it comes before the general rules that also match that cell. Rule 2 moves right along row 2 before goal 1, rule 3 then goes down column 3, rule 4 heads up after goal 1, and the last rule is a catch-all default that covers every remaining state.

## Output

Return JSON: `{"rules": [{"condition": "...", "action": "..."}, ...]}`. Rules are in priority order (first match wins).

2026-09-23 22:59:20,906 - INFO - Candidate policy (29 rules):
1. {"condition": "g1 & g2 & g3", "action": "down"}
2. {"condition": "g1 & g2 & !g3 & x = 0 & y = 1", "action": "down"}
3. {"condition": "g1 & g2 & !g3 & x = 1 & y = 1", "action": "down"}
4. {"condition": "g1 & g2 & !g3 & x = 2 & y = 1", "action": "down"}
5. {"condition": "g1 & g2 & !g3 & x = 3 & y = 1", "action": "down"}
6. {"condition": "g1 & g2 & !g3", "action": "down"}
7. {"condition": "g1 & !g2 & x = 3 & y = 1", "action": "down"}
8. {"condition": "g1 & !g2 & x = 2 & y = 1", "action": "down"}
9. {"condition": "g1 & !g2 & x = 1 & y = 1", "action": "down"}
10. {"condition": "g1 & !g2 & x = 0 & y = 1", "action": "down"}
11. {"condition": "g1 & !g2", "action": "down"}
12. {"condition": "!g1 & x = 1 & y = 1", "action": "down"}
13. {"condition": "!g1 & x = 0 & y = 1", "action": "down"}
14. {"condition": "!g1 & x = 0 & y = 0", "action": "right"}
15. {"condition": "!g1 & x = 0 & y = 1", "action": "down"}
16. {"condition": "!g1 & x = 1 & y = 0", "action": "right"}
17. {"condition": "!g1 & x = 1 & y = 1", "action": "down"}
18. {"condition": "!g1 & x = 1 & y = 2", "action": "left"}
19. {"condition": "!g1 & x = 2 & y = 1", "action": "down"}
20. {"condition": "!g1 & x = 3 & y = 1", "action": "up"}
21. {"condition": "!g1 & x = 3 & y = 0", "action": "up"}
22. {"condition": "!g1 & x = 3 & y = 2", "action": "up"}
23. {"condition": "!g1 & x = 3 & y = 3", "action": "up"}
24. {"condition": "!g1 & x = 2 & y = 2", "action": "down"}
25. {"condition": "!g1 & x = 2 & y = 3", "action": "down"}
26. {"condition": "!g1 & x = 1 & y = 3", "action": "down"}
27. {"condition": "!g1 & x = 0 & y = 2", "action": "right"}
28. {"condition": "!g1 & x = 0 & y = 3", "action": "right"}
29. {"condition": "true", "action": "down"}
2026-09-23 22:59:22,272 - INFO - Results: goal1: best=0.8579 worst=0.8579, goal2: best=1.0000 worst=1.0000, goal3: best=0.8459 worst=0.8459, seq_1_before_2: best=0.8579 worst=0.8579, seq_2_before_3: best=0.1269 worst=0.1269, complete_sequence: best=0.1269 worst=0.1269, avoid_moving_seg1: best=0.8579 worst=0.8579, avoid_moving_seg2: best=0.8298 worst=0.8298, avoid_moving_seg3: best=0.1421 worst=0.1421
2026-09-23 22:59:22,272 - INFO - Score (3, 3, 1.904149832873288, 1.904149832873288) (new best)
2026-09-23 22:59:22,274 - INFO - === Attempt 2/5 (refine) ===
You are an expert planner, repairing a policy written as symbolic rules. Even in the **best case** (uncovered states choosing the most helpful action), some requirements fail, so some of the existing rules steer the agent badly. Fix them while keeping what already works.

## Problem

An agent moves on a 4x4 grid. Its state is its cell (x = row, y = column; (0,0) is the top-left corner, x grows downward, y grows rightward) plus one flag per goal.

- The agent starts at (0,0) with every goal flag false.
- Goals must be visited in order: goal 1 at (1,1), then goal 2 at (3,1), then goal 3 at (0,1). Flag g1 becomes true when the agent enters goal 1's cell, and flag gk (k > 1) becomes true when it enters goal k's cell while g(k-1) is already true. Entering a goal's cell early, before its turn, violates the ordering requirements.
- Each step the agent picks an action (up, right, down or left). It moves in the chosen direction with probability 0.7, and slips 90 degrees to the left or right of it with probability 0.15 and 0.15. For example, choosing down means down 0.7, right 0.15, left 0.15.
- Moving off the grid leaves the agent where it is. Static obstacles at (3, 0) can never be entered: a move into one also leaves the agent where it is.
- A moving obstacle patrols the cells (3, 2) -> (3, 3) -> (2, 3) -> (3, 3) and then repeats, advancing one position per agent step. It starts at (3, 2). Its cells can be entered, but sharing a cell with the obstacle at the same time counts as a collision. The policy cannot observe where the obstacle currently is.
- The agent keeps moving after it reaches the last goal.

## Visual

```
    0 1 2 3   <- y (column)
 0  S 3 . .
 1  . 1 . .
 2  . . . M
 3  X 2 M M
 ^ x (row)

Legend: S = start (0,0), 1..3 = goals (visit in order), X = static obstacle, M = moving obstacle patrol path, . = free cell
```

## State variables your rules can use

- `x` (integer 0..3): agent row (0 = top)
- `y` (integer 0..3): agent column (0 = left)
- `g1` (boolean): true once goal 1 has been reached
- `g2` (boolean): true once goal 2 has been reached (only counts after goal 1)
- `g3` (boolean): true once goal 3 has been reached (only counts after goal 2)

## Actions

- `up`: move to (x-1, y), i.e. one row up
- `right`: move to (x, y+1), i.e. one column right
- `down`: move to (x+1, y), i.e. one row down
- `left`: move to (x, y-1), i.e. one column left

## Requirements

A probabilistic model checker (PRISM) verifies your policy against each requirement:
- `goal1`: The agent eventually reaches goal 1. Probability must be >= 0.8.
- `goal2`: The agent eventually reaches goal 2. Probability must be >= 0.8.
- `goal3`: The agent eventually reaches goal 3. Probability must be >= 0.8.
- `seq_1_before_2`: Goal 1 is visited before goal 2 is ever entered. Probability must be >= 0.8.
- `seq_2_before_3`: Goals 1, 2 are visited in order before goal 3 is ever entered. Probability must be >= 0.8.
- `complete_sequence`: All goals are visited in the correct order (all sequence requirements at once). Probability must be >= 0.8.
- `avoid_moving_seg1`: While heading to goal 1, the agent never shares a cell with the moving obstacle. Probability must be >= 0.7.
- `avoid_moving_seg2`: While heading to goal 2, the agent never shares a cell with the moving obstacle. Probability must be >= 0.7.
- `avoid_moving_seg3`: While heading to goal 3, the agent never shares a cell with the moving obstacle. Probability must be >= 0.7.

## How to write the policy

The policy is an ordered list of rules. Each rule has a `condition` (a boolean expression over the state variables) and an `action`. For any state, the **first** rule whose condition is true decides the action, so put specific exceptions before general rules.

- Conditions use the state variables above with `=`, `!=`, `<`, `<=`, `>`, `>=`, `+`, `-`, `&` (and), `|` (or), `!` (not) and parentheses. Booleans can be used directly (`g1`, `!g1`) or compared (`g1 = true`). `true` matches every state.
- Prefer a few general rules that describe a strategy over listing states one by one. List a single state only when it truly is an exception.
- A state that no rule matches is **uncovered**. The checker reports each requirement in the *best case* (uncovered states act in the most helpful way) and the *worst case* (they act in the most harmful way). The policy succeeds only if every requirement holds **in the worst case**, so make sure every state the agent can reach is covered, for example by ending with a `true -> ...` default.

Example rules for a different gridworld (not this one), in priority order:
```
{"condition": "x = 1 & y = 4", "action": "left"}
{"condition": "!g1 & x = 2 & y < 3", "action": "right"}
{"condition": "!g1 & y = 3", "action": "down"}
{"condition": "g1 & !g2 & x > 0", "action": "up"}
{"condition": "true", "action": "down"}
```
Rule 1 is a one-cell exception, so it comes before the general rules that also match that cell. Rule 2 moves right along row 2 before goal 1, rule 3 then goes down column 3, rule 4 heads up after goal 1, and the last rule is a catch-all default that covers every remaining state.

## Your current rules

```
1. {"condition": "g1 & g2 & g3", "action": "down"}
2. {"condition": "g1 & g2 & !g3 & x = 0 & y = 1", "action": "down"}
3. {"condition": "g1 & g2 & !g3 & x = 1 & y = 1", "action": "down"}
4. {"condition": "g1 & g2 & !g3 & x = 2 & y = 1", "action": "down"}
5. {"condition": "g1 & g2 & !g3 & x = 3 & y = 1", "action": "down"}
6. {"condition": "g1 & g2 & !g3", "action": "down"}
7. {"condition": "g1 & !g2 & x = 3 & y = 1", "action": "down"}
8. {"condition": "g1 & !g2 & x = 2 & y = 1", "action": "down"}
9. {"condition": "g1 & !g2 & x = 1 & y = 1", "action": "down"}
10. {"condition": "g1 & !g2 & x = 0 & y = 1", "action": "down"}
11. {"condition": "g1 & !g2", "action": "down"}
12. {"condition": "!g1 & x = 1 & y = 1", "action": "down"}
13. {"condition": "!g1 & x = 0 & y = 1", "action": "down"}
14. {"condition": "!g1 & x = 0 & y = 0", "action": "right"}
15. {"condition": "!g1 & x = 0 & y = 1", "action": "down"}
16. {"condition": "!g1 & x = 1 & y = 0", "action": "right"}
17. {"condition": "!g1 & x = 1 & y = 1", "action": "down"}
18. {"condition": "!g1 & x = 1 & y = 2", "action": "left"}
19. {"condition": "!g1 & x = 2 & y = 1", "action": "down"}
20. {"condition": "!g1 & x = 3 & y = 1", "action": "up"}
21. {"condition": "!g1 & x = 3 & y = 0", "action": "up"}
22. {"condition": "!g1 & x = 3 & y = 2", "action": "up"}
23. {"condition": "!g1 & x = 3 & y = 3", "action": "up"}
24. {"condition": "!g1 & x = 2 & y = 2", "action": "down"}
25. {"condition": "!g1 & x = 2 & y = 3", "action": "down"}
26. {"condition": "!g1 & x = 1 & y = 3", "action": "down"}
27. {"condition": "!g1 & x = 0 & y = 2", "action": "right"}
28. {"condition": "!g1 & x = 0 & y = 3", "action": "right"}
29. {"condition": "true", "action": "down"}
```

The rules cover 27 of the 27 reachable situations (combinations of the state variables); 0 are uncovered.

## Verification results

| requirement | best case | worst case | needed | status |
|---|---|---|---|---|
| `goal1` | 0.8579 | 0.8579 | >= 0.8 | ok |
| `goal2` | 1.0000 | 1.0000 | >= 0.8 | ok |
| `goal3` | 0.8459 | 0.8459 | >= 0.8 | ok |
| `seq_1_before_2` | 0.8579 | 0.8579 | >= 0.8 | ok |
| `seq_2_before_3` | 0.1269 | 0.1269 | >= 0.8 | FAILS even in best case |
| `complete_sequence` | 0.1269 | 0.1269 | >= 0.8 | FAILS even in best case |
| `avoid_moving_seg1` | 0.8579 | 0.8579 | >= 0.7 | ok |
| `avoid_moving_seg2` | 0.8298 | 0.8298 | >= 0.7 | ok |
| `avoid_moving_seg3` | 0.1421 | 0.1421 | >= 0.7 | FAILS even in best case |

## Where probability is lost

Share of the lost probability mass (expected time spent in a state, times the probability still at stake there), by the rule that decides the state, for the failing requirements (seq_2_before_3, complete_sequence, avoid_moving_seg3):
- 53%: rule 6 `g1 & g2 & !g3 (action down)`. Most in: x=3 & y=2 & g1=true & g2=true & g3=false; x=3 & y=3 & g1=true & g2=true & g3=false
- 25%: rule 5 `g1 & g2 & !g3 & x = 3 & y = 1 (action down)`. Most in: x=3 & y=1 & g1=true & g2=true & g3=false
- 7%: rule 11 `g1 & !g2 (action down)`. Most in: x=3 & y=3 & g1=true & g2=false & g3=false; x=2 & y=0 & g1=true & g2=false & g3=false; x=3 & y=2 & g1=true & g2=false & g3=false
- 2%: rule 25 `!g1 & x = 2 & y = 3 (action down)`. Most in: x=2 & y=3 & g1=false & g2=false & g3=false
- 2%: rule 23 `!g1 & x = 3 & y = 3 (action up)`. Most in: x=3 & y=3 & g1=false & g2=false & g3=false
- 2%: rule 24 `!g1 & x = 2 & y = 2 (action down)`. Most in: x=2 & y=2 & g1=false & g2=false & g3=false
- 2%: rule 14 `!g1 & x = 0 & y = 0 (action right)`. Most in: x=0 & y=0 & g1=false & g2=false & g3=false
- 2%: rule 22 `!g1 & x = 3 & y = 2 (action up)`. Most in: x=3 & y=2 & g1=false & g2=false & g3=false
- 2%: rule 29 `true (action down)`. Most in: x=2 & y=0 & g1=false & g2=false & g3=false
- 1%: rule 19 `!g1 & x = 2 & y = 1 (action down)`. Most in: x=2 & y=1 & g1=false & g2=false & g3=false

## Task

Rewrite the rule list to fix the failing requirements. You may change, reorder, delete or add rules. Return the **complete** new rule list as JSON: `{"rules": [{"condition": "...", "action": "..."}, ...]}`.

2026-09-23 22:59:47,535 - INFO - Candidate policy (29 rules):
1. {"condition": "g1 & g2 & g3", "action": "down"}
2. {"condition": "g1 & g2 & !g3 & x = 0 & y = 1", "action": "down"}
3. {"condition": "g1 & g2 & !g3 & x = 1 & y = 1", "action": "down"}
4. {"condition": "g1 & g2 & !g3 & x = 2 & y = 1", "action": "down"}
5. {"condition": "g1 & g2 & !g3 & x = 3 & y = 1", "action": "down"}
6. {"condition": "g1 & g2 & !g3", "action": "right"}
7. {"condition": "g1 & !g2 & x = 3 & y = 1", "action": "down"}
8. {"condition": "g1 & !g2 & x = 2 & y = 1", "action": "down"}
9. {"condition": "g1 & !g2 & x = 1 & y = 1", "action": "down"}
10. {"condition": "g1 & !g2 & x = 0 & y = 1", "action": "down"}
11. {"condition": "g1 & !g2", "action": "right"}
12. {"condition": "!g1 & x = 1 & y = 1", "action": "down"}
13. {"condition": "!g1 & x = 0 & y = 1", "action": "down"}
14. {"condition": "!g1 & x = 0 & y = 0", "action": "right"}
15. {"condition": "!g1 & x = 0 & y = 1", "action": "down"}
16. {"condition": "!g1 & x = 1 & y = 0", "action": "right"}
17. {"condition": "!g1 & x = 1 & y = 1", "action": "down"}
18. {"condition": "!g1 & x = 1 & y = 2", "action": "left"}
19. {"condition": "!g1 & x = 2 & y = 1", "action": "down"}
20. {"condition": "!g1 & x = 3 & y = 1", "action": "up"}
21. {"condition": "!g1 & x = 3 & y = 0", "action": "up"}
22. {"condition": "!g1 & x = 3 & y = 2", "action": "right"}
23. {"condition": "!g1 & x = 3 & y = 3", "action": "left"}
24. {"condition": "!g1 & x = 2 & y = 2", "action": "right"}
25. {"condition": "!g1 & x = 2 & y = 3", "action": "left"}
26. {"condition": "!g1 & x = 1 & y = 3", "action": "left"}
27. {"condition": "!g1 & x = 0 & y = 2", "action": "right"}
28. {"condition": "!g1 & x = 0 & y = 3", "action": "right"}
29. {"condition": "true", "action": "down"}
2026-09-23 22:59:48,938 - INFO - Results: goal1: best=1.0000 worst=1.0000, goal2: best=0.6836 worst=0.6836, goal3: best=0.8499 worst=0.8499, seq_1_before_2: best=0.9744 worst=0.9744, seq_2_before_3: best=0.1018 worst=0.1018, complete_sequence: best=0.0870 worst=0.0870, avoid_moving_seg1: best=0.9503 worst=0.9503, avoid_moving_seg2: best=0.6753 worst=0.6753, avoid_moving_seg3: best=0.3247 worst=0.3247
2026-09-23 22:59:48,938 - INFO - Score (5, 5, 1.9275518004141787, 1.927552591816425) (no improvement, keeping best)
2026-09-23 22:59:48,941 - INFO - === Attempt 3/5 (refine) ===
You are an expert planner, repairing a policy written as symbolic rules. Even in the **best case** (uncovered states choosing the most helpful action), some requirements fail, so some of the existing rules steer the agent badly. Fix them while keeping what already works.

## Problem

An agent moves on a 4x4 grid. Its state is its cell (x = row, y = column; (0,0) is the top-left corner, x grows downward, y grows rightward) plus one flag per goal.

- The agent starts at (0,0) with every goal flag false.
- Goals must be visited in order: goal 1 at (1,1), then goal 2 at (3,1), then goal 3 at (0,1). Flag g1 becomes true when the agent enters goal 1's cell, and flag gk (k > 1) becomes true when it enters goal k's cell while g(k-1) is already true. Entering a goal's cell early, before its turn, violates the ordering requirements.
- Each step the agent picks an action (up, right, down or left). It moves in the chosen direction with probability 0.7, and slips 90 degrees to the left or right of it with probability 0.15 and 0.15. For example, choosing down means down 0.7, right 0.15, left 0.15.
- Moving off the grid leaves the agent where it is. Static obstacles at (3, 0) can never be entered: a move into one also leaves the agent where it is.
- A moving obstacle patrols the cells (3, 2) -> (3, 3) -> (2, 3) -> (3, 3) and then repeats, advancing one position per agent step. It starts at (3, 2). Its cells can be entered, but sharing a cell with the obstacle at the same time counts as a collision. The policy cannot observe where the obstacle currently is.
- The agent keeps moving after it reaches the last goal.

## Visual

```
    0 1 2 3   <- y (column)
 0  S 3 . .
 1  . 1 . .
 2  . . . M
 3  X 2 M M
 ^ x (row)

Legend: S = start (0,0), 1..3 = goals (visit in order), X = static obstacle, M = moving obstacle patrol path, . = free cell
```

## State variables your rules can use

- `x` (integer 0..3): agent row (0 = top)
- `y` (integer 0..3): agent column (0 = left)
- `g1` (boolean): true once goal 1 has been reached
- `g2` (boolean): true once goal 2 has been reached (only counts after goal 1)
- `g3` (boolean): true once goal 3 has been reached (only counts after goal 2)

## Actions

- `up`: move to (x-1, y), i.e. one row up
- `right`: move to (x, y+1), i.e. one column right
- `down`: move to (x+1, y), i.e. one row down
- `left`: move to (x, y-1), i.e. one column left

## Requirements

A probabilistic model checker (PRISM) verifies your policy against each requirement:
- `goal1`: The agent eventually reaches goal 1. Probability must be >= 0.8.
- `goal2`: The agent eventually reaches goal 2. Probability must be >= 0.8.
- `goal3`: The agent eventually reaches goal 3. Probability must be >= 0.8.
- `seq_1_before_2`: Goal 1 is visited before goal 2 is ever entered. Probability must be >= 0.8.
- `seq_2_before_3`: Goals 1, 2 are visited in order before goal 3 is ever entered. Probability must be >= 0.8.
- `complete_sequence`: All goals are visited in the correct order (all sequence requirements at once). Probability must be >= 0.8.
- `avoid_moving_seg1`: While heading to goal 1, the agent never shares a cell with the moving obstacle. Probability must be >= 0.7.
- `avoid_moving_seg2`: While heading to goal 2, the agent never shares a cell with the moving obstacle. Probability must be >= 0.7.
- `avoid_moving_seg3`: While heading to goal 3, the agent never shares a cell with the moving obstacle. Probability must be >= 0.7.

## How to write the policy

The policy is an ordered list of rules. Each rule has a `condition` (a boolean expression over the state variables) and an `action`. For any state, the **first** rule whose condition is true decides the action, so put specific exceptions before general rules.

- Conditions use the state variables above with `=`, `!=`, `<`, `<=`, `>`, `>=`, `+`, `-`, `&` (and), `|` (or), `!` (not) and parentheses. Booleans can be used directly (`g1`, `!g1`) or compared (`g1 = true`). `true` matches every state.
- Prefer a few general rules that describe a strategy over listing states one by one. List a single state only when it truly is an exception.
- A state that no rule matches is **uncovered**. The checker reports each requirement in the *best case* (uncovered states act in the most helpful way) and the *worst case* (they act in the most harmful way). The policy succeeds only if every requirement holds **in the worst case**, so make sure every state the agent can reach is covered, for example by ending with a `true -> ...` default.

Example rules for a different gridworld (not this one), in priority order:
```
{"condition": "x = 1 & y = 4", "action": "left"}
{"condition": "!g1 & x = 2 & y < 3", "action": "right"}
{"condition": "!g1 & y = 3", "action": "down"}
{"condition": "g1 & !g2 & x > 0", "action": "up"}
{"condition": "true", "action": "down"}
```
Rule 1 is a one-cell exception, so it comes before the general rules that also match that cell. Rule 2 moves right along row 2 before goal 1, rule 3 then goes down column 3, rule 4 heads up after goal 1, and the last rule is a catch-all default that covers every remaining state.

## Your current rules

```
1. {"condition": "g1 & g2 & g3", "action": "down"}
2. {"condition": "g1 & g2 & !g3 & x = 0 & y = 1", "action": "down"}
3. {"condition": "g1 & g2 & !g3 & x = 1 & y = 1", "action": "down"}
4. {"condition": "g1 & g2 & !g3 & x = 2 & y = 1", "action": "down"}
5. {"condition": "g1 & g2 & !g3 & x = 3 & y = 1", "action": "down"}
6. {"condition": "g1 & g2 & !g3", "action": "down"}
7. {"condition": "g1 & !g2 & x = 3 & y = 1", "action": "down"}
8. {"condition": "g1 & !g2 & x = 2 & y = 1", "action": "down"}
9. {"condition": "g1 & !g2 & x = 1 & y = 1", "action": "down"}
10. {"condition": "g1 & !g2 & x = 0 & y = 1", "action": "down"}
11. {"condition": "g1 & !g2", "action": "down"}
12. {"condition": "!g1 & x = 1 & y = 1", "action": "down"}
13. {"condition": "!g1 & x = 0 & y = 1", "action": "down"}
14. {"condition": "!g1 & x = 0 & y = 0", "action": "right"}
15. {"condition": "!g1 & x = 0 & y = 1", "action": "down"}
16. {"condition": "!g1 & x = 1 & y = 0", "action": "right"}
17. {"condition": "!g1 & x = 1 & y = 1", "action": "down"}
18. {"condition": "!g1 & x = 1 & y = 2", "action": "left"}
19. {"condition": "!g1 & x = 2 & y = 1", "action": "down"}
20. {"condition": "!g1 & x = 3 & y = 1", "action": "up"}
21. {"condition": "!g1 & x = 3 & y = 0", "action": "up"}
22. {"condition": "!g1 & x = 3 & y = 2", "action": "up"}
23. {"condition": "!g1 & x = 3 & y = 3", "action": "up"}
24. {"condition": "!g1 & x = 2 & y = 2", "action": "down"}
25. {"condition": "!g1 & x = 2 & y = 3", "action": "down"}
26. {"condition": "!g1 & x = 1 & y = 3", "action": "down"}
27. {"condition": "!g1 & x = 0 & y = 2", "action": "right"}
28. {"condition": "!g1 & x = 0 & y = 3", "action": "right"}
29. {"condition": "true", "action": "down"}
```

The rules cover 27 of the 27 reachable situations (combinations of the state variables); 0 are uncovered.

## Verification results

| requirement | best case | worst case | needed | status |
|---|---|---|---|---|
| `goal1` | 0.8579 | 0.8579 | >= 0.8 | ok |
| `goal2` | 1.0000 | 1.0000 | >= 0.8 | ok |
| `goal3` | 0.8459 | 0.8459 | >= 0.8 | ok |
| `seq_1_before_2` | 0.8579 | 0.8579 | >= 0.8 | ok |
| `seq_2_before_3` | 0.1269 | 0.1269 | >= 0.8 | FAILS even in best case |
| `complete_sequence` | 0.1269 | 0.1269 | >= 0.8 | FAILS even in best case |
| `avoid_moving_seg1` | 0.8579 | 0.8579 | >= 0.7 | ok |
| `avoid_moving_seg2` | 0.8298 | 0.8298 | >= 0.7 | ok |
| `avoid_moving_seg3` | 0.1421 | 0.1421 | >= 0.7 | FAILS even in best case |

## Where probability is lost

Share of the lost probability mass (expected time spent in a state, times the probability still at stake there), by the rule that decides the state, for the failing requirements (seq_2_before_3, complete_sequence, avoid_moving_seg3):
- 53%: rule 6 `g1 & g2 & !g3 (action down)`. Most in: x=3 & y=2 & g1=true & g2=true & g3=false; x=3 & y=3 & g1=true & g2=true & g3=false
- 25%: rule 5 `g1 & g2 & !g3 & x = 3 & y = 1 (action down)`. Most in: x=3 & y=1 & g1=true & g2=true & g3=false
- 7%: rule 11 `g1 & !g2 (action down)`. Most in: x=3 & y=3 & g1=true & g2=false & g3=false; x=2 & y=0 & g1=true & g2=false & g3=false; x=3 & y=2 & g1=true & g2=false & g3=false
- 2%: rule 25 `!g1 & x = 2 & y = 3 (action down)`. Most in: x=2 & y=3 & g1=false & g2=false & g3=false
- 2%: rule 23 `!g1 & x = 3 & y = 3 (action up)`. Most in: x=3 & y=3 & g1=false & g2=false & g3=false
- 2%: rule 24 `!g1 & x = 2 & y = 2 (action down)`. Most in: x=2 & y=2 & g1=false & g2=false & g3=false
- 2%: rule 14 `!g1 & x = 0 & y = 0 (action right)`. Most in: x=0 & y=0 & g1=false & g2=false & g3=false
- 2%: rule 22 `!g1 & x = 3 & y = 2 (action up)`. Most in: x=3 & y=2 & g1=false & g2=false & g3=false
- 2%: rule 29 `true (action down)`. Most in: x=2 & y=0 & g1=false & g2=false & g3=false
- 1%: rule 19 `!g1 & x = 2 & y = 1 (action down)`. Most in: x=2 & y=1 & g1=false & g2=false & g3=false

## Task

Rewrite the rule list to fix the failing requirements. You may change, reorder, delete or add rules. Return the **complete** new rule list as JSON: `{"rules": [{"condition": "...", "action": "..."}, ...]}`.

2026-09-23 23:00:13,046 - INFO - Candidate policy (29 rules):
1. {"condition": "g1 & g2 & g3", "action": "down"}
2. {"condition": "g1 & g2 & !g3 & x = 0 & y = 1", "action": "down"}
3. {"condition": "g1 & g2 & !g3 & x = 1 & y = 1", "action": "down"}
4. {"condition": "g1 & g2 & !g3 & x = 2 & y = 1", "action": "down"}
5. {"condition": "g1 & g2 & !g3 & x = 3 & y = 1", "action": "down"}
6. {"condition": "g1 & g2 & !g3", "action": "right"}
7. {"condition": "g1 & !g2 & x = 3 & y = 1", "action": "down"}
8. {"condition": "g1 & !g2 & x = 2 & y = 1", "action": "down"}
9. {"condition": "g1 & !g2 & x = 1 & y = 1", "action": "down"}
10. {"condition": "g1 & !g2 & x = 0 & y = 1", "action": "down"}
11. {"condition": "g1 & !g2", "action": "right"}
12. {"condition": "!g1 & x = 1 & y = 1", "action": "down"}
13. {"condition": "!g1 & x = 0 & y = 1", "action": "down"}
14. {"condition": "!g1 & x = 0 & y = 0", "action": "right"}
15. {"condition": "!g1 & x = 0 & y = 1", "action": "down"}
16. {"condition": "!g1 & x = 1 & y = 0", "action": "right"}
17. {"condition": "!g1 & x = 1 & y = 1", "action": "down"}
18. {"condition": "!g1 & x = 1 & y = 2", "action": "left"}
19. {"condition": "!g1 & x = 2 & y = 1", "action": "down"}
20. {"condition": "!g1 & x = 3 & y = 1", "action": "up"}
21. {"condition": "!g1 & x = 3 & y = 0", "action": "up"}
22. {"condition": "!g1 & x = 3 & y = 2", "action": "up"}
23. {"condition": "!g1 & x = 3 & y = 3", "action": "left"}
24. {"condition": "!g1 & x = 2 & y = 2", "action": "right"}
25. {"condition": "!g1 & x = 2 & y = 3", "action": "left"}
26. {"condition": "!g1 & x = 1 & y = 3", "action": "left"}
27. {"condition": "!g1 & x = 0 & y = 2", "action": "right"}
28. {"condition": "!g1 & x = 0 & y = 3", "action": "left"}
29. {"condition": "true", "action": "down"}
2026-09-23 23:00:14,430 - INFO - Results: goal1: best=1.0000 worst=1.0000, goal2: best=0.6859 worst=0.6859, goal3: best=0.8499 worst=0.8499, seq_1_before_2: best=0.9672 worst=0.9672, seq_2_before_3: best=0.1018 worst=0.1018, complete_sequence: best=0.0865 worst=0.0865, avoid_moving_seg1: best=0.9695 worst=0.9695, avoid_moving_seg2: best=0.6753 worst=0.6753, avoid_moving_seg3: best=0.3247 worst=0.3247
2026-09-23 23:00:14,430 - INFO - Score (5, 5, 1.9257754142636045, 1.9257761031407146) (no improvement, keeping best)
2026-09-23 23:00:14,431 - INFO - === Attempt 4/5 (initial) ===
You are an expert planner. Write a policy for the Markov decision process (MDP) below. Express it as an ordered list of symbolic rules over the state variables.

## Problem

An agent moves on a 4x4 grid. Its state is its cell (x = row, y = column; (0,0) is the top-left corner, x grows downward, y grows rightward) plus one flag per goal.

- The agent starts at (0,0) with every goal flag false.
- Goals must be visited in order: goal 1 at (1,1), then goal 2 at (3,1), then goal 3 at (0,1). Flag g1 becomes true when the agent enters goal 1's cell, and flag gk (k > 1) becomes true when it enters goal k's cell while g(k-1) is already true. Entering a goal's cell early, before its turn, violates the ordering requirements.
- Each step the agent picks an action (up, right, down or left). It moves in the chosen direction with probability 0.7, and slips 90 degrees to the left or right of it with probability 0.15 and 0.15. For example, choosing down means down 0.7, right 0.15, left 0.15.
- Moving off the grid leaves the agent where it is. Static obstacles at (3, 0) can never be entered: a move into one also leaves the agent where it is.
- A moving obstacle patrols the cells (3, 2) -> (3, 3) -> (2, 3) -> (3, 3) and then repeats, advancing one position per agent step. It starts at (3, 2). Its cells can be entered, but sharing a cell with the obstacle at the same time counts as a collision. The policy cannot observe where the obstacle currently is.
- The agent keeps moving after it reaches the last goal.

## Visual

```
    0 1 2 3   <- y (column)
 0  S 3 . .
 1  . 1 . .
 2  . . . M
 3  X 2 M M
 ^ x (row)

Legend: S = start (0,0), 1..3 = goals (visit in order), X = static obstacle, M = moving obstacle patrol path, . = free cell
```

## State variables your rules can use

- `x` (integer 0..3): agent row (0 = top)
- `y` (integer 0..3): agent column (0 = left)
- `g1` (boolean): true once goal 1 has been reached
- `g2` (boolean): true once goal 2 has been reached (only counts after goal 1)
- `g3` (boolean): true once goal 3 has been reached (only counts after goal 2)

## Actions

- `up`: move to (x-1, y), i.e. one row up
- `right`: move to (x, y+1), i.e. one column right
- `down`: move to (x+1, y), i.e. one row down
- `left`: move to (x, y-1), i.e. one column left

## Requirements

A probabilistic model checker (PRISM) verifies your policy against each requirement:
- `goal1`: The agent eventually reaches goal 1. Probability must be >= 0.8.
- `goal2`: The agent eventually reaches goal 2. Probability must be >= 0.8.
- `goal3`: The agent eventually reaches goal 3. Probability must be >= 0.8.
- `seq_1_before_2`: Goal 1 is visited before goal 2 is ever entered. Probability must be >= 0.8.
- `seq_2_before_3`: Goals 1, 2 are visited in order before goal 3 is ever entered. Probability must be >= 0.8.
- `complete_sequence`: All goals are visited in the correct order (all sequence requirements at once). Probability must be >= 0.8.
- `avoid_moving_seg1`: While heading to goal 1, the agent never shares a cell with the moving obstacle. Probability must be >= 0.7.
- `avoid_moving_seg2`: While heading to goal 2, the agent never shares a cell with the moving obstacle. Probability must be >= 0.7.
- `avoid_moving_seg3`: While heading to goal 3, the agent never shares a cell with the moving obstacle. Probability must be >= 0.7.

## How to write the policy

The policy is an ordered list of rules. Each rule has a `condition` (a boolean expression over the state variables) and an `action`. For any state, the **first** rule whose condition is true decides the action, so put specific exceptions before general rules.

- Conditions use the state variables above with `=`, `!=`, `<`, `<=`, `>`, `>=`, `+`, `-`, `&` (and), `|` (or), `!` (not) and parentheses. Booleans can be used directly (`g1`, `!g1`) or compared (`g1 = true`). `true` matches every state.
- Prefer a few general rules that describe a strategy over listing states one by one. List a single state only when it truly is an exception.
- A state that no rule matches is **uncovered**. The checker reports each requirement in the *best case* (uncovered states act in the most helpful way) and the *worst case* (they act in the most harmful way). The policy succeeds only if every requirement holds **in the worst case**, so make sure every state the agent can reach is covered, for example by ending with a `true -> ...` default.

Example rules for a different gridworld (not this one), in priority order:
```
{"condition": "x = 1 & y = 4", "action": "left"}
{"condition": "!g1 & x = 2 & y < 3", "action": "right"}
{"condition": "!g1 & y = 3", "action": "down"}
{"condition": "g1 & !g2 & x > 0", "action": "up"}
{"condition": "true", "action": "down"}
```
Rule 1 is a one-cell exception, so it comes before the general rules that also match that cell. Rule 2 moves right along row 2 before goal 1, rule 3 then goes down column 3, rule 4 heads up after goal 1, and the last rule is a catch-all default that covers every remaining state.

## Output

Return JSON: `{"rules": [{"condition": "...", "action": "..."}, ...]}`. Rules are in priority order (first match wins).

2026-09-23 23:00:51,372 - INFO - Candidate policy (47 rules):
1. {"condition": "g1 & !g2 & x = 1 & y = 1", "action": "right"}
2. {"condition": "g1 & !g2 & x = 1 & y = 2", "action": "down"}
3. {"condition": "g1 & !g2 & x = 2 & y = 2", "action": "down"}
4. {"condition": "g1 & !g2 & x = 3 & y = 2", "action": "right"}
5. {"condition": "g1 & !g2 & x = 3 & y = 3", "action": "down"}
6. {"condition": "g1 & !g2 & x = 2 & y = 3", "action": "left"}
7. {"condition": "g1 & !g2 & x = 3 & y = 1", "action": "down"}
8. {"condition": "g1 & !g2 & x = 2 & y = 1", "action": "down"}
9. {"condition": "g1 & !g2 & x = 1 & y = 1", "action": "right"}
10. {"condition": "g1 & !g2 & x = 3 & y = 1", "action": "down"}
11. {"condition": "g1 & !g2 & x = 2 & y = 1", "action": "down"}
12. {"condition": "g1 & !g2 & x = 1 & y = 2", "action": "down"}
13. {"condition": "g1 & !g2 & x = 1 & y = 3", "action": "down"}
14. {"condition": "g1 & !g2 & x = 0 & y = 1", "action": "down"}
15. {"condition": "!g1 & x = 0 & y = 0", "action": "right"}
16. {"condition": "!g1 & x = 0 & y = 1", "action": "down"}
17. {"condition": "!g1 & x = 1 & y = 1", "action": "down"}
18. {"condition": "g1 & !g2 & x = 3 & y = 2", "action": "right"}
19. {"condition": "g1 & !g2 & x = 3 & y = 3", "action": "down"}
20. {"condition": "g1 & !g2 & x = 2 & y = 3", "action": "left"}
21. {"condition": "g1 & !g2 & x = 3 & y = 1", "action": "down"}
22. {"condition": "g1 & !g2 & x = 2 & y = 1", "action": "down"}
23. {"condition": "g1 & !g2 & x = 1 & y = 1", "action": "right"}
24. {"condition": "g2 & !g3 & x = 3 & y = 1", "action": "left"}
25. {"condition": "g2 & !g3 & x = 3 & y = 0", "action": "left"}
26. {"condition": "g2 & !g3 & x = 2 & y = 0", "action": "left"}
27. {"condition": "g2 & !g3 & x = 1 & y = 0", "action": "left"}
28. {"condition": "g2 & !g3 & x = 0 & y = 0", "action": "left"}
29. {"condition": "g2 & !g3 & x = 0 & y = 1", "action": "down"}
30. {"condition": "g2 & !g3 & x = 1 & y = 1", "action": "down"}
31. {"condition": "g2 & !g3 & x = 2 & y = 1", "action": "down"}
32. {"condition": "g2 & !g3 & x = 3 & y = 1", "action": "left"}
33. {"condition": "g2 & !g3 & x = 3 & y = 2", "action": "left"}
34. {"condition": "g2 & !g3 & x = 3 & y = 3", "action": "left"}
35. {"condition": "g2 & !g3 & x = 2 & y = 3", "action": "left"}
36. {"condition": "g2 & !g3 & x = 1 & y = 3", "action": "down"}
37. {"condition": "g2 & !g3 & x = 0 & y = 3", "action": "down"}
38. {"condition": "g3 & x = 0 & y = 1", "action": "down"}
39. {"condition": "g3 & x = 1 & y = 1", "action": "down"}
40. {"condition": "g3 & x = 2 & y = 1", "action": "down"}
41. {"condition": "g3 & x = 3 & y = 1", "action": "left"}
42. {"condition": "g3 & x = 3 & y = 2", "action": "left"}
43. {"condition": "g3 & x = 3 & y = 3", "action": "left"}
44. {"condition": "g3 & x = 2 & y = 3", "action": "left"}
45. {"condition": "g3 & x = 1 & y = 3", "action": "down"}
46. {"condition": "g3 & x = 0 & y = 3", "action": "down"}
47. {"condition": "true", "action": "down"}
2026-09-23 23:00:52,779 - INFO - Results: goal1: best=0.7277 worst=0.7277, goal2: best=1.0000 worst=1.0000, goal3: best=0.8288 worst=0.8288, seq_1_before_2: best=0.7277 worst=0.7277, seq_2_before_3: best=0.0259 worst=0.0259, complete_sequence: best=0.0259 worst=0.0259, avoid_moving_seg1: best=0.7277 worst=0.7277, avoid_moving_seg2: best=0.4962 worst=0.4962, avoid_moving_seg3: best=0.8340 worst=0.8340
2026-09-23 23:00:52,779 - INFO - Score (5, 5, 1.8965951813065605, 1.896596611834692) (no improvement, keeping best)
2026-09-23 23:00:52,782 - INFO - === Attempt 5/5 (refine) ===
You are an expert planner, repairing a policy written as symbolic rules. Even in the **best case** (uncovered states choosing the most helpful action), some requirements fail, so some of the existing rules steer the agent badly. Fix them while keeping what already works.

## Problem

An agent moves on a 4x4 grid. Its state is its cell (x = row, y = column; (0,0) is the top-left corner, x grows downward, y grows rightward) plus one flag per goal.

- The agent starts at (0,0) with every goal flag false.
- Goals must be visited in order: goal 1 at (1,1), then goal 2 at (3,1), then goal 3 at (0,1). Flag g1 becomes true when the agent enters goal 1's cell, and flag gk (k > 1) becomes true when it enters goal k's cell while g(k-1) is already true. Entering a goal's cell early, before its turn, violates the ordering requirements.
- Each step the agent picks an action (up, right, down or left). It moves in the chosen direction with probability 0.7, and slips 90 degrees to the left or right of it with probability 0.15 and 0.15. For example, choosing down means down 0.7, right 0.15, left 0.15.
- Moving off the grid leaves the agent where it is. Static obstacles at (3, 0) can never be entered: a move into one also leaves the agent where it is.
- A moving obstacle patrols the cells (3, 2) -> (3, 3) -> (2, 3) -> (3, 3) and then repeats, advancing one position per agent step. It starts at (3, 2). Its cells can be entered, but sharing a cell with the obstacle at the same time counts as a collision. The policy cannot observe where the obstacle currently is.
- The agent keeps moving after it reaches the last goal.

## Visual

```
    0 1 2 3   <- y (column)
 0  S 3 . .
 1  . 1 . .
 2  . . . M
 3  X 2 M M
 ^ x (row)

Legend: S = start (0,0), 1..3 = goals (visit in order), X = static obstacle, M = moving obstacle patrol path, . = free cell
```

## State variables your rules can use

- `x` (integer 0..3): agent row (0 = top)
- `y` (integer 0..3): agent column (0 = left)
- `g1` (boolean): true once goal 1 has been reached
- `g2` (boolean): true once goal 2 has been reached (only counts after goal 1)
- `g3` (boolean): true once goal 3 has been reached (only counts after goal 2)

## Actions

- `up`: move to (x-1, y), i.e. one row up
- `right`: move to (x, y+1), i.e. one column right
- `down`: move to (x+1, y), i.e. one row down
- `left`: move to (x, y-1), i.e. one column left

## Requirements

A probabilistic model checker (PRISM) verifies your policy against each requirement:
- `goal1`: The agent eventually reaches goal 1. Probability must be >= 0.8.
- `goal2`: The agent eventually reaches goal 2. Probability must be >= 0.8.
- `goal3`: The agent eventually reaches goal 3. Probability must be >= 0.8.
- `seq_1_before_2`: Goal 1 is visited before goal 2 is ever entered. Probability must be >= 0.8.
- `seq_2_before_3`: Goals 1, 2 are visited in order before goal 3 is ever entered. Probability must be >= 0.8.
- `complete_sequence`: All goals are visited in the correct order (all sequence requirements at once). Probability must be >= 0.8.
- `avoid_moving_seg1`: While heading to goal 1, the agent never shares a cell with the moving obstacle. Probability must be >= 0.7.
- `avoid_moving_seg2`: While heading to goal 2, the agent never shares a cell with the moving obstacle. Probability must be >= 0.7.
- `avoid_moving_seg3`: While heading to goal 3, the agent never shares a cell with the moving obstacle. Probability must be >= 0.7.

## How to write the policy

The policy is an ordered list of rules. Each rule has a `condition` (a boolean expression over the state variables) and an `action`. For any state, the **first** rule whose condition is true decides the action, so put specific exceptions before general rules.

- Conditions use the state variables above with `=`, `!=`, `<`, `<=`, `>`, `>=`, `+`, `-`, `&` (and), `|` (or), `!` (not) and parentheses. Booleans can be used directly (`g1`, `!g1`) or compared (`g1 = true`). `true` matches every state.
- Prefer a few general rules that describe a strategy over listing states one by one. List a single state only when it truly is an exception.
- A state that no rule matches is **uncovered**. The checker reports each requirement in the *best case* (uncovered states act in the most helpful way) and the *worst case* (they act in the most harmful way). The policy succeeds only if every requirement holds **in the worst case**, so make sure every state the agent can reach is covered, for example by ending with a `true -> ...` default.

Example rules for a different gridworld (not this one), in priority order:
```
{"condition": "x = 1 & y = 4", "action": "left"}
{"condition": "!g1 & x = 2 & y < 3", "action": "right"}
{"condition": "!g1 & y = 3", "action": "down"}
{"condition": "g1 & !g2 & x > 0", "action": "up"}
{"condition": "true", "action": "down"}
```
Rule 1 is a one-cell exception, so it comes before the general rules that also match that cell. Rule 2 moves right along row 2 before goal 1, rule 3 then goes down column 3, rule 4 heads up after goal 1, and the last rule is a catch-all default that covers every remaining state.

## Your current rules

```
1. {"condition": "g1 & g2 & g3", "action": "down"}
2. {"condition": "g1 & g2 & !g3 & x = 0 & y = 1", "action": "down"}
3. {"condition": "g1 & g2 & !g3 & x = 1 & y = 1", "action": "down"}
4. {"condition": "g1 & g2 & !g3 & x = 2 & y = 1", "action": "down"}
5. {"condition": "g1 & g2 & !g3 & x = 3 & y = 1", "action": "down"}
6. {"condition": "g1 & g2 & !g3", "action": "down"}
7. {"condition": "g1 & !g2 & x = 3 & y = 1", "action": "down"}
8. {"condition": "g1 & !g2 & x = 2 & y = 1", "action": "down"}
9. {"condition": "g1 & !g2 & x = 1 & y = 1", "action": "down"}
10. {"condition": "g1 & !g2 & x = 0 & y = 1", "action": "down"}
11. {"condition": "g1 & !g2", "action": "down"}
12. {"condition": "!g1 & x = 1 & y = 1", "action": "down"}
13. {"condition": "!g1 & x = 0 & y = 1", "action": "down"}
14. {"condition": "!g1 & x = 0 & y = 0", "action": "right"}
15. {"condition": "!g1 & x = 0 & y = 1", "action": "down"}
16. {"condition": "!g1 & x = 1 & y = 0", "action": "right"}
17. {"condition": "!g1 & x = 1 & y = 1", "action": "down"}
18. {"condition": "!g1 & x = 1 & y = 2", "action": "left"}
19. {"condition": "!g1 & x = 2 & y = 1", "action": "down"}
20. {"condition": "!g1 & x = 3 & y = 1", "action": "up"}
21. {"condition": "!g1 & x = 3 & y = 0", "action": "up"}
22. {"condition": "!g1 & x = 3 & y = 2", "action": "up"}
23. {"condition": "!g1 & x = 3 & y = 3", "action": "up"}
24. {"condition": "!g1 & x = 2 & y = 2", "action": "down"}
25. {"condition": "!g1 & x = 2 & y = 3", "action": "down"}
26. {"condition": "!g1 & x = 1 & y = 3", "action": "down"}
27. {"condition": "!g1 & x = 0 & y = 2", "action": "right"}
28. {"condition": "!g1 & x = 0 & y = 3", "action": "right"}
29. {"condition": "true", "action": "down"}
```

The rules cover 27 of the 27 reachable situations (combinations of the state variables); 0 are uncovered.

## Verification results

| requirement | best case | worst case | needed | status |
|---|---|---|---|---|
| `goal1` | 0.8579 | 0.8579 | >= 0.8 | ok |
| `goal2` | 1.0000 | 1.0000 | >= 0.8 | ok |
| `goal3` | 0.8459 | 0.8459 | >= 0.8 | ok |
| `seq_1_before_2` | 0.8579 | 0.8579 | >= 0.8 | ok |
| `seq_2_before_3` | 0.1269 | 0.1269 | >= 0.8 | FAILS even in best case |
| `complete_sequence` | 0.1269 | 0.1269 | >= 0.8 | FAILS even in best case |
| `avoid_moving_seg1` | 0.8579 | 0.8579 | >= 0.7 | ok |
| `avoid_moving_seg2` | 0.8298 | 0.8298 | >= 0.7 | ok |
| `avoid_moving_seg3` | 0.1421 | 0.1421 | >= 0.7 | FAILS even in best case |

## Where probability is lost

Share of the lost probability mass (expected time spent in a state, times the probability still at stake there), by the rule that decides the state, for the failing requirements (seq_2_before_3, complete_sequence, avoid_moving_seg3):
- 53%: rule 6 `g1 & g2 & !g3 (action down)`. Most in: x=3 & y=2 & g1=true & g2=true & g3=false; x=3 & y=3 & g1=true & g2=true & g3=false
- 25%: rule 5 `g1 & g2 & !g3 & x = 3 & y = 1 (action down)`. Most in: x=3 & y=1 & g1=true & g2=true & g3=false
- 7%: rule 11 `g1 & !g2 (action down)`. Most in: x=3 & y=3 & g1=true & g2=false & g3=false; x=2 & y=0 & g1=true & g2=false & g3=false; x=3 & y=2 & g1=true & g2=false & g3=false
- 2%: rule 25 `!g1 & x = 2 & y = 3 (action down)`. Most in: x=2 & y=3 & g1=false & g2=false & g3=false
- 2%: rule 23 `!g1 & x = 3 & y = 3 (action up)`. Most in: x=3 & y=3 & g1=false & g2=false & g3=false
- 2%: rule 24 `!g1 & x = 2 & y = 2 (action down)`. Most in: x=2 & y=2 & g1=false & g2=false & g3=false
- 2%: rule 14 `!g1 & x = 0 & y = 0 (action right)`. Most in: x=0 & y=0 & g1=false & g2=false & g3=false
- 2%: rule 22 `!g1 & x = 3 & y = 2 (action up)`. Most in: x=3 & y=2 & g1=false & g2=false & g3=false
- 2%: rule 29 `true (action down)`. Most in: x=2 & y=0 & g1=false & g2=false & g3=false
- 1%: rule 19 `!g1 & x = 2 & y = 1 (action down)`. Most in: x=2 & y=1 & g1=false & g2=false & g3=false

## Task

Rewrite the rule list to fix the failing requirements. You may change, reorder, delete or add rules. Return the **complete** new rule list as JSON: `{"rules": [{"condition": "...", "action": "..."}, ...]}`.

2026-09-23 23:01:17,120 - INFO - Candidate policy (29 rules):
1. {"condition": "g1 & g2 & g3", "action": "down"}
2. {"condition": "g1 & g2 & !g3 & x = 0 & y = 1", "action": "down"}
3. {"condition": "g1 & g2 & !g3 & x = 1 & y = 1", "action": "down"}
4. {"condition": "g1 & g2 & !g3 & x = 2 & y = 1", "action": "down"}
5. {"condition": "g1 & g2 & !g3 & x = 3 & y = 1", "action": "down"}
6. {"condition": "g1 & g2 & !g3", "action": "right"}
7. {"condition": "g1 & !g2 & x = 3 & y = 1", "action": "down"}
8. {"condition": "g1 & !g2 & x = 2 & y = 1", "action": "down"}
9. {"condition": "g1 & !g2 & x = 1 & y = 1", "action": "down"}
10. {"condition": "g1 & !g2 & x = 0 & y = 1", "action": "down"}
11. {"condition": "g1 & !g2", "action": "right"}
12. {"condition": "!g1 & x = 1 & y = 1", "action": "down"}
13. {"condition": "!g1 & x = 0 & y = 1", "action": "down"}
14. {"condition": "!g1 & x = 0 & y = 0", "action": "right"}
15. {"condition": "!g1 & x = 0 & y = 1", "action": "down"}
16. {"condition": "!g1 & x = 1 & y = 0", "action": "right"}
17. {"condition": "!g1 & x = 1 & y = 1", "action": "down"}
18. {"condition": "!g1 & x = 1 & y = 2", "action": "left"}
19. {"condition": "!g1 & x = 2 & y = 1", "action": "down"}
20. {"condition": "!g1 & x = 3 & y = 1", "action": "up"}
21. {"condition": "!g1 & x = 3 & y = 0", "action": "up"}
22. {"condition": "!g1 & x = 3 & y = 2", "action": "up"}
23. {"condition": "!g1 & x = 3 & y = 3", "action": "left"}
24. {"condition": "!g1 & x = 2 & y = 2", "action": "down"}
25. {"condition": "!g1 & x = 2 & y = 3", "action": "left"}
26. {"condition": "!g1 & x = 1 & y = 3", "action": "left"}
27. {"condition": "!g1 & x = 0 & y = 2", "action": "right"}
28. {"condition": "!g1 & x = 0 & y = 3", "action": "left"}
29. {"condition": "true", "action": "down"}
2026-09-23 23:01:18,475 - INFO - Results: goal1: best=1.0000 worst=1.0000, goal2: best=0.6957 worst=0.6957, goal3: best=0.8499 worst=0.8499, seq_1_before_2: best=0.9371 worst=0.9371, seq_2_before_3: best=0.1018 worst=0.1018, complete_sequence: best=0.0841 worst=0.0841, avoid_moving_seg1: best=0.9403 worst=0.9403, avoid_moving_seg2: best=0.6753 worst=0.6753, avoid_moving_seg3: best=0.3248 worst=0.3248
2026-09-23 23:01:18,475 - INFO - Score (5, 5, 1.9183744737332815, 1.9183825093325568) (no improvement, keeping best)
