2026-09-23 22:58:54,637 - INFO - Unconstrained optimum per requirement: {'goal1': 1.0, 'goal2': 1.0, 'goal3': 1.0, 'seq_1_before_2': 1.0, 'seq_2_before_3': 1.0, 'complete_sequence': 1.0, 'avoid_moving_seg1': 1.0, 'avoid_moving_seg2': 1.0, 'avoid_moving_seg3': 1.0}
2026-09-23 22:58:54,641 - INFO - === Attempt 1/5 (initial) ===
You are an expert planner. Write a policy for the Markov decision process (MDP) below. Express it as an ordered list of symbolic rules over the state variables.

## Problem

An agent moves on a 4x4 grid. Its state is its cell (x = row, y = column; (0,0) is the top-left corner, x grows downward, y grows rightward) plus one flag per goal.

- The agent starts at (0,0) with every goal flag false.
- Goals must be visited in order: goal 1 at (0,1), then goal 2 at (3,0), then goal 3 at (1,1). Flag g1 becomes true when the agent enters goal 1's cell, and flag gk (k > 1) becomes true when it enters goal k's cell while g(k-1) is already true. Entering a goal's cell early, before its turn, violates the ordering requirements.
- Each step the agent picks an action (up, right, down or left). It moves in the chosen direction with probability 0.7, and slips 90 degrees to the left or right of it with probability 0.15 and 0.15. For example, choosing down means down 0.7, right 0.15, left 0.15.
- Moving off the grid leaves the agent where it is. Static obstacles at (2, 2), (3, 1) can never be entered: a move into one also leaves the agent where it is.
- A moving obstacle patrols the cells (0, 2) -> (1, 2) -> (1, 3) -> (0, 3) -> (1, 3) -> (1, 2) and then repeats, advancing one position per agent step. It starts at (0, 2). Its cells can be entered, but sharing a cell with the obstacle at the same time counts as a collision. The policy cannot observe where the obstacle currently is.
- The agent keeps moving after it reaches the last goal.

## Visual

```
    0 1 2 3   <- y (column)
 0  S 1 M M
 1  . 3 M M
 2  . . X .
 3  2 X . .
 ^ x (row)

Legend: S = start (0,0), 1..3 = goals (visit in order), X = static obstacle, M = moving obstacle patrol path, . = free cell
```

## State variables your rules can use

- `x` (integer 0..3): agent row (0 = top)
- `y` (integer 0..3): agent column (0 = left)
- `g1` (boolean): true once goal 1 has been reached
- `g2` (boolean): true once goal 2 has been reached (only counts after goal 1)
- `g3` (boolean): true once goal 3 has been reached (only counts after goal 2)

## Actions

- `up`: move to (x-1, y), i.e. one row up
- `right`: move to (x, y+1), i.e. one column right
- `down`: move to (x+1, y), i.e. one row down
- `left`: move to (x, y-1), i.e. one column left

## Requirements

A probabilistic model checker (PRISM) verifies your policy against each requirement:
- `goal1`: The agent eventually reaches goal 1. Probability must be >= 0.8.
- `goal2`: The agent eventually reaches goal 2. Probability must be >= 0.8.
- `goal3`: The agent eventually reaches goal 3. Probability must be >= 0.8.
- `seq_1_before_2`: Goal 1 is visited before goal 2 is ever entered. Probability must be >= 0.8.
- `seq_2_before_3`: Goals 1, 2 are visited in order before goal 3 is ever entered. Probability must be >= 0.8.
- `complete_sequence`: All goals are visited in the correct order (all sequence requirements at once). Probability must be >= 0.8.
- `avoid_moving_seg1`: While heading to goal 1, the agent never shares a cell with the moving obstacle. Probability must be >= 0.7.
- `avoid_moving_seg2`: While heading to goal 2, the agent never shares a cell with the moving obstacle. Probability must be >= 0.7.
- `avoid_moving_seg3`: While heading to goal 3, the agent never shares a cell with the moving obstacle. Probability must be >= 0.7.

## How to write the policy

The policy is an ordered list of rules. Each rule has a `condition` (a boolean expression over the state variables) and an `action`. For any state, the **first** rule whose condition is true decides the action, so put specific exceptions before general rules.

- Conditions use the state variables above with `=`, `!=`, `<`, `<=`, `>`, `>=`, `+`, `-`, `&` (and), `|` (or), `!` (not) and parentheses. Booleans can be used directly (`g1`, `!g1`) or compared (`g1 = true`). `true` matches every state.
- Prefer a few general rules that describe a strategy over listing states one by one. List a single state only when it truly is an exception.
- A state that no rule matches is **uncovered**. The checker reports each requirement in the *best case* (uncovered states act in the most helpful way) and the *worst case* (they act in the most harmful way). The policy succeeds only if every requirement holds **in the worst case**, so make sure every state the agent can reach is covered, for example by ending with a `true -> ...` default.

Example rules for a different gridworld (not this one), in priority order:
```
{"condition": "x = 1 & y = 4", "action": "left"}
{"condition": "!g1 & x = 2 & y < 3", "action": "right"}
{"condition": "!g1 & y = 3", "action": "down"}
{"condition": "g1 & !g2 & x > 0", "action": "up"}
{"condition": "true", "action": "down"}
```
Rule 1 is a one-cell exception, so it comes before the general rules that also match that cell. Rule 2 moves right along row 2 before goal 1, rule 3 then goes down column 3, rule 4 heads up after goal 1, and the last rule is a catch-all default that covers every remaining state.

## Output

Return JSON: `{"rules": [{"condition": "...", "action": "..."}, ...]}`. Rules are in priority order (first match wins).

2026-09-23 22:59:06,148 - INFO - Candidate policy (21 rules):
1. {"condition": "x = 0 & y = 1 & !g1", "action": "right"}
2. {"condition": "x = 3 & y = 0 & !g2", "action": "up"}
3. {"condition": "x = 1 & y = 1 & g1 & !g2 & !g3", "action": "right"}
4. {"condition": "x = 0 & y = 2 & !g1", "action": "up"}
5. {"condition": "x = 1 & y = 2 & !g1", "action": "up"}
6. {"condition": "x = 1 & y = 3 & !g1", "action": "up"}
7. {"condition": "x = 0 & y = 3 & !g1", "action": "down"}
8. {"condition": "x = 0 & y = 2 & g1 & !g2", "action": "down"}
9. {"condition": "x = 1 & y = 2 & g1 & !g2", "action": "down"}
10. {"condition": "x = 1 & y = 3 & g1 & !g2", "action": "left"}
11. {"condition": "x = 0 & y = 3 & g1 & !g2", "action": "left"}
12. {"condition": "x = 3 & y = 0 & g2 & !g3", "action": "right"}
13. {"condition": "x = 1 & y = 1 & g2 & !g3", "action": "right"}
14. {"condition": "x = 1 & y = 2 & g2 & !g3", "action": "right"}
15. {"condition": "x = 1 & y = 3 & g2 & !g3", "action": "down"}
16. {"condition": "x = 2 & y = 3 & g2 & !g3", "action": "down"}
17. {"condition": "x = 3 & y = 3 & g2 & !g3", "action": "left"}
18. {"condition": "x = 3 & y = 2 & g2 & !g3", "action": "left"}
19. {"condition": "x = 2 & y = 2", "action": "up"}
20. {"condition": "x = 3 & y = 1", "action": "up"}
21. {"condition": "true", "action": "down"}
2026-09-23 22:59:07,509 - INFO - Results: goal1: best=0.1945 worst=0.1945, goal2: best=0.9350 worst=0.9350, goal3: best=0.2996 worst=0.2996, seq_1_before_2: best=0.1945 worst=0.1945, seq_2_before_3: best=0.0190 worst=0.0190, complete_sequence: best=0.0190 worst=0.0190, avoid_moving_seg1: best=0.9845 worst=0.9845, avoid_moving_seg2: best=0.8633 worst=0.8633, avoid_moving_seg3: best=1.0000 worst=1.0000
2026-09-23 22:59:07,509 - INFO - Score (5, 5, 3.2733155554313984, 3.273315555431407) (new best)
2026-09-23 22:59:07,518 - INFO - === Attempt 2/5 (refine) ===
You are an expert planner, repairing a policy written as symbolic rules. Even in the **best case** (uncovered states choosing the most helpful action), some requirements fail, so some of the existing rules steer the agent badly. Fix them while keeping what already works.

## Problem

An agent moves on a 4x4 grid. Its state is its cell (x = row, y = column; (0,0) is the top-left corner, x grows downward, y grows rightward) plus one flag per goal.

- The agent starts at (0,0) with every goal flag false.
- Goals must be visited in order: goal 1 at (0,1), then goal 2 at (3,0), then goal 3 at (1,1). Flag g1 becomes true when the agent enters goal 1's cell, and flag gk (k > 1) becomes true when it enters goal k's cell while g(k-1) is already true. Entering a goal's cell early, before its turn, violates the ordering requirements.
- Each step the agent picks an action (up, right, down or left). It moves in the chosen direction with probability 0.7, and slips 90 degrees to the left or right of it with probability 0.15 and 0.15. For example, choosing down means down 0.7, right 0.15, left 0.15.
- Moving off the grid leaves the agent where it is. Static obstacles at (2, 2), (3, 1) can never be entered: a move into one also leaves the agent where it is.
- A moving obstacle patrols the cells (0, 2) -> (1, 2) -> (1, 3) -> (0, 3) -> (1, 3) -> (1, 2) and then repeats, advancing one position per agent step. It starts at (0, 2). Its cells can be entered, but sharing a cell with the obstacle at the same time counts as a collision. The policy cannot observe where the obstacle currently is.
- The agent keeps moving after it reaches the last goal.

## Visual

```
    0 1 2 3   <- y (column)
 0  S 1 M M
 1  . 3 M M
 2  . . X .
 3  2 X . .
 ^ x (row)

Legend: S = start (0,0), 1..3 = goals (visit in order), X = static obstacle, M = moving obstacle patrol path, . = free cell
```

## State variables your rules can use

- `x` (integer 0..3): agent row (0 = top)
- `y` (integer 0..3): agent column (0 = left)
- `g1` (boolean): true once goal 1 has been reached
- `g2` (boolean): true once goal 2 has been reached (only counts after goal 1)
- `g3` (boolean): true once goal 3 has been reached (only counts after goal 2)

## Actions

- `up`: move to (x-1, y), i.e. one row up
- `right`: move to (x, y+1), i.e. one column right
- `down`: move to (x+1, y), i.e. one row down
- `left`: move to (x, y-1), i.e. one column left

## Requirements

A probabilistic model checker (PRISM) verifies your policy against each requirement:
- `goal1`: The agent eventually reaches goal 1. Probability must be >= 0.8.
- `goal2`: The agent eventually reaches goal 2. Probability must be >= 0.8.
- `goal3`: The agent eventually reaches goal 3. Probability must be >= 0.8.
- `seq_1_before_2`: Goal 1 is visited before goal 2 is ever entered. Probability must be >= 0.8.
- `seq_2_before_3`: Goals 1, 2 are visited in order before goal 3 is ever entered. Probability must be >= 0.8.
- `complete_sequence`: All goals are visited in the correct order (all sequence requirements at once). Probability must be >= 0.8.
- `avoid_moving_seg1`: While heading to goal 1, the agent never shares a cell with the moving obstacle. Probability must be >= 0.7.
- `avoid_moving_seg2`: While heading to goal 2, the agent never shares a cell with the moving obstacle. Probability must be >= 0.7.
- `avoid_moving_seg3`: While heading to goal 3, the agent never shares a cell with the moving obstacle. Probability must be >= 0.7.

## How to write the policy

The policy is an ordered list of rules. Each rule has a `condition` (a boolean expression over the state variables) and an `action`. For any state, the **first** rule whose condition is true decides the action, so put specific exceptions before general rules.

- Conditions use the state variables above with `=`, `!=`, `<`, `<=`, `>`, `>=`, `+`, `-`, `&` (and), `|` (or), `!` (not) and parentheses. Booleans can be used directly (`g1`, `!g1`) or compared (`g1 = true`). `true` matches every state.
- Prefer a few general rules that describe a strategy over listing states one by one. List a single state only when it truly is an exception.
- A state that no rule matches is **uncovered**. The checker reports each requirement in the *best case* (uncovered states act in the most helpful way) and the *worst case* (they act in the most harmful way). The policy succeeds only if every requirement holds **in the worst case**, so make sure every state the agent can reach is covered, for example by ending with a `true -> ...` default.

Example rules for a different gridworld (not this one), in priority order:
```
{"condition": "x = 1 & y = 4", "action": "left"}
{"condition": "!g1 & x = 2 & y < 3", "action": "right"}
{"condition": "!g1 & y = 3", "action": "down"}
{"condition": "g1 & !g2 & x > 0", "action": "up"}
{"condition": "true", "action": "down"}
```
Rule 1 is a one-cell exception, so it comes before the general rules that also match that cell. Rule 2 moves right along row 2 before goal 1, rule 3 then goes down column 3, rule 4 heads up after goal 1, and the last rule is a catch-all default that covers every remaining state.

## Your current rules

```
1. {"condition": "x = 0 & y = 1 & !g1", "action": "right"}
2. {"condition": "x = 3 & y = 0 & !g2", "action": "up"}
3. {"condition": "x = 1 & y = 1 & g1 & !g2 & !g3", "action": "right"}
4. {"condition": "x = 0 & y = 2 & !g1", "action": "up"}
5. {"condition": "x = 1 & y = 2 & !g1", "action": "up"}
6. {"condition": "x = 1 & y = 3 & !g1", "action": "up"}
7. {"condition": "x = 0 & y = 3 & !g1", "action": "down"}
8. {"condition": "x = 0 & y = 2 & g1 & !g2", "action": "down"}
9. {"condition": "x = 1 & y = 2 & g1 & !g2", "action": "down"}
10. {"condition": "x = 1 & y = 3 & g1 & !g2", "action": "left"}
11. {"condition": "x = 0 & y = 3 & g1 & !g2", "action": "left"}
12. {"condition": "x = 3 & y = 0 & g2 & !g3", "action": "right"}
13. {"condition": "x = 1 & y = 1 & g2 & !g3", "action": "right"}
14. {"condition": "x = 1 & y = 2 & g2 & !g3", "action": "right"}
15. {"condition": "x = 1 & y = 3 & g2 & !g3", "action": "down"}
16. {"condition": "x = 2 & y = 3 & g2 & !g3", "action": "down"}
17. {"condition": "x = 3 & y = 3 & g2 & !g3", "action": "left"}
18. {"condition": "x = 3 & y = 2 & g2 & !g3", "action": "left"}
19. {"condition": "x = 2 & y = 2", "action": "up"}
20. {"condition": "x = 3 & y = 1", "action": "up"}
21. {"condition": "true", "action": "down"}
```

The rules cover 26 of the 26 reachable situations (combinations of the state variables); 0 are uncovered.

## Verification results

| requirement | best case | worst case | needed | status |
|---|---|---|---|---|
| `goal1` | 0.1945 | 0.1945 | >= 0.8 | FAILS even in best case |
| `goal2` | 0.9350 | 0.9350 | >= 0.8 | ok |
| `goal3` | 0.2996 | 0.2996 | >= 0.8 | FAILS even in best case |
| `seq_1_before_2` | 0.1945 | 0.1945 | >= 0.8 | FAILS even in best case |
| `seq_2_before_3` | 0.0190 | 0.0190 | >= 0.8 | FAILS even in best case |
| `complete_sequence` | 0.0190 | 0.0190 | >= 0.8 | FAILS even in best case |
| `avoid_moving_seg1` | 0.9845 | 0.9845 | >= 0.7 | ok |
| `avoid_moving_seg2` | 0.8633 | 0.8633 | >= 0.7 | ok |
| `avoid_moving_seg3` | 1.0000 | 1.0000 | >= 0.7 | ok |

## Where probability is lost

Share of the lost probability mass (expected time spent in a state, times the probability still at stake there), by the rule that decides the state, for the failing requirements (goal1, goal3, seq_1_before_2, seq_2_before_3, complete_sequence):
- 74%: rule 21 `true (action down)`. Most in: x=2 & y=0 & g1=false & g2=false & g3=false; x=2 & y=1 & g1=false & g2=false & g3=false; x=3 & y=3 & g1=true & g2=false & g3=false
- 19%: rule 2 `x = 3 & y = 0 & !g2 (action up)`. Most in: x=3 & y=0 & g1=false & g2=false & g3=false
- 5%: rule 12 `x = 3 & y = 0 & g2 & !g3 (action right)`. Most in: x=3 & y=0 & g1=true & g2=true & g3=false
- 2%: rule 9 `x = 1 & y = 2 & g1 & !g2 (action down)`. Most in: x=1 & y=2 & g1=true & g2=false & g3=false
- 0%: rule 10 `x = 1 & y = 3 & g1 & !g2 (action left)`. Most in: x=1 & y=3 & g1=true & g2=false & g3=false
- 0%: rule 3 `x = 1 & y = 1 & g1 & !g2 & !g3 (action right)`. Most in: x=1 & y=1 & g1=true & g2=false & g3=false
- 0%: rule 8 `x = 0 & y = 2 & g1 & !g2 (action down)`. Most in: x=0 & y=2 & g1=true & g2=false & g3=false
- 0%: rule 11 `x = 0 & y = 3 & g1 & !g2 (action left)`. Most in: x=0 & y=3 & g1=true & g2=false & g3=false
- 0%: rule 4 `x = 0 & y = 2 & !g1 (action up)`. Most in: x=0 & y=2 & g1=false & g2=false & g3=false
- 0%: rule 7 `x = 0 & y = 3 & !g1 (action down)`. Most in: x=0 & y=3 & g1=false & g2=false & g3=false

## Task

Rewrite the rule list to fix the failing requirements. You may change, reorder, delete or add rules. Return the **complete** new rule list as JSON: `{"rules": [{"condition": "...", "action": "..."}, ...]}`.

2026-09-23 22:59:34,334 - INFO - Candidate policy (28 rules):
1. {"condition": "x = 0 & y = 1 & !g1", "action": "right"}
2. {"condition": "x = 3 & y = 0 & !g2", "action": "up"}
3. {"condition": "x = 1 & y = 1 & g1 & !g2 & !g3", "action": "right"}
4. {"condition": "x = 0 & y = 2 & !g1", "action": "up"}
5. {"condition": "x = 1 & y = 2 & !g1", "action": "up"}
6. {"condition": "x = 1 & y = 3 & !g1", "action": "up"}
7. {"condition": "x = 0 & y = 3 & !g1", "action": "down"}
8. {"condition": "x = 0 & y = 2 & g1 & !g2", "action": "down"}
9. {"condition": "x = 1 & y = 2 & g1 & !g2", "action": "down"}
10. {"condition": "x = 1 & y = 3 & g1 & !g2", "action": "left"}
11. {"condition": "x = 0 & y = 3 & g1 & !g2", "action": "left"}
12. {"condition": "x = 3 & y = 0 & g2 & !g3", "action": "right"}
13. {"condition": "x = 1 & y = 1 & g2 & !g3", "action": "right"}
14. {"condition": "x = 1 & y = 2 & g2 & !g3", "action": "right"}
15. {"condition": "x = 1 & y = 3 & g2 & !g3", "action": "down"}
16. {"condition": "x = 2 & y = 3 & g2 & !g3", "action": "down"}
17. {"condition": "x = 3 & y = 3 & g2 & !g3", "action": "left"}
18. {"condition": "x = 3 & y = 2 & g2 & !g3", "action": "left"}
19. {"condition": "x = 2 & y = 2", "action": "up"}
20. {"condition": "x = 3 & y = 1", "action": "up"}
21. {"condition": "x = 2 & y = 0 & !g1", "action": "down"}
22. {"condition": "x = 2 & y = 1 & !g1", "action": "down"}
23. {"condition": "x = 3 & y = 3 & g1 & !g2", "action": "up"}
24. {"condition": "x = 2 & y = 3 & g1 & !g2", "action": "up"}
25. {"condition": "x = 1 & y = 2 & g1 & !g2", "action": "right"}
26. {"condition": "x = 0 & y = 2 & g1 & !g2", "action": "right"}
27. {"condition": "x = 0 & y = 3 & g1 & !g2", "action": "right"}
28. {"condition": "true", "action": "down"}
2026-09-23 22:59:35,726 - INFO - Results: goal1: best=0.1945 worst=0.1945, goal2: best=1.0000 worst=1.0000, goal3: best=0.3028 worst=0.3028, seq_1_before_2: best=0.1945 worst=0.1945, seq_2_before_3: best=0.0190 worst=0.0190, complete_sequence: best=0.0190 worst=0.0190, avoid_moving_seg1: best=0.9845 worst=0.9845, avoid_moving_seg2: best=0.8605 worst=0.8605, avoid_moving_seg3: best=1.0000 worst=1.0000
2026-09-23 22:59:35,726 - INFO - Score (5, 5, 3.270135956322846, 3.2701359563293106) (new best)
2026-09-23 22:59:35,733 - INFO - === Attempt 3/5 (refine) ===
You are an expert planner, repairing a policy written as symbolic rules. Even in the **best case** (uncovered states choosing the most helpful action), some requirements fail, so some of the existing rules steer the agent badly. Fix them while keeping what already works.

## Problem

An agent moves on a 4x4 grid. Its state is its cell (x = row, y = column; (0,0) is the top-left corner, x grows downward, y grows rightward) plus one flag per goal.

- The agent starts at (0,0) with every goal flag false.
- Goals must be visited in order: goal 1 at (0,1), then goal 2 at (3,0), then goal 3 at (1,1). Flag g1 becomes true when the agent enters goal 1's cell, and flag gk (k > 1) becomes true when it enters goal k's cell while g(k-1) is already true. Entering a goal's cell early, before its turn, violates the ordering requirements.
- Each step the agent picks an action (up, right, down or left). It moves in the chosen direction with probability 0.7, and slips 90 degrees to the left or right of it with probability 0.15 and 0.15. For example, choosing down means down 0.7, right 0.15, left 0.15.
- Moving off the grid leaves the agent where it is. Static obstacles at (2, 2), (3, 1) can never be entered: a move into one also leaves the agent where it is.
- A moving obstacle patrols the cells (0, 2) -> (1, 2) -> (1, 3) -> (0, 3) -> (1, 3) -> (1, 2) and then repeats, advancing one position per agent step. It starts at (0, 2). Its cells can be entered, but sharing a cell with the obstacle at the same time counts as a collision. The policy cannot observe where the obstacle currently is.
- The agent keeps moving after it reaches the last goal.

## Visual

```
    0 1 2 3   <- y (column)
 0  S 1 M M
 1  . 3 M M
 2  . . X .
 3  2 X . .
 ^ x (row)

Legend: S = start (0,0), 1..3 = goals (visit in order), X = static obstacle, M = moving obstacle patrol path, . = free cell
```

## State variables your rules can use

- `x` (integer 0..3): agent row (0 = top)
- `y` (integer 0..3): agent column (0 = left)
- `g1` (boolean): true once goal 1 has been reached
- `g2` (boolean): true once goal 2 has been reached (only counts after goal 1)
- `g3` (boolean): true once goal 3 has been reached (only counts after goal 2)

## Actions

- `up`: move to (x-1, y), i.e. one row up
- `right`: move to (x, y+1), i.e. one column right
- `down`: move to (x+1, y), i.e. one row down
- `left`: move to (x, y-1), i.e. one column left

## Requirements

A probabilistic model checker (PRISM) verifies your policy against each requirement:
- `goal1`: The agent eventually reaches goal 1. Probability must be >= 0.8.
- `goal2`: The agent eventually reaches goal 2. Probability must be >= 0.8.
- `goal3`: The agent eventually reaches goal 3. Probability must be >= 0.8.
- `seq_1_before_2`: Goal 1 is visited before goal 2 is ever entered. Probability must be >= 0.8.
- `seq_2_before_3`: Goals 1, 2 are visited in order before goal 3 is ever entered. Probability must be >= 0.8.
- `complete_sequence`: All goals are visited in the correct order (all sequence requirements at once). Probability must be >= 0.8.
- `avoid_moving_seg1`: While heading to goal 1, the agent never shares a cell with the moving obstacle. Probability must be >= 0.7.
- `avoid_moving_seg2`: While heading to goal 2, the agent never shares a cell with the moving obstacle. Probability must be >= 0.7.
- `avoid_moving_seg3`: While heading to goal 3, the agent never shares a cell with the moving obstacle. Probability must be >= 0.7.

## How to write the policy

The policy is an ordered list of rules. Each rule has a `condition` (a boolean expression over the state variables) and an `action`. For any state, the **first** rule whose condition is true decides the action, so put specific exceptions before general rules.

- Conditions use the state variables above with `=`, `!=`, `<`, `<=`, `>`, `>=`, `+`, `-`, `&` (and), `|` (or), `!` (not) and parentheses. Booleans can be used directly (`g1`, `!g1`) or compared (`g1 = true`). `true` matches every state.
- Prefer a few general rules that describe a strategy over listing states one by one. List a single state only when it truly is an exception.
- A state that no rule matches is **uncovered**. The checker reports each requirement in the *best case* (uncovered states act in the most helpful way) and the *worst case* (they act in the most harmful way). The policy succeeds only if every requirement holds **in the worst case**, so make sure every state the agent can reach is covered, for example by ending with a `true -> ...` default.

Example rules for a different gridworld (not this one), in priority order:
```
{"condition": "x = 1 & y = 4", "action": "left"}
{"condition": "!g1 & x = 2 & y < 3", "action": "right"}
{"condition": "!g1 & y = 3", "action": "down"}
{"condition": "g1 & !g2 & x > 0", "action": "up"}
{"condition": "true", "action": "down"}
```
Rule 1 is a one-cell exception, so it comes before the general rules that also match that cell. Rule 2 moves right along row 2 before goal 1, rule 3 then goes down column 3, rule 4 heads up after goal 1, and the last rule is a catch-all default that covers every remaining state.

## Your current rules

```
1. {"condition": "x = 0 & y = 1 & !g1", "action": "right"}
2. {"condition": "x = 3 & y = 0 & !g2", "action": "up"}
3. {"condition": "x = 1 & y = 1 & g1 & !g2 & !g3", "action": "right"}
4. {"condition": "x = 0 & y = 2 & !g1", "action": "up"}
5. {"condition": "x = 1 & y = 2 & !g1", "action": "up"}
6. {"condition": "x = 1 & y = 3 & !g1", "action": "up"}
7. {"condition": "x = 0 & y = 3 & !g1", "action": "down"}
8. {"condition": "x = 0 & y = 2 & g1 & !g2", "action": "down"}
9. {"condition": "x = 1 & y = 2 & g1 & !g2", "action": "down"}
10. {"condition": "x = 1 & y = 3 & g1 & !g2", "action": "left"}
11. {"condition": "x = 0 & y = 3 & g1 & !g2", "action": "left"}
12. {"condition": "x = 3 & y = 0 & g2 & !g3", "action": "right"}
13. {"condition": "x = 1 & y = 1 & g2 & !g3", "action": "right"}
14. {"condition": "x = 1 & y = 2 & g2 & !g3", "action": "right"}
15. {"condition": "x = 1 & y = 3 & g2 & !g3", "action": "down"}
16. {"condition": "x = 2 & y = 3 & g2 & !g3", "action": "down"}
17. {"condition": "x = 3 & y = 3 & g2 & !g3", "action": "left"}
18. {"condition": "x = 3 & y = 2 & g2 & !g3", "action": "left"}
19. {"condition": "x = 2 & y = 2", "action": "up"}
20. {"condition": "x = 3 & y = 1", "action": "up"}
21. {"condition": "x = 2 & y = 0 & !g1", "action": "down"}
22. {"condition": "x = 2 & y = 1 & !g1", "action": "down"}
23. {"condition": "x = 3 & y = 3 & g1 & !g2", "action": "up"}
24. {"condition": "x = 2 & y = 3 & g1 & !g2", "action": "up"}
25. {"condition": "x = 1 & y = 2 & g1 & !g2", "action": "right"}
26. {"condition": "x = 0 & y = 2 & g1 & !g2", "action": "right"}
27. {"condition": "x = 0 & y = 3 & g1 & !g2", "action": "right"}
28. {"condition": "true", "action": "down"}
```

The rules cover 24 of the 24 reachable situations (combinations of the state variables); 0 are uncovered.

## Verification results

| requirement | best case | worst case | needed | status |
|---|---|---|---|---|
| `goal1` | 0.1945 | 0.1945 | >= 0.8 | FAILS even in best case |
| `goal2` | 1.0000 | 1.0000 | >= 0.8 | ok |
| `goal3` | 0.3028 | 0.3028 | >= 0.8 | FAILS even in best case |
| `seq_1_before_2` | 0.1945 | 0.1945 | >= 0.8 | FAILS even in best case |
| `seq_2_before_3` | 0.0190 | 0.0190 | >= 0.8 | FAILS even in best case |
| `complete_sequence` | 0.0190 | 0.0190 | >= 0.8 | FAILS even in best case |
| `avoid_moving_seg1` | 0.9845 | 0.9845 | >= 0.7 | ok |
| `avoid_moving_seg2` | 0.8605 | 0.8605 | >= 0.7 | ok |
| `avoid_moving_seg3` | 1.0000 | 1.0000 | >= 0.7 | ok |

## Where probability is lost

Share of the lost probability mass (expected time spent in a state, times the probability still at stake there), by the rule that decides the state, for the failing requirements (goal1, goal3, seq_1_before_2, seq_2_before_3, complete_sequence):
- 32%: rule 21 `x = 2 & y = 0 & !g1 (action down)`. Most in: x=2 & y=0 & g1=false & g2=false & g3=false
- 31%: rule 22 `x = 2 & y = 1 & !g1 (action down)`. Most in: x=2 & y=1 & g1=false & g2=false & g3=false
- 19%: rule 2 `x = 3 & y = 0 & !g2 (action up)`. Most in: x=3 & y=0 & g1=false & g2=false & g3=false
- 8%: rule 28 `true (action down)`. Most in: x=2 & y=0 & g1=true & g2=true & g3=false; x=2 & y=1 & g1=true & g2=true & g3=false; x=2 & y=1 & g1=true & g2=false & g3=false
- 6%: rule 12 `x = 3 & y = 0 & g2 & !g3 (action right)`. Most in: x=3 & y=0 & g1=true & g2=true & g3=false
- 3%: rule 9 `x = 1 & y = 2 & g1 & !g2 (action down)`. Most in: x=1 & y=2 & g1=true & g2=false & g3=false
- 1%: rule 10 `x = 1 & y = 3 & g1 & !g2 (action left)`. Most in: x=1 & y=3 & g1=true & g2=false & g3=false
- 0%: rule 3 `x = 1 & y = 1 & g1 & !g2 & !g3 (action right)`. Most in: x=1 & y=1 & g1=true & g2=false & g3=false
- 0%: rule 24 `x = 2 & y = 3 & g1 & !g2 (action up)`. Most in: x=2 & y=3 & g1=true & g2=false & g3=false
- 0%: rule 8 `x = 0 & y = 2 & g1 & !g2 (action down)`. Most in: x=0 & y=2 & g1=true & g2=false & g3=false

## Task

Rewrite the rule list to fix the failing requirements. You may change, reorder, delete or add rules. Return the **complete** new rule list as JSON: `{"rules": [{"condition": "...", "action": "..."}, ...]}`.

2026-09-23 23:00:00,602 - INFO - Candidate policy (28 rules):
1. {"condition": "x = 0 & y = 1 & !g1", "action": "right"}
2. {"condition": "x = 3 & y = 0 & !g2", "action": "up"}
3. {"condition": "x = 1 & y = 1 & g1 & !g2 & !g3", "action": "right"}
4. {"condition": "x = 0 & y = 2 & !g1", "action": "up"}
5. {"condition": "x = 1 & y = 2 & !g1", "action": "up"}
6. {"condition": "x = 1 & y = 3 & !g1", "action": "up"}
7. {"condition": "x = 0 & y = 3 & !g1", "action": "down"}
8. {"condition": "x = 0 & y = 2 & g1 & !g2", "action": "down"}
9. {"condition": "x = 1 & y = 2 & g1 & !g2", "action": "down"}
10. {"condition": "x = 1 & y = 3 & g1 & !g2", "action": "left"}
11. {"condition": "x = 0 & y = 3 & g1 & !g2", "action": "left"}
12. {"condition": "x = 3 & y = 0 & g2 & !g3", "action": "right"}
13. {"condition": "x = 1 & y = 1 & g2 & !g3", "action": "right"}
14. {"condition": "x = 1 & y = 2 & g2 & !g3", "action": "right"}
15. {"condition": "x = 1 & y = 3 & g2 & !g3", "action": "down"}
16. {"condition": "x = 2 & y = 3 & g2 & !g3", "action": "down"}
17. {"condition": "x = 3 & y = 3 & g2 & !g3", "action": "left"}
18. {"condition": "x = 3 & y = 2 & g2 & !g3", "action": "left"}
19. {"condition": "x = 2 & y = 2", "action": "up"}
20. {"condition": "x = 3 & y = 1", "action": "up"}
21. {"condition": "x = 2 & y = 0 & !g1", "action": "right"}
22. {"condition": "x = 2 & y = 1 & !g1", "action": "right"}
23. {"condition": "x = 3 & y = 3 & g1 & !g2", "action": "up"}
24. {"condition": "x = 2 & y = 3 & g1 & !g2", "action": "up"}
25. {"condition": "x = 1 & y = 2 & g1 & !g2", "action": "right"}
26. {"condition": "x = 0 & y = 2 & g1 & !g2", "action": "right"}
27. {"condition": "x = 0 & y = 3 & g1 & !g2", "action": "right"}
28. {"condition": "true", "action": "down"}
2026-09-23 23:00:02,001 - INFO - Results: goal1: best=1.0000 worst=1.0000, goal2: best=1.0000 worst=1.0000, goal3: best=0.9810 worst=0.9810, seq_1_before_2: best=0.7755 worst=0.7755, seq_2_before_3: best=0.0190 worst=0.0190, complete_sequence: best=0.0190 worst=0.0190, avoid_moving_seg1: best=0.3295 worst=0.3295, avoid_moving_seg2: best=0.2781 worst=0.2781, avoid_moving_seg3: best=1.0000 worst=1.0000
2026-09-23 23:00:02,001 - INFO - Score (5, 5, 2.378852368693595, 2.3788523687000596) (new best)
2026-09-23 23:00:02,006 - INFO - === Attempt 4/5 (refine) ===
You are an expert planner, repairing a policy written as symbolic rules. Even in the **best case** (uncovered states choosing the most helpful action), some requirements fail, so some of the existing rules steer the agent badly. Fix them while keeping what already works.

## Problem

An agent moves on a 4x4 grid. Its state is its cell (x = row, y = column; (0,0) is the top-left corner, x grows downward, y grows rightward) plus one flag per goal.

- The agent starts at (0,0) with every goal flag false.
- Goals must be visited in order: goal 1 at (0,1), then goal 2 at (3,0), then goal 3 at (1,1). Flag g1 becomes true when the agent enters goal 1's cell, and flag gk (k > 1) becomes true when it enters goal k's cell while g(k-1) is already true. Entering a goal's cell early, before its turn, violates the ordering requirements.
- Each step the agent picks an action (up, right, down or left). It moves in the chosen direction with probability 0.7, and slips 90 degrees to the left or right of it with probability 0.15 and 0.15. For example, choosing down means down 0.7, right 0.15, left 0.15.
- Moving off the grid leaves the agent where it is. Static obstacles at (2, 2), (3, 1) can never be entered: a move into one also leaves the agent where it is.
- A moving obstacle patrols the cells (0, 2) -> (1, 2) -> (1, 3) -> (0, 3) -> (1, 3) -> (1, 2) and then repeats, advancing one position per agent step. It starts at (0, 2). Its cells can be entered, but sharing a cell with the obstacle at the same time counts as a collision. The policy cannot observe where the obstacle currently is.
- The agent keeps moving after it reaches the last goal.

## Visual

```
    0 1 2 3   <- y (column)
 0  S 1 M M
 1  . 3 M M
 2  . . X .
 3  2 X . .
 ^ x (row)

Legend: S = start (0,0), 1..3 = goals (visit in order), X = static obstacle, M = moving obstacle patrol path, . = free cell
```

## State variables your rules can use

- `x` (integer 0..3): agent row (0 = top)
- `y` (integer 0..3): agent column (0 = left)
- `g1` (boolean): true once goal 1 has been reached
- `g2` (boolean): true once goal 2 has been reached (only counts after goal 1)
- `g3` (boolean): true once goal 3 has been reached (only counts after goal 2)

## Actions

- `up`: move to (x-1, y), i.e. one row up
- `right`: move to (x, y+1), i.e. one column right
- `down`: move to (x+1, y), i.e. one row down
- `left`: move to (x, y-1), i.e. one column left

## Requirements

A probabilistic model checker (PRISM) verifies your policy against each requirement:
- `goal1`: The agent eventually reaches goal 1. Probability must be >= 0.8.
- `goal2`: The agent eventually reaches goal 2. Probability must be >= 0.8.
- `goal3`: The agent eventually reaches goal 3. Probability must be >= 0.8.
- `seq_1_before_2`: Goal 1 is visited before goal 2 is ever entered. Probability must be >= 0.8.
- `seq_2_before_3`: Goals 1, 2 are visited in order before goal 3 is ever entered. Probability must be >= 0.8.
- `complete_sequence`: All goals are visited in the correct order (all sequence requirements at once). Probability must be >= 0.8.
- `avoid_moving_seg1`: While heading to goal 1, the agent never shares a cell with the moving obstacle. Probability must be >= 0.7.
- `avoid_moving_seg2`: While heading to goal 2, the agent never shares a cell with the moving obstacle. Probability must be >= 0.7.
- `avoid_moving_seg3`: While heading to goal 3, the agent never shares a cell with the moving obstacle. Probability must be >= 0.7.

## How to write the policy

The policy is an ordered list of rules. Each rule has a `condition` (a boolean expression over the state variables) and an `action`. For any state, the **first** rule whose condition is true decides the action, so put specific exceptions before general rules.

- Conditions use the state variables above with `=`, `!=`, `<`, `<=`, `>`, `>=`, `+`, `-`, `&` (and), `|` (or), `!` (not) and parentheses. Booleans can be used directly (`g1`, `!g1`) or compared (`g1 = true`). `true` matches every state.
- Prefer a few general rules that describe a strategy over listing states one by one. List a single state only when it truly is an exception.
- A state that no rule matches is **uncovered**. The checker reports each requirement in the *best case* (uncovered states act in the most helpful way) and the *worst case* (they act in the most harmful way). The policy succeeds only if every requirement holds **in the worst case**, so make sure every state the agent can reach is covered, for example by ending with a `true -> ...` default.

Example rules for a different gridworld (not this one), in priority order:
```
{"condition": "x = 1 & y = 4", "action": "left"}
{"condition": "!g1 & x = 2 & y < 3", "action": "right"}
{"condition": "!g1 & y = 3", "action": "down"}
{"condition": "g1 & !g2 & x > 0", "action": "up"}
{"condition": "true", "action": "down"}
```
Rule 1 is a one-cell exception, so it comes before the general rules that also match that cell. Rule 2 moves right along row 2 before goal 1, rule 3 then goes down column 3, rule 4 heads up after goal 1, and the last rule is a catch-all default that covers every remaining state.

## Your current rules

```
1. {"condition": "x = 0 & y = 1 & !g1", "action": "right"}
2. {"condition": "x = 3 & y = 0 & !g2", "action": "up"}
3. {"condition": "x = 1 & y = 1 & g1 & !g2 & !g3", "action": "right"}
4. {"condition": "x = 0 & y = 2 & !g1", "action": "up"}
5. {"condition": "x = 1 & y = 2 & !g1", "action": "up"}
6. {"condition": "x = 1 & y = 3 & !g1", "action": "up"}
7. {"condition": "x = 0 & y = 3 & !g1", "action": "down"}
8. {"condition": "x = 0 & y = 2 & g1 & !g2", "action": "down"}
9. {"condition": "x = 1 & y = 2 & g1 & !g2", "action": "down"}
10. {"condition": "x = 1 & y = 3 & g1 & !g2", "action": "left"}
11. {"condition": "x = 0 & y = 3 & g1 & !g2", "action": "left"}
12. {"condition": "x = 3 & y = 0 & g2 & !g3", "action": "right"}
13. {"condition": "x = 1 & y = 1 & g2 & !g3", "action": "right"}
14. {"condition": "x = 1 & y = 2 & g2 & !g3", "action": "right"}
15. {"condition": "x = 1 & y = 3 & g2 & !g3", "action": "down"}
16. {"condition": "x = 2 & y = 3 & g2 & !g3", "action": "down"}
17. {"condition": "x = 3 & y = 3 & g2 & !g3", "action": "left"}
18. {"condition": "x = 3 & y = 2 & g2 & !g3", "action": "left"}
19. {"condition": "x = 2 & y = 2", "action": "up"}
20. {"condition": "x = 3 & y = 1", "action": "up"}
21. {"condition": "x = 2 & y = 0 & !g1", "action": "right"}
22. {"condition": "x = 2 & y = 1 & !g1", "action": "right"}
23. {"condition": "x = 3 & y = 3 & g1 & !g2", "action": "up"}
24. {"condition": "x = 2 & y = 3 & g1 & !g2", "action": "up"}
25. {"condition": "x = 1 & y = 2 & g1 & !g2", "action": "right"}
26. {"condition": "x = 0 & y = 2 & g1 & !g2", "action": "right"}
27. {"condition": "x = 0 & y = 3 & g1 & !g2", "action": "right"}
28. {"condition": "true", "action": "down"}
```

The rules cover 24 of the 24 reachable situations (combinations of the state variables); 0 are uncovered.

## Verification results

| requirement | best case | worst case | needed | status |
|---|---|---|---|---|
| `goal1` | 1.0000 | 1.0000 | >= 0.8 | ok |
| `goal2` | 1.0000 | 1.0000 | >= 0.8 | ok |
| `goal3` | 0.9810 | 0.9810 | >= 0.8 | ok |
| `seq_1_before_2` | 0.7755 | 0.7755 | >= 0.8 | FAILS even in best case |
| `seq_2_before_3` | 0.0190 | 0.0190 | >= 0.8 | FAILS even in best case |
| `complete_sequence` | 0.0190 | 0.0190 | >= 0.8 | FAILS even in best case |
| `avoid_moving_seg1` | 0.3295 | 0.3295 | >= 0.7 | FAILS even in best case |
| `avoid_moving_seg2` | 0.2781 | 0.2781 | >= 0.7 | FAILS even in best case |
| `avoid_moving_seg3` | 1.0000 | 1.0000 | >= 0.7 | ok |

## Where probability is lost

Share of the lost probability mass (expected time spent in a state, times the probability still at stake there), by the rule that decides the state, for the failing requirements (seq_1_before_2, seq_2_before_3, complete_sequence, avoid_moving_seg1, avoid_moving_seg2):
- 43%: rule 22 `x = 2 & y = 1 & !g1 (action right)`. Most in: x=2 & y=1 & g1=false & g2=false & g3=false
- 20%: rule 28 `true (action down)`. Most in: x=2 & y=0 & g1=true & g2=true & g3=false; x=2 & y=1 & g1=true & g2=false & g3=false; x=1 & y=1 & g1=false & g2=false & g3=false
- 13%: rule 9 `x = 1 & y = 2 & g1 & !g2 (action down)`. Most in: x=1 & y=2 & g1=true & g2=false & g3=false
- 6%: rule 12 `x = 3 & y = 0 & g2 & !g3 (action right)`. Most in: x=3 & y=0 & g1=true & g2=true & g3=false
- 4%: rule 4 `x = 0 & y = 2 & !g1 (action up)`. Most in: x=0 & y=2 & g1=false & g2=false & g3=false
- 3%: rule 7 `x = 0 & y = 3 & !g1 (action down)`. Most in: x=0 & y=3 & g1=false & g2=false & g3=false
- 2%: rule 21 `x = 2 & y = 0 & !g1 (action right)`. Most in: x=2 & y=0 & g1=false & g2=false & g3=false
- 2%: rule 6 `x = 1 & y = 3 & !g1 (action up)`. Most in: x=1 & y=3 & g1=false & g2=false & g3=false
- 2%: rule 10 `x = 1 & y = 3 & g1 & !g2 (action left)`. Most in: x=1 & y=3 & g1=true & g2=false & g3=false
- 1%: rule 5 `x = 1 & y = 2 & !g1 (action up)`. Most in: x=1 & y=2 & g1=false & g2=false & g3=false

## Task

Rewrite the rule list to fix the failing requirements. You may change, reorder, delete or add rules. Return the **complete** new rule list as JSON: `{"rules": [{"condition": "...", "action": "..."}, ...]}`.

2026-09-23 23:00:26,121 - INFO - Candidate policy (28 rules):
1. {"condition": "x = 0 & y = 1 & !g1", "action": "right"}
2. {"condition": "x = 3 & y = 0 & !g2", "action": "up"}
3. {"condition": "x = 1 & y = 1 & g1 & !g2 & !g3", "action": "right"}
4. {"condition": "x = 0 & y = 2 & !g1", "action": "up"}
5. {"condition": "x = 1 & y = 2 & !g1", "action": "up"}
6. {"condition": "x = 1 & y = 3 & !g1", "action": "up"}
7. {"condition": "x = 0 & y = 3 & !g1", "action": "left"}
8. {"condition": "x = 0 & y = 2 & g1 & !g2", "action": "left"}
9. {"condition": "x = 1 & y = 2 & g1 & !g2", "action": "left"}
10. {"condition": "x = 1 & y = 3 & g1 & !g2", "action": "left"}
11. {"condition": "x = 0 & y = 3 & g1 & !g2", "action": "left"}
12. {"condition": "x = 3 & y = 0 & g2 & !g3", "action": "right"}
13. {"condition": "x = 1 & y = 1 & g2 & !g3", "action": "right"}
14. {"condition": "x = 1 & y = 2 & g2 & !g3", "action": "right"}
15. {"condition": "x = 1 & y = 3 & g2 & !g3", "action": "down"}
16. {"condition": "x = 2 & y = 3 & g2 & !g3", "action": "down"}
17. {"condition": "x = 3 & y = 3 & g2 & !g3", "action": "left"}
18. {"condition": "x = 3 & y = 2 & g2 & !g3", "action": "left"}
19. {"condition": "x = 2 & y = 2", "action": "up"}
20. {"condition": "x = 3 & y = 1", "action": "up"}
21. {"condition": "x = 2 & y = 0 & !g1", "action": "up"}
22. {"condition": "x = 2 & y = 1 & !g1", "action": "up"}
23. {"condition": "x = 3 & y = 3 & g1 & !g2", "action": "up"}
24. {"condition": "x = 2 & y = 3 & g1 & !g2", "action": "up"}
25. {"condition": "x = 1 & y = 2 & g1 & !g2", "action": "up"}
26. {"condition": "x = 0 & y = 2 & g1 & !g2", "action": "up"}
27. {"condition": "x = 0 & y = 3 & g1 & !g2", "action": "up"}
28. {"condition": "true", "action": "down"}
2026-09-23 23:00:27,554 - INFO - Results: goal1: best=1.0000 worst=1.0000, goal2: best=1.0000 worst=1.0000, goal3: best=0.9788 worst=0.9788, seq_1_before_2: best=1.0000 worst=1.0000, seq_2_before_3: best=0.0212 worst=0.0212, complete_sequence: best=0.0212 worst=0.0212, avoid_moving_seg1: best=0.3465 worst=0.3465, avoid_moving_seg2: best=0.4800 worst=0.4800, avoid_moving_seg3: best=1.0000 worst=1.0000
2026-09-23 23:00:27,555 - INFO - Score (4, 4, 2.1310753067927095, 2.1310753067927095) (new best)
2026-09-23 23:00:27,558 - INFO - === Attempt 5/5 (refine) ===
You are an expert planner, repairing a policy written as symbolic rules. Even in the **best case** (uncovered states choosing the most helpful action), some requirements fail, so some of the existing rules steer the agent badly. Fix them while keeping what already works.

## Problem

An agent moves on a 4x4 grid. Its state is its cell (x = row, y = column; (0,0) is the top-left corner, x grows downward, y grows rightward) plus one flag per goal.

- The agent starts at (0,0) with every goal flag false.
- Goals must be visited in order: goal 1 at (0,1), then goal 2 at (3,0), then goal 3 at (1,1). Flag g1 becomes true when the agent enters goal 1's cell, and flag gk (k > 1) becomes true when it enters goal k's cell while g(k-1) is already true. Entering a goal's cell early, before its turn, violates the ordering requirements.
- Each step the agent picks an action (up, right, down or left). It moves in the chosen direction with probability 0.7, and slips 90 degrees to the left or right of it with probability 0.15 and 0.15. For example, choosing down means down 0.7, right 0.15, left 0.15.
- Moving off the grid leaves the agent where it is. Static obstacles at (2, 2), (3, 1) can never be entered: a move into one also leaves the agent where it is.
- A moving obstacle patrols the cells (0, 2) -> (1, 2) -> (1, 3) -> (0, 3) -> (1, 3) -> (1, 2) and then repeats, advancing one position per agent step. It starts at (0, 2). Its cells can be entered, but sharing a cell with the obstacle at the same time counts as a collision. The policy cannot observe where the obstacle currently is.
- The agent keeps moving after it reaches the last goal.

## Visual

```
    0 1 2 3   <- y (column)
 0  S 1 M M
 1  . 3 M M
 2  . . X .
 3  2 X . .
 ^ x (row)

Legend: S = start (0,0), 1..3 = goals (visit in order), X = static obstacle, M = moving obstacle patrol path, . = free cell
```

## State variables your rules can use

- `x` (integer 0..3): agent row (0 = top)
- `y` (integer 0..3): agent column (0 = left)
- `g1` (boolean): true once goal 1 has been reached
- `g2` (boolean): true once goal 2 has been reached (only counts after goal 1)
- `g3` (boolean): true once goal 3 has been reached (only counts after goal 2)

## Actions

- `up`: move to (x-1, y), i.e. one row up
- `right`: move to (x, y+1), i.e. one column right
- `down`: move to (x+1, y), i.e. one row down
- `left`: move to (x, y-1), i.e. one column left

## Requirements

A probabilistic model checker (PRISM) verifies your policy against each requirement:
- `goal1`: The agent eventually reaches goal 1. Probability must be >= 0.8.
- `goal2`: The agent eventually reaches goal 2. Probability must be >= 0.8.
- `goal3`: The agent eventually reaches goal 3. Probability must be >= 0.8.
- `seq_1_before_2`: Goal 1 is visited before goal 2 is ever entered. Probability must be >= 0.8.
- `seq_2_before_3`: Goals 1, 2 are visited in order before goal 3 is ever entered. Probability must be >= 0.8.
- `complete_sequence`: All goals are visited in the correct order (all sequence requirements at once). Probability must be >= 0.8.
- `avoid_moving_seg1`: While heading to goal 1, the agent never shares a cell with the moving obstacle. Probability must be >= 0.7.
- `avoid_moving_seg2`: While heading to goal 2, the agent never shares a cell with the moving obstacle. Probability must be >= 0.7.
- `avoid_moving_seg3`: While heading to goal 3, the agent never shares a cell with the moving obstacle. Probability must be >= 0.7.

## How to write the policy

The policy is an ordered list of rules. Each rule has a `condition` (a boolean expression over the state variables) and an `action`. For any state, the **first** rule whose condition is true decides the action, so put specific exceptions before general rules.

- Conditions use the state variables above with `=`, `!=`, `<`, `<=`, `>`, `>=`, `+`, `-`, `&` (and), `|` (or), `!` (not) and parentheses. Booleans can be used directly (`g1`, `!g1`) or compared (`g1 = true`). `true` matches every state.
- Prefer a few general rules that describe a strategy over listing states one by one. List a single state only when it truly is an exception.
- A state that no rule matches is **uncovered**. The checker reports each requirement in the *best case* (uncovered states act in the most helpful way) and the *worst case* (they act in the most harmful way). The policy succeeds only if every requirement holds **in the worst case**, so make sure every state the agent can reach is covered, for example by ending with a `true -> ...` default.

Example rules for a different gridworld (not this one), in priority order:
```
{"condition": "x = 1 & y = 4", "action": "left"}
{"condition": "!g1 & x = 2 & y < 3", "action": "right"}
{"condition": "!g1 & y = 3", "action": "down"}
{"condition": "g1 & !g2 & x > 0", "action": "up"}
{"condition": "true", "action": "down"}
```
Rule 1 is a one-cell exception, so it comes before the general rules that also match that cell. Rule 2 moves right along row 2 before goal 1, rule 3 then goes down column 3, rule 4 heads up after goal 1, and the last rule is a catch-all default that covers every remaining state.

## Your current rules

```
1. {"condition": "x = 0 & y = 1 & !g1", "action": "right"}
2. {"condition": "x = 3 & y = 0 & !g2", "action": "up"}
3. {"condition": "x = 1 & y = 1 & g1 & !g2 & !g3", "action": "right"}
4. {"condition": "x = 0 & y = 2 & !g1", "action": "up"}
5. {"condition": "x = 1 & y = 2 & !g1", "action": "up"}
6. {"condition": "x = 1 & y = 3 & !g1", "action": "up"}
7. {"condition": "x = 0 & y = 3 & !g1", "action": "left"}
8. {"condition": "x = 0 & y = 2 & g1 & !g2", "action": "left"}
9. {"condition": "x = 1 & y = 2 & g1 & !g2", "action": "left"}
10. {"condition": "x = 1 & y = 3 & g1 & !g2", "action": "left"}
11. {"condition": "x = 0 & y = 3 & g1 & !g2", "action": "left"}
12. {"condition": "x = 3 & y = 0 & g2 & !g3", "action": "right"}
13. {"condition": "x = 1 & y = 1 & g2 & !g3", "action": "right"}
14. {"condition": "x = 1 & y = 2 & g2 & !g3", "action": "right"}
15. {"condition": "x = 1 & y = 3 & g2 & !g3", "action": "down"}
16. {"condition": "x = 2 & y = 3 & g2 & !g3", "action": "down"}
17. {"condition": "x = 3 & y = 3 & g2 & !g3", "action": "left"}
18. {"condition": "x = 3 & y = 2 & g2 & !g3", "action": "left"}
19. {"condition": "x = 2 & y = 2", "action": "up"}
20. {"condition": "x = 3 & y = 1", "action": "up"}
21. {"condition": "x = 2 & y = 0 & !g1", "action": "up"}
22. {"condition": "x = 2 & y = 1 & !g1", "action": "up"}
23. {"condition": "x = 3 & y = 3 & g1 & !g2", "action": "up"}
24. {"condition": "x = 2 & y = 3 & g1 & !g2", "action": "up"}
25. {"condition": "x = 1 & y = 2 & g1 & !g2", "action": "up"}
26. {"condition": "x = 0 & y = 2 & g1 & !g2", "action": "up"}
27. {"condition": "x = 0 & y = 3 & g1 & !g2", "action": "up"}
28. {"condition": "true", "action": "down"}
```

The rules cover 20 of the 20 reachable situations (combinations of the state variables); 0 are uncovered.

## Verification results

| requirement | best case | worst case | needed | status |
|---|---|---|---|---|
| `goal1` | 1.0000 | 1.0000 | >= 0.8 | ok |
| `goal2` | 1.0000 | 1.0000 | >= 0.8 | ok |
| `goal3` | 0.9788 | 0.9788 | >= 0.8 | ok |
| `seq_1_before_2` | 1.0000 | 1.0000 | >= 0.8 | ok |
| `seq_2_before_3` | 0.0212 | 0.0212 | >= 0.8 | FAILS even in best case |
| `complete_sequence` | 0.0212 | 0.0212 | >= 0.8 | FAILS even in best case |
| `avoid_moving_seg1` | 0.3465 | 0.3465 | >= 0.7 | FAILS even in best case |
| `avoid_moving_seg2` | 0.4800 | 0.4800 | >= 0.7 | FAILS even in best case |
| `avoid_moving_seg3` | 1.0000 | 1.0000 | >= 0.7 | ok |

## Where probability is lost

Share of the lost probability mass (expected time spent in a state, times the probability still at stake there), by the rule that decides the state, for the failing requirements (seq_2_before_3, complete_sequence, avoid_moving_seg1, avoid_moving_seg2):
- 43%: rule 28 `true (action down)`. Most in: x=1 & y=0 & g1=false & g2=false & g3=false; x=2 & y=0 & g1=true & g2=true & g3=false; x=2 & y=1 & g1=true & g2=true & g3=false
- 15%: rule 12 `x = 3 & y = 0 & g2 & !g3 (action right)`. Most in: x=3 & y=0 & g1=true & g2=true & g3=false
- 14%: rule 21 `x = 2 & y = 0 & !g1 (action up)`. Most in: x=2 & y=0 & g1=false & g2=false & g3=false
- 11%: rule 22 `x = 2 & y = 1 & !g1 (action up)`. Most in: x=2 & y=1 & g1=false & g2=false & g3=false
- 7%: rule 4 `x = 0 & y = 2 & !g1 (action up)`. Most in: x=0 & y=2 & g1=false & g2=false & g3=false
- 4%: rule 9 `x = 1 & y = 2 & g1 & !g2 (action left)`. Most in: x=1 & y=2 & g1=true & g2=false & g3=false
- 2%: rule 7 `x = 0 & y = 3 & !g1 (action left)`. Most in: x=0 & y=3 & g1=false & g2=false & g3=false
- 1%: rule 5 `x = 1 & y = 2 & !g1 (action up)`. Most in: x=1 & y=2 & g1=false & g2=false & g3=false
- 1%: rule 3 `x = 1 & y = 1 & g1 & !g2 & !g3 (action right)`. Most in: x=1 & y=1 & g1=true & g2=false & g3=false
- 1%: rule 8 `x = 0 & y = 2 & g1 & !g2 (action left)`. Most in: x=0 & y=2 & g1=true & g2=false & g3=false

## Task

Rewrite the rule list to fix the failing requirements. You may change, reorder, delete or add rules. Return the **complete** new rule list as JSON: `{"rules": [{"condition": "...", "action": "..."}, ...]}`.

2026-09-23 23:01:05,467 - INFO - Candidate policy (32 rules):
1. {"condition": "x = 0 & y = 1 & !g1", "action": "right"}
2. {"condition": "x = 3 & y = 0 & !g2", "action": "up"}
3. {"condition": "x = 1 & y = 1 & g1 & !g2 & !g3", "action": "right"}
4. {"condition": "x = 0 & y = 2 & !g1", "action": "up"}
5. {"condition": "x = 1 & y = 2 & !g1", "action": "up"}
6. {"condition": "x = 1 & y = 3 & !g1", "action": "up"}
7. {"condition": "x = 0 & y = 3 & !g1", "action": "left"}
8. {"condition": "x = 0 & y = 2 & g1 & !g2", "action": "left"}
9. {"condition": "x = 1 & y = 2 & g1 & !g2", "action": "left"}
10. {"condition": "x = 1 & y = 3 & g1 & !g2", "action": "left"}
11. {"condition": "x = 0 & y = 3 & g1 & !g2", "action": "left"}
12. {"condition": "x = 3 & y = 0 & g2 & !g3", "action": "right"}
13. {"condition": "x = 1 & y = 1 & g2 & !g3", "action": "right"}
14. {"condition": "x = 1 & y = 2 & g2 & !g3", "action": "right"}
15. {"condition": "x = 1 & y = 3 & g2 & !g3", "action": "down"}
16. {"condition": "x = 2 & y = 3 & g2 & !g3", "action": "down"}
17. {"condition": "x = 3 & y = 3 & g2 & !g3", "action": "left"}
18. {"condition": "x = 3 & y = 2 & g2 & !g3", "action": "left"}
19. {"condition": "x = 2 & y = 2", "action": "up"}
20. {"condition": "x = 3 & y = 1", "action": "up"}
21. {"condition": "x = 2 & y = 0 & !g1", "action": "up"}
22. {"condition": "x = 2 & y = 1 & !g1", "action": "up"}
23. {"condition": "x = 3 & y = 3 & g1 & !g2", "action": "up"}
24. {"condition": "x = 2 & y = 3 & g1 & !g2", "action": "up"}
25. {"condition": "x = 1 & y = 2 & g1 & !g2", "action": "up"}
26. {"condition": "x = 0 & y = 2 & g1 & !g2", "action": "up"}
27. {"condition": "x = 0 & y = 3 & g1 & !g2", "action": "up"}
28. {"condition": "x = 1 & y = 0 & !g1", "action": "right"}
29. {"condition": "x = 1 & y = 0 & g1 & !g2", "action": "right"}
30. {"condition": "x = 2 & y = 0 & g1 & g2 & !g3", "action": "right"}
31. {"condition": "x = 2 & y = 1 & g1 & g2 & !g3", "action": "right"}
32. {"condition": "true", "action": "down"}
2026-09-23 23:01:06,855 - INFO - Results: goal1: best=1.0000 worst=1.0000, goal2: best=1.0000 worst=1.0000, goal3: best=1.0000 worst=1.0000, seq_1_before_2: best=1.0000 worst=1.0000, seq_2_before_3: best=0.0052 worst=0.0052, complete_sequence: best=0.0052 worst=0.0052, avoid_moving_seg1: best=0.3940 worst=0.3940, avoid_moving_seg2: best=0.3953 worst=0.3953, avoid_moving_seg3: best=1.0000 worst=1.0000
2026-09-23 23:01:06,855 - INFO - Score (4, 4, 2.200467465845021, 2.200467465845021) (no improvement, keeping best)
