2026-09-23 23:01:08,190 - INFO - Unconstrained optimum per requirement: {'goal1': 1.0, 'goal2': 1.0, 'goal3': 1.0, 'seq_1_before_2': 1.0, 'seq_2_before_3': 1.0, 'complete_sequence': 1.0, 'avoid_moving_seg1': 1.0, 'avoid_moving_seg2': 1.0, 'avoid_moving_seg3': 1.0}
2026-09-23 23:01:08,191 - INFO - === Attempt 1/5 (initial) ===
You are an expert planner. Write a policy for the Markov decision process (MDP) below. Express it as an ordered list of symbolic rules over the state variables.

## Problem

An agent moves on a 4x4 grid. Its state is its cell (x = row, y = column; (0,0) is the top-left corner, x grows downward, y grows rightward) plus one flag per goal.

- The agent starts at (0,0) with every goal flag false.
- Goals must be visited in order: goal 1 at (2,1), then goal 2 at (0,2), then goal 3 at (1,3). Flag g1 becomes true when the agent enters goal 1's cell, and flag gk (k > 1) becomes true when it enters goal k's cell while g(k-1) is already true. Entering a goal's cell early, before its turn, violates the ordering requirements.
- Each step the agent picks an action (up, right, down or left). It moves in the chosen direction with probability 0.7, and slips 90 degrees to the left or right of it with probability 0.15 and 0.15. For example, choosing down means down 0.7, right 0.15, left 0.15.
- Moving off the grid leaves the agent where it is. Static obstacles at (1, 0), (3, 1) can never be entered: a move into one also leaves the agent where it is.
- A moving obstacle patrols the cells (2, 3) -> (2, 2) and then repeats, advancing one position per agent step. It starts at (2, 3). Its cells can be entered, but sharing a cell with the obstacle at the same time counts as a collision. The policy cannot observe where the obstacle currently is.
- The agent keeps moving after it reaches the last goal.

## Visual

```
    0 1 2 3   <- y (column)
 0  S . 2 .
 1  X . . 3
 2  . 1 M M
 3  . X . .
 ^ x (row)

Legend: S = start (0,0), 1..3 = goals (visit in order), X = static obstacle, M = moving obstacle patrol path, . = free cell
```

## State variables your rules can use

- `x` (integer 0..3): agent row (0 = top)
- `y` (integer 0..3): agent column (0 = left)
- `g1` (boolean): true once goal 1 has been reached
- `g2` (boolean): true once goal 2 has been reached (only counts after goal 1)
- `g3` (boolean): true once goal 3 has been reached (only counts after goal 2)

## Actions

- `up`: move to (x-1, y), i.e. one row up
- `right`: move to (x, y+1), i.e. one column right
- `down`: move to (x+1, y), i.e. one row down
- `left`: move to (x, y-1), i.e. one column left

## Requirements

A probabilistic model checker (PRISM) verifies your policy against each requirement:
- `goal1`: The agent eventually reaches goal 1. Probability must be >= 0.8.
- `goal2`: The agent eventually reaches goal 2. Probability must be >= 0.8.
- `goal3`: The agent eventually reaches goal 3. Probability must be >= 0.8.
- `seq_1_before_2`: Goal 1 is visited before goal 2 is ever entered. Probability must be >= 0.8.
- `seq_2_before_3`: Goals 1, 2 are visited in order before goal 3 is ever entered. Probability must be >= 0.8.
- `complete_sequence`: All goals are visited in the correct order (all sequence requirements at once). Probability must be >= 0.8.
- `avoid_moving_seg1`: While heading to goal 1, the agent never shares a cell with the moving obstacle. Probability must be >= 0.7.
- `avoid_moving_seg2`: While heading to goal 2, the agent never shares a cell with the moving obstacle. Probability must be >= 0.7.
- `avoid_moving_seg3`: While heading to goal 3, the agent never shares a cell with the moving obstacle. Probability must be >= 0.7.

## How to write the policy

The policy is an ordered list of rules. Each rule has a `condition` (a boolean expression over the state variables) and an `action`. For any state, the **first** rule whose condition is true decides the action, so put specific exceptions before general rules.

- Conditions use the state variables above with `=`, `!=`, `<`, `<=`, `>`, `>=`, `+`, `-`, `&` (and), `|` (or), `!` (not) and parentheses. Booleans can be used directly (`g1`, `!g1`) or compared (`g1 = true`). `true` matches every state.
- Prefer a few general rules that describe a strategy over listing states one by one. List a single state only when it truly is an exception.
- A state that no rule matches is **uncovered**. The checker reports each requirement in the *best case* (uncovered states act in the most helpful way) and the *worst case* (they act in the most harmful way). The policy succeeds only if every requirement holds **in the worst case**, so make sure every state the agent can reach is covered, for example by ending with a `true -> ...` default.

Example rules for a different gridworld (not this one), in priority order:
```
{"condition": "x = 1 & y = 4", "action": "left"}
{"condition": "!g1 & x = 2 & y < 3", "action": "right"}
{"condition": "!g1 & y = 3", "action": "down"}
{"condition": "g1 & !g2 & x > 0", "action": "up"}
{"condition": "true", "action": "down"}
```
Rule 1 is a one-cell exception, so it comes before the general rules that also match that cell. Rule 2 moves right along row 2 before goal 1, rule 3 then goes down column 3, rule 4 heads up after goal 1, and the last rule is a catch-all default that covers every remaining state.

## Output

Return JSON: `{"rules": [{"condition": "...", "action": "..."}, ...]}`. Rules are in priority order (first match wins).

2026-09-23 23:01:33,023 - INFO - Candidate policy (31 rules):
1. {"condition": "x = 2 & y = 1 & !g1", "action": "right"}
2. {"condition": "x = 0 & y = 2 & g1 & !g2", "action": "right"}
3. {"condition": "x = 1 & y = 3 & g2 & !g3", "action": "down"}
4. {"condition": "!g1 & x = 0 & y = 0", "action": "right"}
5. {"condition": "!g1 & x = 0 & y = 1", "action": "down"}
6. {"condition": "!g1 & x = 1 & y = 1", "action": "down"}
7. {"condition": "!g1 & x = 2 & y = 0", "action": "right"}
8. {"condition": "!g1 & x = 2 & y = 1", "action": "down"}
9. {"condition": "!g1 & x = 2 & y = 2", "action": "left"}
10. {"condition": "!g1 & x = 3 & y = 1", "action": "left"}
11. {"condition": "!g1 & x = 0 & y = 3", "action": "down"}
12. {"condition": "!g1 & x = 1 & y = 3", "action": "down"}
13. {"condition": "!g1 & x = 2 & y = 3", "action": "left"}
14. {"condition": "g1 & !g2 & x = 0 & y = 2", "action": "right"}
15. {"condition": "g1 & !g2 & x = 0 & y = 3", "action": "down"}
16. {"condition": "g1 & !g2 & x = 1 & y = 2", "action": "right"}
17. {"condition": "g1 & !g2 & x = 1 & y = 3", "action": "left"}
18. {"condition": "g1 & !g2 & x = 2 & y = 2", "action": "down"}
19. {"condition": "g1 & !g2 & x = 2 & y = 3", "action": "left"}
20. {"condition": "g1 & !g2 & x = 3 & y = 2", "action": "left"}
21. {"condition": "g1 & !g2 & x = 3 & y = 3", "action": "up"}
22. {"condition": "g2 & !g3 & x = 0 & y = 2", "action": "right"}
23. {"condition": "g2 & !g3 & x = 0 & y = 3", "action": "down"}
24. {"condition": "g2 & !g3 & x = 1 & y = 2", "action": "right"}
25. {"condition": "g2 & !g3 & x = 1 & y = 3", "action": "left"}
26. {"condition": "g2 & !g3 & x = 2 & y = 2", "action": "down"}
27. {"condition": "g2 & !g3 & x = 2 & y = 3", "action": "left"}
28. {"condition": "g2 & !g3 & x = 3 & y = 2", "action": "left"}
29. {"condition": "g2 & !g3 & x = 3 & y = 3", "action": "up"}
30. {"condition": "g3", "action": "down"}
31. {"condition": "true", "action": "down"}
2026-09-23 23:01:34,405 - INFO - Results: goal1: best=0.9454 worst=0.9454, goal2: best=0.2296 worst=0.2296, goal3: best=0.2062 worst=0.2062, seq_1_before_2: best=0.7987 worst=0.7987, seq_2_before_3: best=0.0000 worst=0.0000, complete_sequence: best=0.0000 worst=0.0000, avoid_moving_seg1: best=0.9176 worst=0.9176, avoid_moving_seg2: best=0.5297 worst=0.5297, avoid_moving_seg3: best=0.9982 worst=0.9982
2026-09-23 23:01:34,405 - INFO - Score (6, 6, 2.935836614726638, 2.935836614726638) (new best)
2026-09-23 23:01:34,408 - INFO - === Attempt 2/5 (refine) ===
You are an expert planner, repairing a policy written as symbolic rules. Even in the **best case** (uncovered states choosing the most helpful action), some requirements fail, so some of the existing rules steer the agent badly. Fix them while keeping what already works.

## Problem

An agent moves on a 4x4 grid. Its state is its cell (x = row, y = column; (0,0) is the top-left corner, x grows downward, y grows rightward) plus one flag per goal.

- The agent starts at (0,0) with every goal flag false.
- Goals must be visited in order: goal 1 at (2,1), then goal 2 at (0,2), then goal 3 at (1,3). Flag g1 becomes true when the agent enters goal 1's cell, and flag gk (k > 1) becomes true when it enters goal k's cell while g(k-1) is already true. Entering a goal's cell early, before its turn, violates the ordering requirements.
- Each step the agent picks an action (up, right, down or left). It moves in the chosen direction with probability 0.7, and slips 90 degrees to the left or right of it with probability 0.15 and 0.15. For example, choosing down means down 0.7, right 0.15, left 0.15.
- Moving off the grid leaves the agent where it is. Static obstacles at (1, 0), (3, 1) can never be entered: a move into one also leaves the agent where it is.
- A moving obstacle patrols the cells (2, 3) -> (2, 2) and then repeats, advancing one position per agent step. It starts at (2, 3). Its cells can be entered, but sharing a cell with the obstacle at the same time counts as a collision. The policy cannot observe where the obstacle currently is.
- The agent keeps moving after it reaches the last goal.

## Visual

```
    0 1 2 3   <- y (column)
 0  S . 2 .
 1  X . . 3
 2  . 1 M M
 3  . X . .
 ^ x (row)

Legend: S = start (0,0), 1..3 = goals (visit in order), X = static obstacle, M = moving obstacle patrol path, . = free cell
```

## State variables your rules can use

- `x` (integer 0..3): agent row (0 = top)
- `y` (integer 0..3): agent column (0 = left)
- `g1` (boolean): true once goal 1 has been reached
- `g2` (boolean): true once goal 2 has been reached (only counts after goal 1)
- `g3` (boolean): true once goal 3 has been reached (only counts after goal 2)

## Actions

- `up`: move to (x-1, y), i.e. one row up
- `right`: move to (x, y+1), i.e. one column right
- `down`: move to (x+1, y), i.e. one row down
- `left`: move to (x, y-1), i.e. one column left

## Requirements

A probabilistic model checker (PRISM) verifies your policy against each requirement:
- `goal1`: The agent eventually reaches goal 1. Probability must be >= 0.8.
- `goal2`: The agent eventually reaches goal 2. Probability must be >= 0.8.
- `goal3`: The agent eventually reaches goal 3. Probability must be >= 0.8.
- `seq_1_before_2`: Goal 1 is visited before goal 2 is ever entered. Probability must be >= 0.8.
- `seq_2_before_3`: Goals 1, 2 are visited in order before goal 3 is ever entered. Probability must be >= 0.8.
- `complete_sequence`: All goals are visited in the correct order (all sequence requirements at once). Probability must be >= 0.8.
- `avoid_moving_seg1`: While heading to goal 1, the agent never shares a cell with the moving obstacle. Probability must be >= 0.7.
- `avoid_moving_seg2`: While heading to goal 2, the agent never shares a cell with the moving obstacle. Probability must be >= 0.7.
- `avoid_moving_seg3`: While heading to goal 3, the agent never shares a cell with the moving obstacle. Probability must be >= 0.7.

## How to write the policy

The policy is an ordered list of rules. Each rule has a `condition` (a boolean expression over the state variables) and an `action`. For any state, the **first** rule whose condition is true decides the action, so put specific exceptions before general rules.

- Conditions use the state variables above with `=`, `!=`, `<`, `<=`, `>`, `>=`, `+`, `-`, `&` (and), `|` (or), `!` (not) and parentheses. Booleans can be used directly (`g1`, `!g1`) or compared (`g1 = true`). `true` matches every state.
- Prefer a few general rules that describe a strategy over listing states one by one. List a single state only when it truly is an exception.
- A state that no rule matches is **uncovered**. The checker reports each requirement in the *best case* (uncovered states act in the most helpful way) and the *worst case* (they act in the most harmful way). The policy succeeds only if every requirement holds **in the worst case**, so make sure every state the agent can reach is covered, for example by ending with a `true -> ...` default.

Example rules for a different gridworld (not this one), in priority order:
```
{"condition": "x = 1 & y = 4", "action": "left"}
{"condition": "!g1 & x = 2 & y < 3", "action": "right"}
{"condition": "!g1 & y = 3", "action": "down"}
{"condition": "g1 & !g2 & x > 0", "action": "up"}
{"condition": "true", "action": "down"}
```
Rule 1 is a one-cell exception, so it comes before the general rules that also match that cell. Rule 2 moves right along row 2 before goal 1, rule 3 then goes down column 3, rule 4 heads up after goal 1, and the last rule is a catch-all default that covers every remaining state.

## Your current rules

```
1. {"condition": "x = 2 & y = 1 & !g1", "action": "right"}
2. {"condition": "x = 0 & y = 2 & g1 & !g2", "action": "right"}
3. {"condition": "x = 1 & y = 3 & g2 & !g3", "action": "down"}
4. {"condition": "!g1 & x = 0 & y = 0", "action": "right"}
5. {"condition": "!g1 & x = 0 & y = 1", "action": "down"}
6. {"condition": "!g1 & x = 1 & y = 1", "action": "down"}
7. {"condition": "!g1 & x = 2 & y = 0", "action": "right"}
8. {"condition": "!g1 & x = 2 & y = 1", "action": "down"}
9. {"condition": "!g1 & x = 2 & y = 2", "action": "left"}
10. {"condition": "!g1 & x = 3 & y = 1", "action": "left"}
11. {"condition": "!g1 & x = 0 & y = 3", "action": "down"}
12. {"condition": "!g1 & x = 1 & y = 3", "action": "down"}
13. {"condition": "!g1 & x = 2 & y = 3", "action": "left"}
14. {"condition": "g1 & !g2 & x = 0 & y = 2", "action": "right"}
15. {"condition": "g1 & !g2 & x = 0 & y = 3", "action": "down"}
16. {"condition": "g1 & !g2 & x = 1 & y = 2", "action": "right"}
17. {"condition": "g1 & !g2 & x = 1 & y = 3", "action": "left"}
18. {"condition": "g1 & !g2 & x = 2 & y = 2", "action": "down"}
19. {"condition": "g1 & !g2 & x = 2 & y = 3", "action": "left"}
20. {"condition": "g1 & !g2 & x = 3 & y = 2", "action": "left"}
21. {"condition": "g1 & !g2 & x = 3 & y = 3", "action": "up"}
22. {"condition": "g2 & !g3 & x = 0 & y = 2", "action": "right"}
23. {"condition": "g2 & !g3 & x = 0 & y = 3", "action": "down"}
24. {"condition": "g2 & !g3 & x = 1 & y = 2", "action": "right"}
25. {"condition": "g2 & !g3 & x = 1 & y = 3", "action": "left"}
26. {"condition": "g2 & !g3 & x = 2 & y = 2", "action": "down"}
27. {"condition": "g2 & !g3 & x = 2 & y = 3", "action": "left"}
28. {"condition": "g2 & !g3 & x = 3 & y = 2", "action": "left"}
29. {"condition": "g2 & !g3 & x = 3 & y = 3", "action": "up"}
30. {"condition": "g3", "action": "down"}
31. {"condition": "true", "action": "down"}
```

The rules cover 41 of the 41 reachable situations (combinations of the state variables); 0 are uncovered.

## Verification results

| requirement | best case | worst case | needed | status |
|---|---|---|---|---|
| `goal1` | 0.9454 | 0.9454 | >= 0.8 | ok |
| `goal2` | 0.2296 | 0.2296 | >= 0.8 | FAILS even in best case |
| `goal3` | 0.2062 | 0.2062 | >= 0.8 | FAILS even in best case |
| `seq_1_before_2` | 0.7987 | 0.7987 | >= 0.8 | FAILS even in best case |
| `seq_2_before_3` | 0.0000 | 0.0000 | >= 0.8 | FAILS even in best case |
| `complete_sequence` | 0.0000 | 0.0000 | >= 0.8 | FAILS even in best case |
| `avoid_moving_seg1` | 0.9176 | 0.9176 | >= 0.7 | ok |
| `avoid_moving_seg2` | 0.5297 | 0.5297 | >= 0.7 | FAILS even in best case |
| `avoid_moving_seg3` | 0.9982 | 0.9982 | >= 0.7 | ok |

## Where probability is lost

Share of the lost probability mass (expected time spent in a state, times the probability still at stake there), by the rule that decides the state, for the failing requirements (goal2, goal3, seq_1_before_2, seq_2_before_3, complete_sequence, avoid_moving_seg2):
- 69%: rule 31 `true (action down)`. Most in: x=3 & y=0 & g1=true & g2=false & g3=false; x=2 & y=1 & g1=true & g2=false & g3=false; x=3 & y=2 & g1=false & g2=false & g3=false
- 20%: rule 20 `g1 & !g2 & x = 3 & y = 2 (action left)`. Most in: x=3 & y=2 & g1=true & g2=false & g3=false
- 4%: rule 18 `g1 & !g2 & x = 2 & y = 2 (action down)`. Most in: x=2 & y=2 & g1=true & g2=false & g3=false
- 2%: rule 30 `g3 (action down)`. Most in: x=3 & y=3 & g1=true & g2=true & g3=true; x=3 & y=2 & g1=true & g2=true & g3=true; x=3 & y=0 & g1=true & g2=true & g3=true
- 2%: rule 4 `!g1 & x = 0 & y = 0 (action right)`. Most in: x=0 & y=0 & g1=false & g2=false & g3=false
- 1%: rule 5 `!g1 & x = 0 & y = 1 (action down)`. Most in: x=0 & y=1 & g1=false & g2=false & g3=false
- 1%: rule 6 `!g1 & x = 1 & y = 1 (action down)`. Most in: x=1 & y=1 & g1=false & g2=false & g3=false
- 1%: rule 19 `g1 & !g2 & x = 2 & y = 3 (action left)`. Most in: x=2 & y=3 & g1=true & g2=false & g3=false
- 0%: rule 9 `!g1 & x = 2 & y = 2 (action left)`. Most in: x=2 & y=2 & g1=false & g2=false & g3=false
- 0%: rule 16 `g1 & !g2 & x = 1 & y = 2 (action right)`. Most in: x=1 & y=2 & g1=true & g2=false & g3=false

## Task

Rewrite the rule list to fix the failing requirements. You may change, reorder, delete or add rules. Return the **complete** new rule list as JSON: `{"rules": [{"condition": "...", "action": "..."}, ...]}`.

2026-09-23 23:04:16,437 - INFO - Candidate policy (47 rules):
1. {"condition": "x = 2 & y = 1 & !g1", "action": "right"}
2. {"condition": "x = 0 & y = 2 & g1 & !g2", "action": "right"}
3. {"condition": "x = 1 & y = 3 & g2 & !g3", "action": "down"}
4. {"condition": "!g1 & x = 0 & y = 0", "action": "right"}
5. {"condition": "!g1 & x = 0 & y = 1", "action": "down"}
6. {"condition": "!g1 & x = 1 & y = 1", "action": "down"}
7. {"condition": "!g1 & x = 2 & y = 0", "action": "right"}
8. {"condition": "!g1 & x = 2 & y = 1", "action": "down"}
9. {"condition": "!g1 & x = 2 & y = 2", "action": "left"}
10. {"condition": "!g1 & x = 3 & y = 1", "action": "left"}
11. {"condition": "!g1 & x = 0 & y = 3", "action": "down"}
12. {"condition": "!g1 & x = 1 & y = 3", "action": "down"}
13. {"condition": "!g1 & x = 2 & y = 3", "action": "left"}
14. {"condition": "g1 & !g2 & x = 0 & y = 2", "action": "right"}
15. {"condition": "g1 & !g2 & x = 0 & y = 3", "action": "down"}
16. {"condition": "g1 & !g2 & x = 1 & y = 2", "action": "right"}
17. {"condition": "g1 & !g2 & x = 1 & y = 3", "action": "left"}
18. {"condition": "g1 & !g2 & x = 2 & y = 2", "action": "down"}
19. {"condition": "g1 & !g2 & x = 2 & y = 3", "action": "left"}
20. {"condition": "g1 & !g2 & x = 3 & y = 2", "action": "left"}
21. {"condition": "g1 & !g2 & x = 3 & y = 3", "action": "up"}
22. {"condition": "g2 & !g3 & x = 0 & y = 2", "action": "right"}
23. {"condition": "g2 & !g3 & x = 0 & y = 3", "action": "down"}
24. {"condition": "g2 & !g3 & x = 1 & y = 2", "action": "right"}
25. {"condition": "g2 & !g3 & x = 1 & y = 3", "action": "left"}
26. {"condition": "g2 & !g3 & x = 2 & y = 2", "action": "down"}
27. {"condition": "g2 & !g3 & x = 2 & y = 3", "action": "left"}
28. {"condition": "g2 & !g3 & x = 3 & y = 2", "action": "left"}
29. {"condition": "g2 & !g3 & x = 3 & y = 3", "action": "up"}
30. {"condition": "g3", "action": "down"}
31. {"condition": "g1 & !g2 & x = 3 & y = 2", "action": "up"}
32. {"condition": "g1 & !g2 & x = 3 & y = 1", "action": "up"}
33. {"condition": "g1 & !g2 & x = 3 & y = 0", "action": "up"}
34. {"condition": "g1 & !g2 & x = 2 & y = 1", "action": "up"}
35. {"condition": "g1 & !g2 & x = 1 & y = 1", "action": "up"}
36. {"condition": "g1 & !g2 & x = 1 & y = 0", "action": "up"}
37. {"condition": "g1 & !g2 & x = 0 & y = 0", "action": "right"}
38. {"condition": "g1 & !g2 & x = 0 & y = 1", "action": "right"}
39. {"condition": "g2 & !g3 & x = 3 & y = 2", "action": "up"}
40. {"condition": "g2 & !g3 & x = 3 & y = 1", "action": "up"}
41. {"condition": "g2 & !g3 & x = 3 & y = 0", "action": "up"}
42. {"condition": "g2 & !g3 & x = 2 & y = 1", "action": "up"}
43. {"condition": "g2 & !g3 & x = 1 & y = 1", "action": "up"}
44. {"condition": "g2 & !g3 & x = 1 & y = 0", "action": "up"}
45. {"condition": "g2 & !g3 & x = 0 & y = 0", "action": "right"}
46. {"condition": "g2 & !g3 & x = 0 & y = 1", "action": "right"}
47. {"condition": "true", "action": "down"}
2026-09-23 23:04:17,823 - INFO - Results: goal1: best=0.9454 worst=0.9454, goal2: best=0.9751 worst=0.9751, goal3: best=0.9662 worst=0.9662, seq_1_before_2: best=0.7987 worst=0.7987, seq_2_before_3: best=0.7342 worst=0.7342, complete_sequence: best=0.6407 worst=0.6407, avoid_moving_seg1: best=0.9176 worst=0.9176, avoid_moving_seg2: best=0.7800 worst=0.7800, avoid_moving_seg3: best=0.9747 worst=0.9747
2026-09-23 23:04:17,823 - INFO - Score (3, 3, 0.22643751165578152, 0.2264537754339796) (new best)
2026-09-23 23:04:17,825 - INFO - === Attempt 3/5 (refine) ===
You are an expert planner, repairing a policy written as symbolic rules. Even in the **best case** (uncovered states choosing the most helpful action), some requirements fail, so some of the existing rules steer the agent badly. Fix them while keeping what already works.

## Problem

An agent moves on a 4x4 grid. Its state is its cell (x = row, y = column; (0,0) is the top-left corner, x grows downward, y grows rightward) plus one flag per goal.

- The agent starts at (0,0) with every goal flag false.
- Goals must be visited in order: goal 1 at (2,1), then goal 2 at (0,2), then goal 3 at (1,3). Flag g1 becomes true when the agent enters goal 1's cell, and flag gk (k > 1) becomes true when it enters goal k's cell while g(k-1) is already true. Entering a goal's cell early, before its turn, violates the ordering requirements.
- Each step the agent picks an action (up, right, down or left). It moves in the chosen direction with probability 0.7, and slips 90 degrees to the left or right of it with probability 0.15 and 0.15. For example, choosing down means down 0.7, right 0.15, left 0.15.
- Moving off the grid leaves the agent where it is. Static obstacles at (1, 0), (3, 1) can never be entered: a move into one also leaves the agent where it is.
- A moving obstacle patrols the cells (2, 3) -> (2, 2) and then repeats, advancing one position per agent step. It starts at (2, 3). Its cells can be entered, but sharing a cell with the obstacle at the same time counts as a collision. The policy cannot observe where the obstacle currently is.
- The agent keeps moving after it reaches the last goal.

## Visual

```
    0 1 2 3   <- y (column)
 0  S . 2 .
 1  X . . 3
 2  . 1 M M
 3  . X . .
 ^ x (row)

Legend: S = start (0,0), 1..3 = goals (visit in order), X = static obstacle, M = moving obstacle patrol path, . = free cell
```

## State variables your rules can use

- `x` (integer 0..3): agent row (0 = top)
- `y` (integer 0..3): agent column (0 = left)
- `g1` (boolean): true once goal 1 has been reached
- `g2` (boolean): true once goal 2 has been reached (only counts after goal 1)
- `g3` (boolean): true once goal 3 has been reached (only counts after goal 2)

## Actions

- `up`: move to (x-1, y), i.e. one row up
- `right`: move to (x, y+1), i.e. one column right
- `down`: move to (x+1, y), i.e. one row down
- `left`: move to (x, y-1), i.e. one column left

## Requirements

A probabilistic model checker (PRISM) verifies your policy against each requirement:
- `goal1`: The agent eventually reaches goal 1. Probability must be >= 0.8.
- `goal2`: The agent eventually reaches goal 2. Probability must be >= 0.8.
- `goal3`: The agent eventually reaches goal 3. Probability must be >= 0.8.
- `seq_1_before_2`: Goal 1 is visited before goal 2 is ever entered. Probability must be >= 0.8.
- `seq_2_before_3`: Goals 1, 2 are visited in order before goal 3 is ever entered. Probability must be >= 0.8.
- `complete_sequence`: All goals are visited in the correct order (all sequence requirements at once). Probability must be >= 0.8.
- `avoid_moving_seg1`: While heading to goal 1, the agent never shares a cell with the moving obstacle. Probability must be >= 0.7.
- `avoid_moving_seg2`: While heading to goal 2, the agent never shares a cell with the moving obstacle. Probability must be >= 0.7.
- `avoid_moving_seg3`: While heading to goal 3, the agent never shares a cell with the moving obstacle. Probability must be >= 0.7.

## How to write the policy

The policy is an ordered list of rules. Each rule has a `condition` (a boolean expression over the state variables) and an `action`. For any state, the **first** rule whose condition is true decides the action, so put specific exceptions before general rules.

- Conditions use the state variables above with `=`, `!=`, `<`, `<=`, `>`, `>=`, `+`, `-`, `&` (and), `|` (or), `!` (not) and parentheses. Booleans can be used directly (`g1`, `!g1`) or compared (`g1 = true`). `true` matches every state.
- Prefer a few general rules that describe a strategy over listing states one by one. List a single state only when it truly is an exception.
- A state that no rule matches is **uncovered**. The checker reports each requirement in the *best case* (uncovered states act in the most helpful way) and the *worst case* (they act in the most harmful way). The policy succeeds only if every requirement holds **in the worst case**, so make sure every state the agent can reach is covered, for example by ending with a `true -> ...` default.

Example rules for a different gridworld (not this one), in priority order:
```
{"condition": "x = 1 & y = 4", "action": "left"}
{"condition": "!g1 & x = 2 & y < 3", "action": "right"}
{"condition": "!g1 & y = 3", "action": "down"}
{"condition": "g1 & !g2 & x > 0", "action": "up"}
{"condition": "true", "action": "down"}
```
Rule 1 is a one-cell exception, so it comes before the general rules that also match that cell. Rule 2 moves right along row 2 before goal 1, rule 3 then goes down column 3, rule 4 heads up after goal 1, and the last rule is a catch-all default that covers every remaining state.

## Your current rules

```
1. {"condition": "x = 2 & y = 1 & !g1", "action": "right"}
2. {"condition": "x = 0 & y = 2 & g1 & !g2", "action": "right"}
3. {"condition": "x = 1 & y = 3 & g2 & !g3", "action": "down"}
4. {"condition": "!g1 & x = 0 & y = 0", "action": "right"}
5. {"condition": "!g1 & x = 0 & y = 1", "action": "down"}
6. {"condition": "!g1 & x = 1 & y = 1", "action": "down"}
7. {"condition": "!g1 & x = 2 & y = 0", "action": "right"}
8. {"condition": "!g1 & x = 2 & y = 1", "action": "down"}
9. {"condition": "!g1 & x = 2 & y = 2", "action": "left"}
10. {"condition": "!g1 & x = 3 & y = 1", "action": "left"}
11. {"condition": "!g1 & x = 0 & y = 3", "action": "down"}
12. {"condition": "!g1 & x = 1 & y = 3", "action": "down"}
13. {"condition": "!g1 & x = 2 & y = 3", "action": "left"}
14. {"condition": "g1 & !g2 & x = 0 & y = 2", "action": "right"}
15. {"condition": "g1 & !g2 & x = 0 & y = 3", "action": "down"}
16. {"condition": "g1 & !g2 & x = 1 & y = 2", "action": "right"}
17. {"condition": "g1 & !g2 & x = 1 & y = 3", "action": "left"}
18. {"condition": "g1 & !g2 & x = 2 & y = 2", "action": "down"}
19. {"condition": "g1 & !g2 & x = 2 & y = 3", "action": "left"}
20. {"condition": "g1 & !g2 & x = 3 & y = 2", "action": "left"}
21. {"condition": "g1 & !g2 & x = 3 & y = 3", "action": "up"}
22. {"condition": "g2 & !g3 & x = 0 & y = 2", "action": "right"}
23. {"condition": "g2 & !g3 & x = 0 & y = 3", "action": "down"}
24. {"condition": "g2 & !g3 & x = 1 & y = 2", "action": "right"}
25. {"condition": "g2 & !g3 & x = 1 & y = 3", "action": "left"}
26. {"condition": "g2 & !g3 & x = 2 & y = 2", "action": "down"}
27. {"condition": "g2 & !g3 & x = 2 & y = 3", "action": "left"}
28. {"condition": "g2 & !g3 & x = 3 & y = 2", "action": "left"}
29. {"condition": "g2 & !g3 & x = 3 & y = 3", "action": "up"}
30. {"condition": "g3", "action": "down"}
31. {"condition": "g1 & !g2 & x = 3 & y = 2", "action": "up"}
32. {"condition": "g1 & !g2 & x = 3 & y = 1", "action": "up"}
33. {"condition": "g1 & !g2 & x = 3 & y = 0", "action": "up"}
34. {"condition": "g1 & !g2 & x = 2 & y = 1", "action": "up"}
35. {"condition": "g1 & !g2 & x = 1 & y = 1", "action": "up"}
36. {"condition": "g1 & !g2 & x = 1 & y = 0", "action": "up"}
37. {"condition": "g1 & !g2 & x = 0 & y = 0", "action": "right"}
38. {"condition": "g1 & !g2 & x = 0 & y = 1", "action": "right"}
39. {"condition": "g2 & !g3 & x = 3 & y = 2", "action": "up"}
40. {"condition": "g2 & !g3 & x = 3 & y = 1", "action": "up"}
41. {"condition": "g2 & !g3 & x = 3 & y = 0", "action": "up"}
42. {"condition": "g2 & !g3 & x = 2 & y = 1", "action": "up"}
43. {"condition": "g2 & !g3 & x = 1 & y = 1", "action": "up"}
44. {"condition": "g2 & !g3 & x = 1 & y = 0", "action": "up"}
45. {"condition": "g2 & !g3 & x = 0 & y = 0", "action": "right"}
46. {"condition": "g2 & !g3 & x = 0 & y = 1", "action": "right"}
47. {"condition": "true", "action": "down"}
```

The rules cover 45 of the 45 reachable situations (combinations of the state variables); 0 are uncovered.

## Verification results

| requirement | best case | worst case | needed | status |
|---|---|---|---|---|
| `goal1` | 0.9454 | 0.9454 | >= 0.8 | ok |
| `goal2` | 0.9751 | 0.9751 | >= 0.8 | ok |
| `goal3` | 0.9662 | 0.9662 | >= 0.8 | ok |
| `seq_1_before_2` | 0.7987 | 0.7987 | >= 0.8 | FAILS even in best case |
| `seq_2_before_3` | 0.7342 | 0.7342 | >= 0.8 | FAILS even in best case |
| `complete_sequence` | 0.6407 | 0.6407 | >= 0.8 | FAILS even in best case |
| `avoid_moving_seg1` | 0.9176 | 0.9176 | >= 0.7 | ok |
| `avoid_moving_seg2` | 0.7800 | 0.7800 | >= 0.7 | ok |
| `avoid_moving_seg3` | 0.9747 | 0.9747 | >= 0.7 | ok |

## Where probability is lost

Share of the lost probability mass (expected time spent in a state, times the probability still at stake there), by the rule that decides the state, for the failing requirements (seq_1_before_2, seq_2_before_3, complete_sequence):
- 83%: rule 30 `g3 (action down)`. Most in: x=3 & y=3 & g1=true & g2=true & g3=true; x=3 & y=2 & g1=true & g2=true & g3=true; x=3 & y=0 & g1=true & g2=true & g3=true
- 7%: rule 47 `true (action down)`. Most in: x=3 & y=2 & g1=false & g2=false & g3=false; x=3 & y=3 & g1=false & g2=false & g3=false; x=2 & y=0 & g1=true & g2=false & g3=false
- 2%: rule 20 `g1 & !g2 & x = 3 & y = 2 (action left)`. Most in: x=3 & y=2 & g1=true & g2=false & g3=false
- 2%: rule 35 `g1 & !g2 & x = 1 & y = 1 (action up)`. Most in: x=1 & y=1 & g1=true & g2=false & g3=false
- 1%: rule 38 `g1 & !g2 & x = 0 & y = 1 (action right)`. Most in: x=0 & y=1 & g1=true & g2=false & g3=false
- 1%: rule 23 `g2 & !g3 & x = 0 & y = 3 (action down)`. Most in: x=0 & y=3 & g1=true & g2=true & g3=false
- 1%: rule 4 `!g1 & x = 0 & y = 0 (action right)`. Most in: x=0 & y=0 & g1=false & g2=false & g3=false
- 1%: rule 22 `g2 & !g3 & x = 0 & y = 2 (action right)`. Most in: x=0 & y=2 & g1=true & g2=true & g3=false
- 0%: rule 16 `g1 & !g2 & x = 1 & y = 2 (action right)`. Most in: x=1 & y=2 & g1=true & g2=false & g3=false
- 0%: rule 18 `g1 & !g2 & x = 2 & y = 2 (action down)`. Most in: x=2 & y=2 & g1=true & g2=false & g3=false

## Task

Rewrite the rule list to fix the failing requirements. You may change, reorder, delete or add rules. Return the **complete** new rule list as JSON: `{"rules": [{"condition": "...", "action": "..."}, ...]}`.

2026-09-23 23:04:56,690 - INFO - Candidate policy (47 rules):
1. {"condition": "x = 2 & y = 1 & !g1", "action": "right"}
2. {"condition": "x = 0 & y = 2 & g1 & !g2", "action": "right"}
3. {"condition": "x = 1 & y = 3 & g2 & !g3", "action": "down"}
4. {"condition": "!g1 & x = 0 & y = 0", "action": "right"}
5. {"condition": "!g1 & x = 0 & y = 1", "action": "down"}
6. {"condition": "!g1 & x = 1 & y = 1", "action": "down"}
7. {"condition": "!g1 & x = 2 & y = 0", "action": "right"}
8. {"condition": "!g1 & x = 2 & y = 1", "action": "down"}
9. {"condition": "!g1 & x = 2 & y = 2", "action": "left"}
10. {"condition": "!g1 & x = 3 & y = 1", "action": "left"}
11. {"condition": "!g1 & x = 0 & y = 3", "action": "down"}
12. {"condition": "!g1 & x = 1 & y = 3", "action": "down"}
13. {"condition": "!g1 & x = 2 & y = 3", "action": "left"}
14. {"condition": "g1 & !g2 & x = 0 & y = 2", "action": "right"}
15. {"condition": "g1 & !g2 & x = 0 & y = 3", "action": "down"}
16. {"condition": "g1 & !g2 & x = 1 & y = 2", "action": "right"}
17. {"condition": "g1 & !g2 & x = 1 & y = 3", "action": "left"}
18. {"condition": "g1 & !g2 & x = 2 & y = 2", "action": "down"}
19. {"condition": "g1 & !g2 & x = 2 & y = 3", "action": "left"}
20. {"condition": "g1 & !g2 & x = 3 & y = 2", "action": "left"}
21. {"condition": "g1 & !g2 & x = 3 & y = 3", "action": "up"}
22. {"condition": "g2 & !g3 & x = 0 & y = 2", "action": "right"}
23. {"condition": "g2 & !g3 & x = 0 & y = 3", "action": "down"}
24. {"condition": "g2 & !g3 & x = 1 & y = 2", "action": "right"}
25. {"condition": "g2 & !g3 & x = 1 & y = 3", "action": "left"}
26. {"condition": "g2 & !g3 & x = 2 & y = 2", "action": "down"}
27. {"condition": "g2 & !g3 & x = 2 & y = 3", "action": "left"}
28. {"condition": "g2 & !g3 & x = 3 & y = 2", "action": "left"}
29. {"condition": "g2 & !g3 & x = 3 & y = 3", "action": "up"}
30. {"condition": "g1 & !g2 & x = 3 & y = 2", "action": "up"}
31. {"condition": "g1 & !g2 & x = 3 & y = 1", "action": "up"}
32. {"condition": "g1 & !g2 & x = 3 & y = 0", "action": "up"}
33. {"condition": "g1 & !g2 & x = 2 & y = 1", "action": "up"}
34. {"condition": "g1 & !g2 & x = 1 & y = 1", "action": "up"}
35. {"condition": "g1 & !g2 & x = 1 & y = 0", "action": "up"}
36. {"condition": "g1 & !g2 & x = 0 & y = 0", "action": "right"}
37. {"condition": "g1 & !g2 & x = 0 & y = 1", "action": "right"}
38. {"condition": "g2 & !g3 & x = 3 & y = 2", "action": "up"}
39. {"condition": "g2 & !g3 & x = 3 & y = 1", "action": "up"}
40. {"condition": "g2 & !g3 & x = 3 & y = 0", "action": "up"}
41. {"condition": "g2 & !g3 & x = 2 & y = 1", "action": "up"}
42. {"condition": "g2 & !g3 & x = 1 & y = 1", "action": "up"}
43. {"condition": "g2 & !g3 & x = 1 & y = 0", "action": "up"}
44. {"condition": "g2 & !g3 & x = 0 & y = 0", "action": "right"}
45. {"condition": "g2 & !g3 & x = 0 & y = 1", "action": "right"}
46. {"condition": "g3", "action": "right"}
47. {"condition": "true", "action": "down"}
2026-09-23 23:04:58,060 - INFO - Results: goal1: best=0.9454 worst=0.9454, goal2: best=0.9751 worst=0.9751, goal3: best=0.9662 worst=0.9662, seq_1_before_2: best=0.7987 worst=0.7987, seq_2_before_3: best=0.7342 worst=0.7342, complete_sequence: best=0.6407 worst=0.6407, avoid_moving_seg1: best=0.9176 worst=0.9176, avoid_moving_seg2: best=0.7800 worst=0.7800, avoid_moving_seg3: best=0.9747 worst=0.9747
2026-09-23 23:04:58,060 - INFO - Score (3, 3, 0.2264375116557814, 0.2264537754339796) (new best)
2026-09-23 23:04:58,062 - INFO - === Attempt 4/5 (refine) ===
You are an expert planner, repairing a policy written as symbolic rules. Even in the **best case** (uncovered states choosing the most helpful action), some requirements fail, so some of the existing rules steer the agent badly. Fix them while keeping what already works.

## Problem

An agent moves on a 4x4 grid. Its state is its cell (x = row, y = column; (0,0) is the top-left corner, x grows downward, y grows rightward) plus one flag per goal.

- The agent starts at (0,0) with every goal flag false.
- Goals must be visited in order: goal 1 at (2,1), then goal 2 at (0,2), then goal 3 at (1,3). Flag g1 becomes true when the agent enters goal 1's cell, and flag gk (k > 1) becomes true when it enters goal k's cell while g(k-1) is already true. Entering a goal's cell early, before its turn, violates the ordering requirements.
- Each step the agent picks an action (up, right, down or left). It moves in the chosen direction with probability 0.7, and slips 90 degrees to the left or right of it with probability 0.15 and 0.15. For example, choosing down means down 0.7, right 0.15, left 0.15.
- Moving off the grid leaves the agent where it is. Static obstacles at (1, 0), (3, 1) can never be entered: a move into one also leaves the agent where it is.
- A moving obstacle patrols the cells (2, 3) -> (2, 2) and then repeats, advancing one position per agent step. It starts at (2, 3). Its cells can be entered, but sharing a cell with the obstacle at the same time counts as a collision. The policy cannot observe where the obstacle currently is.
- The agent keeps moving after it reaches the last goal.

## Visual

```
    0 1 2 3   <- y (column)
 0  S . 2 .
 1  X . . 3
 2  . 1 M M
 3  . X . .
 ^ x (row)

Legend: S = start (0,0), 1..3 = goals (visit in order), X = static obstacle, M = moving obstacle patrol path, . = free cell
```

## State variables your rules can use

- `x` (integer 0..3): agent row (0 = top)
- `y` (integer 0..3): agent column (0 = left)
- `g1` (boolean): true once goal 1 has been reached
- `g2` (boolean): true once goal 2 has been reached (only counts after goal 1)
- `g3` (boolean): true once goal 3 has been reached (only counts after goal 2)

## Actions

- `up`: move to (x-1, y), i.e. one row up
- `right`: move to (x, y+1), i.e. one column right
- `down`: move to (x+1, y), i.e. one row down
- `left`: move to (x, y-1), i.e. one column left

## Requirements

A probabilistic model checker (PRISM) verifies your policy against each requirement:
- `goal1`: The agent eventually reaches goal 1. Probability must be >= 0.8.
- `goal2`: The agent eventually reaches goal 2. Probability must be >= 0.8.
- `goal3`: The agent eventually reaches goal 3. Probability must be >= 0.8.
- `seq_1_before_2`: Goal 1 is visited before goal 2 is ever entered. Probability must be >= 0.8.
- `seq_2_before_3`: Goals 1, 2 are visited in order before goal 3 is ever entered. Probability must be >= 0.8.
- `complete_sequence`: All goals are visited in the correct order (all sequence requirements at once). Probability must be >= 0.8.
- `avoid_moving_seg1`: While heading to goal 1, the agent never shares a cell with the moving obstacle. Probability must be >= 0.7.
- `avoid_moving_seg2`: While heading to goal 2, the agent never shares a cell with the moving obstacle. Probability must be >= 0.7.
- `avoid_moving_seg3`: While heading to goal 3, the agent never shares a cell with the moving obstacle. Probability must be >= 0.7.

## How to write the policy

The policy is an ordered list of rules. Each rule has a `condition` (a boolean expression over the state variables) and an `action`. For any state, the **first** rule whose condition is true decides the action, so put specific exceptions before general rules.

- Conditions use the state variables above with `=`, `!=`, `<`, `<=`, `>`, `>=`, `+`, `-`, `&` (and), `|` (or), `!` (not) and parentheses. Booleans can be used directly (`g1`, `!g1`) or compared (`g1 = true`). `true` matches every state.
- Prefer a few general rules that describe a strategy over listing states one by one. List a single state only when it truly is an exception.
- A state that no rule matches is **uncovered**. The checker reports each requirement in the *best case* (uncovered states act in the most helpful way) and the *worst case* (they act in the most harmful way). The policy succeeds only if every requirement holds **in the worst case**, so make sure every state the agent can reach is covered, for example by ending with a `true -> ...` default.

Example rules for a different gridworld (not this one), in priority order:
```
{"condition": "x = 1 & y = 4", "action": "left"}
{"condition": "!g1 & x = 2 & y < 3", "action": "right"}
{"condition": "!g1 & y = 3", "action": "down"}
{"condition": "g1 & !g2 & x > 0", "action": "up"}
{"condition": "true", "action": "down"}
```
Rule 1 is a one-cell exception, so it comes before the general rules that also match that cell. Rule 2 moves right along row 2 before goal 1, rule 3 then goes down column 3, rule 4 heads up after goal 1, and the last rule is a catch-all default that covers every remaining state.

## Your current rules

```
1. {"condition": "x = 2 & y = 1 & !g1", "action": "right"}
2. {"condition": "x = 0 & y = 2 & g1 & !g2", "action": "right"}
3. {"condition": "x = 1 & y = 3 & g2 & !g3", "action": "down"}
4. {"condition": "!g1 & x = 0 & y = 0", "action": "right"}
5. {"condition": "!g1 & x = 0 & y = 1", "action": "down"}
6. {"condition": "!g1 & x = 1 & y = 1", "action": "down"}
7. {"condition": "!g1 & x = 2 & y = 0", "action": "right"}
8. {"condition": "!g1 & x = 2 & y = 1", "action": "down"}
9. {"condition": "!g1 & x = 2 & y = 2", "action": "left"}
10. {"condition": "!g1 & x = 3 & y = 1", "action": "left"}
11. {"condition": "!g1 & x = 0 & y = 3", "action": "down"}
12. {"condition": "!g1 & x = 1 & y = 3", "action": "down"}
13. {"condition": "!g1 & x = 2 & y = 3", "action": "left"}
14. {"condition": "g1 & !g2 & x = 0 & y = 2", "action": "right"}
15. {"condition": "g1 & !g2 & x = 0 & y = 3", "action": "down"}
16. {"condition": "g1 & !g2 & x = 1 & y = 2", "action": "right"}
17. {"condition": "g1 & !g2 & x = 1 & y = 3", "action": "left"}
18. {"condition": "g1 & !g2 & x = 2 & y = 2", "action": "down"}
19. {"condition": "g1 & !g2 & x = 2 & y = 3", "action": "left"}
20. {"condition": "g1 & !g2 & x = 3 & y = 2", "action": "left"}
21. {"condition": "g1 & !g2 & x = 3 & y = 3", "action": "up"}
22. {"condition": "g2 & !g3 & x = 0 & y = 2", "action": "right"}
23. {"condition": "g2 & !g3 & x = 0 & y = 3", "action": "down"}
24. {"condition": "g2 & !g3 & x = 1 & y = 2", "action": "right"}
25. {"condition": "g2 & !g3 & x = 1 & y = 3", "action": "left"}
26. {"condition": "g2 & !g3 & x = 2 & y = 2", "action": "down"}
27. {"condition": "g2 & !g3 & x = 2 & y = 3", "action": "left"}
28. {"condition": "g2 & !g3 & x = 3 & y = 2", "action": "left"}
29. {"condition": "g2 & !g3 & x = 3 & y = 3", "action": "up"}
30. {"condition": "g1 & !g2 & x = 3 & y = 2", "action": "up"}
31. {"condition": "g1 & !g2 & x = 3 & y = 1", "action": "up"}
32. {"condition": "g1 & !g2 & x = 3 & y = 0", "action": "up"}
33. {"condition": "g1 & !g2 & x = 2 & y = 1", "action": "up"}
34. {"condition": "g1 & !g2 & x = 1 & y = 1", "action": "up"}
35. {"condition": "g1 & !g2 & x = 1 & y = 0", "action": "up"}
36. {"condition": "g1 & !g2 & x = 0 & y = 0", "action": "right"}
37. {"condition": "g1 & !g2 & x = 0 & y = 1", "action": "right"}
38. {"condition": "g2 & !g3 & x = 3 & y = 2", "action": "up"}
39. {"condition": "g2 & !g3 & x = 3 & y = 1", "action": "up"}
40. {"condition": "g2 & !g3 & x = 3 & y = 0", "action": "up"}
41. {"condition": "g2 & !g3 & x = 2 & y = 1", "action": "up"}
42. {"condition": "g2 & !g3 & x = 1 & y = 1", "action": "up"}
43. {"condition": "g2 & !g3 & x = 1 & y = 0", "action": "up"}
44. {"condition": "g2 & !g3 & x = 0 & y = 0", "action": "right"}
45. {"condition": "g2 & !g3 & x = 0 & y = 1", "action": "right"}
46. {"condition": "g3", "action": "right"}
47. {"condition": "true", "action": "down"}
```

The rules cover 39 of the 39 reachable situations (combinations of the state variables); 0 are uncovered.

## Verification results

| requirement | best case | worst case | needed | status |
|---|---|---|---|---|
| `goal1` | 0.9454 | 0.9454 | >= 0.8 | ok |
| `goal2` | 0.9751 | 0.9751 | >= 0.8 | ok |
| `goal3` | 0.9662 | 0.9662 | >= 0.8 | ok |
| `seq_1_before_2` | 0.7987 | 0.7987 | >= 0.8 | FAILS even in best case |
| `seq_2_before_3` | 0.7342 | 0.7342 | >= 0.8 | FAILS even in best case |
| `complete_sequence` | 0.6407 | 0.6407 | >= 0.8 | FAILS even in best case |
| `avoid_moving_seg1` | 0.9176 | 0.9176 | >= 0.7 | ok |
| `avoid_moving_seg2` | 0.7800 | 0.7800 | >= 0.7 | ok |
| `avoid_moving_seg3` | 0.9747 | 0.9747 | >= 0.7 | ok |

## Where probability is lost

Share of the lost probability mass (expected time spent in a state, times the probability still at stake there), by the rule that decides the state, for the failing requirements (seq_1_before_2, seq_2_before_3, complete_sequence):
- 78%: rule 46 `g3 (action right)`. Most in: x=2 & y=3 & g1=true & g2=true & g3=true; x=3 & y=3 & g1=true & g2=true & g3=true; x=0 & y=3 & g1=true & g2=true & g3=true
- 9%: rule 47 `true (action down)`. Most in: x=3 & y=2 & g1=false & g2=false & g3=false; x=3 & y=3 & g1=false & g2=false & g3=false; x=2 & y=0 & g1=true & g2=false & g3=false
- 3%: rule 20 `g1 & !g2 & x = 3 & y = 2 (action left)`. Most in: x=3 & y=2 & g1=true & g2=false & g3=false
- 2%: rule 34 `g1 & !g2 & x = 1 & y = 1 (action up)`. Most in: x=1 & y=1 & g1=true & g2=false & g3=false
- 2%: rule 37 `g1 & !g2 & x = 0 & y = 1 (action right)`. Most in: x=0 & y=1 & g1=true & g2=false & g3=false
- 1%: rule 23 `g2 & !g3 & x = 0 & y = 3 (action down)`. Most in: x=0 & y=3 & g1=true & g2=true & g3=false
- 1%: rule 4 `!g1 & x = 0 & y = 0 (action right)`. Most in: x=0 & y=0 & g1=false & g2=false & g3=false
- 1%: rule 22 `g2 & !g3 & x = 0 & y = 2 (action right)`. Most in: x=0 & y=2 & g1=true & g2=true & g3=false
- 1%: rule 16 `g1 & !g2 & x = 1 & y = 2 (action right)`. Most in: x=1 & y=2 & g1=true & g2=false & g3=false
- 1%: rule 18 `g1 & !g2 & x = 2 & y = 2 (action down)`. Most in: x=2 & y=2 & g1=true & g2=false & g3=false

## Task

Rewrite the rule list to fix the failing requirements. You may change, reorder, delete or add rules. Return the **complete** new rule list as JSON: `{"rules": [{"condition": "...", "action": "..."}, ...]}`.

2026-09-23 23:07:45,391 - INFO - Candidate policy (60 rules):
1. {"condition": "x = 2 & y = 1 & !g1", "action": "right"}
2. {"condition": "x = 0 & y = 2 & g1 & !g2", "action": "right"}
3. {"condition": "x = 1 & y = 3 & g2 & !g3", "action": "down"}
4. {"condition": "!g1 & x = 0 & y = 0", "action": "right"}
5. {"condition": "!g1 & x = 0 & y = 1", "action": "down"}
6. {"condition": "!g1 & x = 1 & y = 1", "action": "down"}
7. {"condition": "!g1 & x = 2 & y = 0", "action": "right"}
8. {"condition": "!g1 & x = 2 & y = 1", "action": "down"}
9. {"condition": "!g1 & x = 2 & y = 2", "action": "left"}
10. {"condition": "!g1 & x = 3 & y = 1", "action": "left"}
11. {"condition": "!g1 & x = 0 & y = 3", "action": "down"}
12. {"condition": "!g1 & x = 1 & y = 3", "action": "down"}
13. {"condition": "!g1 & x = 2 & y = 3", "action": "left"}
14. {"condition": "g1 & !g2 & x = 0 & y = 2", "action": "right"}
15. {"condition": "g1 & !g2 & x = 0 & y = 3", "action": "down"}
16. {"condition": "g1 & !g2 & x = 1 & y = 2", "action": "right"}
17. {"condition": "g1 & !g2 & x = 1 & y = 3", "action": "left"}
18. {"condition": "g1 & !g2 & x = 2 & y = 2", "action": "down"}
19. {"condition": "g1 & !g2 & x = 2 & y = 3", "action": "left"}
20. {"condition": "g1 & !g2 & x = 3 & y = 2", "action": "left"}
21. {"condition": "g1 & !g2 & x = 3 & y = 3", "action": "up"}
22. {"condition": "g1 & !g2 & x = 3 & y = 1", "action": "up"}
23. {"condition": "g1 & !g2 & x = 3 & y = 0", "action": "up"}
24. {"condition": "g1 & !g2 & x = 2 & y = 1", "action": "up"}
25. {"condition": "g1 & !g2 & x = 1 & y = 1", "action": "up"}
26. {"condition": "g1 & !g2 & x = 1 & y = 0", "action": "up"}
27. {"condition": "g1 & !g2 & x = 0 & y = 0", "action": "right"}
28. {"condition": "g1 & !g2 & x = 0 & y = 1", "action": "right"}
29. {"condition": "g2 & !g3 & x = 0 & y = 2", "action": "right"}
30. {"condition": "g2 & !g3 & x = 0 & y = 3", "action": "down"}
31. {"condition": "g2 & !g3 & x = 1 & y = 2", "action": "right"}
32. {"condition": "g2 & !g3 & x = 1 & y = 3", "action": "left"}
33. {"condition": "g2 & !g3 & x = 2 & y = 2", "action": "down"}
34. {"condition": "g2 & !g3 & x = 2 & y = 3", "action": "left"}
35. {"condition": "g2 & !g3 & x = 3 & y = 2", "action": "left"}
36. {"condition": "g2 & !g3 & x = 3 & y = 3", "action": "up"}
37. {"condition": "g2 & !g3 & x = 3 & y = 1", "action": "up"}
38. {"condition": "g2 & !g3 & x = 3 & y = 0", "action": "up"}
39. {"condition": "g2 & !g3 & x = 2 & y = 1", "action": "up"}
40. {"condition": "g2 & !g3 & x = 1 & y = 1", "action": "up"}
41. {"condition": "g2 & !g3 & x = 1 & y = 0", "action": "up"}
42. {"condition": "g2 & !g3 & x = 0 & y = 0", "action": "right"}
43. {"condition": "g2 & !g3 & x = 0 & y = 1", "action": "right"}
44. {"condition": "g3", "action": "right"}
45. {"condition": "g1 & g2 & !g3 & x = 0 & y = 2", "action": "right"}
46. {"condition": "g1 & g2 & !g3 & x = 0 & y = 3", "action": "down"}
47. {"condition": "g1 & g2 & !g3 & x = 1 & y = 2", "action": "right"}
48. {"condition": "g1 & g2 & !g3 & x = 1 & y = 3", "action": "left"}
49. {"condition": "g1 & g2 & !g3 & x = 2 & y = 2", "action": "down"}
50. {"condition": "g1 & g2 & !g3 & x = 2 & y = 3", "action": "left"}
51. {"condition": "g1 & g2 & !g3 & x = 3 & y = 2", "action": "left"}
52. {"condition": "g1 & g2 & !g3 & x = 3 & y = 3", "action": "up"}
53. {"condition": "g1 & g2 & !g3 & x = 3 & y = 1", "action": "up"}
54. {"condition": "g1 & g2 & !g3 & x = 3 & y = 0", "action": "up"}
55. {"condition": "g1 & g2 & !g3 & x = 2 & y = 1", "action": "up"}
56. {"condition": "g1 & g2 & !g3 & x = 1 & y = 1", "action": "up"}
57. {"condition": "g1 & g2 & !g3 & x = 1 & y = 0", "action": "up"}
58. {"condition": "g1 & g2 & !g3 & x = 0 & y = 0", "action": "right"}
59. {"condition": "g1 & g2 & !g3 & x = 0 & y = 1", "action": "right"}
60. {"condition": "true", "action": "down"}
2026-09-23 23:07:46,795 - INFO - Results: goal1: best=0.9454 worst=0.9454, goal2: best=0.9751 worst=0.9751, goal3: best=0.9662 worst=0.9662, seq_1_before_2: best=0.7987 worst=0.7987, seq_2_before_3: best=0.7342 worst=0.7342, complete_sequence: best=0.6407 worst=0.6407, avoid_moving_seg1: best=0.9176 worst=0.9176, avoid_moving_seg2: best=0.7800 worst=0.7800, avoid_moving_seg3: best=0.9747 worst=0.9747
2026-09-23 23:07:46,795 - INFO - Score (3, 3, 0.2264375116557814, 0.2264537754339796) (no improvement, keeping best)
2026-09-23 23:07:46,797 - INFO - === Attempt 5/5 (refine) ===
You are an expert planner, repairing a policy written as symbolic rules. Even in the **best case** (uncovered states choosing the most helpful action), some requirements fail, so some of the existing rules steer the agent badly. Fix them while keeping what already works.

## Problem

An agent moves on a 4x4 grid. Its state is its cell (x = row, y = column; (0,0) is the top-left corner, x grows downward, y grows rightward) plus one flag per goal.

- The agent starts at (0,0) with every goal flag false.
- Goals must be visited in order: goal 1 at (2,1), then goal 2 at (0,2), then goal 3 at (1,3). Flag g1 becomes true when the agent enters goal 1's cell, and flag gk (k > 1) becomes true when it enters goal k's cell while g(k-1) is already true. Entering a goal's cell early, before its turn, violates the ordering requirements.
- Each step the agent picks an action (up, right, down or left). It moves in the chosen direction with probability 0.7, and slips 90 degrees to the left or right of it with probability 0.15 and 0.15. For example, choosing down means down 0.7, right 0.15, left 0.15.
- Moving off the grid leaves the agent where it is. Static obstacles at (1, 0), (3, 1) can never be entered: a move into one also leaves the agent where it is.
- A moving obstacle patrols the cells (2, 3) -> (2, 2) and then repeats, advancing one position per agent step. It starts at (2, 3). Its cells can be entered, but sharing a cell with the obstacle at the same time counts as a collision. The policy cannot observe where the obstacle currently is.
- The agent keeps moving after it reaches the last goal.

## Visual

```
    0 1 2 3   <- y (column)
 0  S . 2 .
 1  X . . 3
 2  . 1 M M
 3  . X . .
 ^ x (row)

Legend: S = start (0,0), 1..3 = goals (visit in order), X = static obstacle, M = moving obstacle patrol path, . = free cell
```

## State variables your rules can use

- `x` (integer 0..3): agent row (0 = top)
- `y` (integer 0..3): agent column (0 = left)
- `g1` (boolean): true once goal 1 has been reached
- `g2` (boolean): true once goal 2 has been reached (only counts after goal 1)
- `g3` (boolean): true once goal 3 has been reached (only counts after goal 2)

## Actions

- `up`: move to (x-1, y), i.e. one row up
- `right`: move to (x, y+1), i.e. one column right
- `down`: move to (x+1, y), i.e. one row down
- `left`: move to (x, y-1), i.e. one column left

## Requirements

A probabilistic model checker (PRISM) verifies your policy against each requirement:
- `goal1`: The agent eventually reaches goal 1. Probability must be >= 0.8.
- `goal2`: The agent eventually reaches goal 2. Probability must be >= 0.8.
- `goal3`: The agent eventually reaches goal 3. Probability must be >= 0.8.
- `seq_1_before_2`: Goal 1 is visited before goal 2 is ever entered. Probability must be >= 0.8.
- `seq_2_before_3`: Goals 1, 2 are visited in order before goal 3 is ever entered. Probability must be >= 0.8.
- `complete_sequence`: All goals are visited in the correct order (all sequence requirements at once). Probability must be >= 0.8.
- `avoid_moving_seg1`: While heading to goal 1, the agent never shares a cell with the moving obstacle. Probability must be >= 0.7.
- `avoid_moving_seg2`: While heading to goal 2, the agent never shares a cell with the moving obstacle. Probability must be >= 0.7.
- `avoid_moving_seg3`: While heading to goal 3, the agent never shares a cell with the moving obstacle. Probability must be >= 0.7.

## How to write the policy

The policy is an ordered list of rules. Each rule has a `condition` (a boolean expression over the state variables) and an `action`. For any state, the **first** rule whose condition is true decides the action, so put specific exceptions before general rules.

- Conditions use the state variables above with `=`, `!=`, `<`, `<=`, `>`, `>=`, `+`, `-`, `&` (and), `|` (or), `!` (not) and parentheses. Booleans can be used directly (`g1`, `!g1`) or compared (`g1 = true`). `true` matches every state.
- Prefer a few general rules that describe a strategy over listing states one by one. List a single state only when it truly is an exception.
- A state that no rule matches is **uncovered**. The checker reports each requirement in the *best case* (uncovered states act in the most helpful way) and the *worst case* (they act in the most harmful way). The policy succeeds only if every requirement holds **in the worst case**, so make sure every state the agent can reach is covered, for example by ending with a `true -> ...` default.

Example rules for a different gridworld (not this one), in priority order:
```
{"condition": "x = 1 & y = 4", "action": "left"}
{"condition": "!g1 & x = 2 & y < 3", "action": "right"}
{"condition": "!g1 & y = 3", "action": "down"}
{"condition": "g1 & !g2 & x > 0", "action": "up"}
{"condition": "true", "action": "down"}
```
Rule 1 is a one-cell exception, so it comes before the general rules that also match that cell. Rule 2 moves right along row 2 before goal 1, rule 3 then goes down column 3, rule 4 heads up after goal 1, and the last rule is a catch-all default that covers every remaining state.

## Your current rules

```
1. {"condition": "x = 2 & y = 1 & !g1", "action": "right"}
2. {"condition": "x = 0 & y = 2 & g1 & !g2", "action": "right"}
3. {"condition": "x = 1 & y = 3 & g2 & !g3", "action": "down"}
4. {"condition": "!g1 & x = 0 & y = 0", "action": "right"}
5. {"condition": "!g1 & x = 0 & y = 1", "action": "down"}
6. {"condition": "!g1 & x = 1 & y = 1", "action": "down"}
7. {"condition": "!g1 & x = 2 & y = 0", "action": "right"}
8. {"condition": "!g1 & x = 2 & y = 1", "action": "down"}
9. {"condition": "!g1 & x = 2 & y = 2", "action": "left"}
10. {"condition": "!g1 & x = 3 & y = 1", "action": "left"}
11. {"condition": "!g1 & x = 0 & y = 3", "action": "down"}
12. {"condition": "!g1 & x = 1 & y = 3", "action": "down"}
13. {"condition": "!g1 & x = 2 & y = 3", "action": "left"}
14. {"condition": "g1 & !g2 & x = 0 & y = 2", "action": "right"}
15. {"condition": "g1 & !g2 & x = 0 & y = 3", "action": "down"}
16. {"condition": "g1 & !g2 & x = 1 & y = 2", "action": "right"}
17. {"condition": "g1 & !g2 & x = 1 & y = 3", "action": "left"}
18. {"condition": "g1 & !g2 & x = 2 & y = 2", "action": "down"}
19. {"condition": "g1 & !g2 & x = 2 & y = 3", "action": "left"}
20. {"condition": "g1 & !g2 & x = 3 & y = 2", "action": "left"}
21. {"condition": "g1 & !g2 & x = 3 & y = 3", "action": "up"}
22. {"condition": "g2 & !g3 & x = 0 & y = 2", "action": "right"}
23. {"condition": "g2 & !g3 & x = 0 & y = 3", "action": "down"}
24. {"condition": "g2 & !g3 & x = 1 & y = 2", "action": "right"}
25. {"condition": "g2 & !g3 & x = 1 & y = 3", "action": "left"}
26. {"condition": "g2 & !g3 & x = 2 & y = 2", "action": "down"}
27. {"condition": "g2 & !g3 & x = 2 & y = 3", "action": "left"}
28. {"condition": "g2 & !g3 & x = 3 & y = 2", "action": "left"}
29. {"condition": "g2 & !g3 & x = 3 & y = 3", "action": "up"}
30. {"condition": "g1 & !g2 & x = 3 & y = 2", "action": "up"}
31. {"condition": "g1 & !g2 & x = 3 & y = 1", "action": "up"}
32. {"condition": "g1 & !g2 & x = 3 & y = 0", "action": "up"}
33. {"condition": "g1 & !g2 & x = 2 & y = 1", "action": "up"}
34. {"condition": "g1 & !g2 & x = 1 & y = 1", "action": "up"}
35. {"condition": "g1 & !g2 & x = 1 & y = 0", "action": "up"}
36. {"condition": "g1 & !g2 & x = 0 & y = 0", "action": "right"}
37. {"condition": "g1 & !g2 & x = 0 & y = 1", "action": "right"}
38. {"condition": "g2 & !g3 & x = 3 & y = 2", "action": "up"}
39. {"condition": "g2 & !g3 & x = 3 & y = 1", "action": "up"}
40. {"condition": "g2 & !g3 & x = 3 & y = 0", "action": "up"}
41. {"condition": "g2 & !g3 & x = 2 & y = 1", "action": "up"}
42. {"condition": "g2 & !g3 & x = 1 & y = 1", "action": "up"}
43. {"condition": "g2 & !g3 & x = 1 & y = 0", "action": "up"}
44. {"condition": "g2 & !g3 & x = 0 & y = 0", "action": "right"}
45. {"condition": "g2 & !g3 & x = 0 & y = 1", "action": "right"}
46. {"condition": "g3", "action": "right"}
47. {"condition": "true", "action": "down"}
```

The rules cover 39 of the 39 reachable situations (combinations of the state variables); 0 are uncovered.

## Verification results

| requirement | best case | worst case | needed | status |
|---|---|---|---|---|
| `goal1` | 0.9454 | 0.9454 | >= 0.8 | ok |
| `goal2` | 0.9751 | 0.9751 | >= 0.8 | ok |
| `goal3` | 0.9662 | 0.9662 | >= 0.8 | ok |
| `seq_1_before_2` | 0.7987 | 0.7987 | >= 0.8 | FAILS even in best case |
| `seq_2_before_3` | 0.7342 | 0.7342 | >= 0.8 | FAILS even in best case |
| `complete_sequence` | 0.6407 | 0.6407 | >= 0.8 | FAILS even in best case |
| `avoid_moving_seg1` | 0.9176 | 0.9176 | >= 0.7 | ok |
| `avoid_moving_seg2` | 0.7800 | 0.7800 | >= 0.7 | ok |
| `avoid_moving_seg3` | 0.9747 | 0.9747 | >= 0.7 | ok |

## Where probability is lost

Share of the lost probability mass (expected time spent in a state, times the probability still at stake there), by the rule that decides the state, for the failing requirements (seq_1_before_2, seq_2_before_3, complete_sequence):
- 78%: rule 46 `g3 (action right)`. Most in: x=2 & y=3 & g1=true & g2=true & g3=true; x=3 & y=3 & g1=true & g2=true & g3=true; x=0 & y=3 & g1=true & g2=true & g3=true
- 9%: rule 47 `true (action down)`. Most in: x=3 & y=2 & g1=false & g2=false & g3=false; x=3 & y=3 & g1=false & g2=false & g3=false; x=2 & y=0 & g1=true & g2=false & g3=false
- 3%: rule 20 `g1 & !g2 & x = 3 & y = 2 (action left)`. Most in: x=3 & y=2 & g1=true & g2=false & g3=false
- 2%: rule 34 `g1 & !g2 & x = 1 & y = 1 (action up)`. Most in: x=1 & y=1 & g1=true & g2=false & g3=false
- 2%: rule 37 `g1 & !g2 & x = 0 & y = 1 (action right)`. Most in: x=0 & y=1 & g1=true & g2=false & g3=false
- 1%: rule 23 `g2 & !g3 & x = 0 & y = 3 (action down)`. Most in: x=0 & y=3 & g1=true & g2=true & g3=false
- 1%: rule 4 `!g1 & x = 0 & y = 0 (action right)`. Most in: x=0 & y=0 & g1=false & g2=false & g3=false
- 1%: rule 22 `g2 & !g3 & x = 0 & y = 2 (action right)`. Most in: x=0 & y=2 & g1=true & g2=true & g3=false
- 1%: rule 16 `g1 & !g2 & x = 1 & y = 2 (action right)`. Most in: x=1 & y=2 & g1=true & g2=false & g3=false
- 1%: rule 18 `g1 & !g2 & x = 2 & y = 2 (action down)`. Most in: x=2 & y=2 & g1=true & g2=false & g3=false

## Task

Rewrite the rule list to fix the failing requirements. You may change, reorder, delete or add rules. Return the **complete** new rule list as JSON: `{"rules": [{"condition": "...", "action": "..."}, ...]}`.

2026-09-23 23:10:25,217 - INFO - Candidate policy (46 rules):
1. {"condition": "x = 2 & y = 1 & !g1", "action": "right"}
2. {"condition": "x = 0 & y = 2 & g1 & !g2", "action": "right"}
3. {"condition": "x = 1 & y = 3 & g2 & !g3", "action": "down"}
4. {"condition": "!g1 & x = 0 & y = 0", "action": "right"}
5. {"condition": "!g1 & x = 0 & y = 1", "action": "down"}
6. {"condition": "!g1 & x = 1 & y = 1", "action": "down"}
7. {"condition": "!g1 & x = 2 & y = 0", "action": "right"}
8. {"condition": "!g1 & x = 2 & y = 1", "action": "down"}
9. {"condition": "!g1 & x = 2 & y = 2", "action": "left"}
10. {"condition": "!g1 & x = 3 & y = 1", "action": "left"}
11. {"condition": "!g1 & x = 0 & y = 3", "action": "down"}
12. {"condition": "!g1 & x = 1 & y = 3", "action": "down"}
13. {"condition": "!g1 & x = 2 & y = 3", "action": "left"}
14. {"condition": "g1 & !g2 & x = 0 & y = 2", "action": "right"}
15. {"condition": "g1 & !g2 & x = 0 & y = 3", "action": "down"}
16. {"condition": "g1 & !g2 & x = 1 & y = 2", "action": "right"}
17. {"condition": "g1 & !g2 & x = 1 & y = 3", "action": "left"}
18. {"condition": "g1 & !g2 & x = 2 & y = 2", "action": "down"}
19. {"condition": "g1 & !g2 & x = 2 & y = 3", "action": "left"}
20. {"condition": "g1 & !g2 & x = 3 & y = 2", "action": "left"}
21. {"condition": "g1 & !g2 & x = 3 & y = 3", "action": "up"}
22. {"condition": "g1 & !g2 & x = 3 & y = 1", "action": "up"}
23. {"condition": "g1 & !g2 & x = 3 & y = 0", "action": "up"}
24. {"condition": "g1 & !g2 & x = 2 & y = 1", "action": "up"}
25. {"condition": "g1 & !g2 & x = 1 & y = 1", "action": "up"}
26. {"condition": "g1 & !g2 & x = 1 & y = 0", "action": "up"}
27. {"condition": "g1 & !g2 & x = 0 & y = 0", "action": "right"}
28. {"condition": "g1 & !g2 & x = 0 & y = 1", "action": "right"}
29. {"condition": "g2 & !g3 & x = 0 & y = 2", "action": "right"}
30. {"condition": "g2 & !g3 & x = 0 & y = 3", "action": "down"}
31. {"condition": "g2 & !g3 & x = 1 & y = 2", "action": "right"}
32. {"condition": "g2 & !g3 & x = 1 & y = 3", "action": "left"}
33. {"condition": "g2 & !g3 & x = 2 & y = 2", "action": "down"}
34. {"condition": "g2 & !g3 & x = 2 & y = 3", "action": "left"}
35. {"condition": "g2 & !g3 & x = 3 & y = 2", "action": "left"}
36. {"condition": "g2 & !g3 & x = 3 & y = 3", "action": "up"}
37. {"condition": "g2 & !g3 & x = 3 & y = 2", "action": "up"}
38. {"condition": "g2 & !g3 & x = 3 & y = 1", "action": "up"}
39. {"condition": "g2 & !g3 & x = 3 & y = 0", "action": "up"}
40. {"condition": "g2 & !g3 & x = 2 & y = 1", "action": "up"}
41. {"condition": "g2 & !g3 & x = 1 & y = 1", "action": "up"}
42. {"condition": "g2 & !g3 & x = 1 & y = 0", "action": "up"}
43. {"condition": "g2 & !g3 & x = 0 & y = 0", "action": "right"}
44. {"condition": "g2 & !g3 & x = 0 & y = 1", "action": "right"}
45. {"condition": "g3", "action": "right"}
46. {"condition": "true", "action": "down"}
2026-09-23 23:10:26,601 - INFO - Results: goal1: best=0.9454 worst=0.9454, goal2: best=0.9751 worst=0.9751, goal3: best=0.9662 worst=0.9662, seq_1_before_2: best=0.7987 worst=0.7987, seq_2_before_3: best=0.7342 worst=0.7342, complete_sequence: best=0.6407 worst=0.6407, avoid_moving_seg1: best=0.9176 worst=0.9176, avoid_moving_seg2: best=0.7800 worst=0.7800, avoid_moving_seg3: best=0.9747 worst=0.9747
2026-09-23 23:10:26,601 - INFO - Score (3, 3, 0.2264375116557814, 0.2264537754339796) (no improvement, keeping best)
