2026-09-23 23:10:27,952 - INFO - Unconstrained optimum per requirement: {'goal1': 1.0, 'goal2': 1.0, 'goal3': 1.0, 'seq_1_before_2': 1.0, 'seq_2_before_3': 1.0, 'complete_sequence': 1.0, 'avoid_moving_seg1': 1.0, 'avoid_moving_seg2': 1.0, 'avoid_moving_seg3': 1.0}
2026-09-23 23:10:27,952 - INFO - === Attempt 1/5 (initial) ===
You are an expert planner. Write a policy for the Markov decision process (MDP) below. Express it as an ordered list of symbolic rules over the state variables.

## Problem

An agent moves on a 5x5 grid. Its state is its cell (x = row, y = column; (0,0) is the top-left corner, x grows downward, y grows rightward) plus one flag per goal.

- The agent starts at (0,0) with every goal flag false.
- Goals must be visited in order: goal 1 at (2,3), then goal 2 at (1,4), then goal 3 at (3,0). Flag g1 becomes true when the agent enters goal 1's cell, and flag gk (k > 1) becomes true when it enters goal k's cell while g(k-1) is already true. Entering a goal's cell early, before its turn, violates the ordering requirements.
- Each step the agent picks an action (up, right, down or left). It moves in the chosen direction with probability 0.7, and slips 90 degrees to the left or right of it with probability 0.15 and 0.15. For example, choosing down means down 0.7, right 0.15, left 0.15.
- Moving off the grid leaves the agent where it is. Static obstacles at (2, 2) can never be entered: a move into one also leaves the agent where it is.
- A moving obstacle patrols the cells (4, 4) -> (3, 4) and then repeats, advancing one position per agent step. It starts at (4, 4). Its cells can be entered, but sharing a cell with the obstacle at the same time counts as a collision. The policy cannot observe where the obstacle currently is.
- The agent keeps moving after it reaches the last goal.

## Visual

```
    0 1 2 3 4   <- y (column)
 0  S . . . .
 1  . . . . 2
 2  . . X 1 .
 3  3 . . . M
 4  . . . . M
 ^ x (row)

Legend: S = start (0,0), 1..3 = goals (visit in order), X = static obstacle, M = moving obstacle patrol path, . = free cell
```

## State variables your rules can use

- `x` (integer 0..4): agent row (0 = top)
- `y` (integer 0..4): agent column (0 = left)
- `g1` (boolean): true once goal 1 has been reached
- `g2` (boolean): true once goal 2 has been reached (only counts after goal 1)
- `g3` (boolean): true once goal 3 has been reached (only counts after goal 2)

## Actions

- `up`: move to (x-1, y), i.e. one row up
- `right`: move to (x, y+1), i.e. one column right
- `down`: move to (x+1, y), i.e. one row down
- `left`: move to (x, y-1), i.e. one column left

## Requirements

A probabilistic model checker (PRISM) verifies your policy against each requirement:
- `goal1`: The agent eventually reaches goal 1. Probability must be >= 0.8.
- `goal2`: The agent eventually reaches goal 2. Probability must be >= 0.8.
- `goal3`: The agent eventually reaches goal 3. Probability must be >= 0.8.
- `seq_1_before_2`: Goal 1 is visited before goal 2 is ever entered. Probability must be >= 0.8.
- `seq_2_before_3`: Goals 1, 2 are visited in order before goal 3 is ever entered. Probability must be >= 0.8.
- `complete_sequence`: All goals are visited in the correct order (all sequence requirements at once). Probability must be >= 0.8.
- `avoid_moving_seg1`: While heading to goal 1, the agent never shares a cell with the moving obstacle. Probability must be >= 0.7.
- `avoid_moving_seg2`: While heading to goal 2, the agent never shares a cell with the moving obstacle. Probability must be >= 0.7.
- `avoid_moving_seg3`: While heading to goal 3, the agent never shares a cell with the moving obstacle. Probability must be >= 0.7.

## How to write the policy

The policy is an ordered list of rules. Each rule has a `condition` (a boolean expression over the state variables) and an `action`. For any state, the **first** rule whose condition is true decides the action, so put specific exceptions before general rules.

- Conditions use the state variables above with `=`, `!=`, `<`, `<=`, `>`, `>=`, `+`, `-`, `&` (and), `|` (or), `!` (not) and parentheses. Booleans can be used directly (`g1`, `!g1`) or compared (`g1 = true`). `true` matches every state.
- Prefer a few general rules that describe a strategy over listing states one by one. List a single state only when it truly is an exception.
- A state that no rule matches is **uncovered**. The checker reports each requirement in the *best case* (uncovered states act in the most helpful way) and the *worst case* (they act in the most harmful way). The policy succeeds only if every requirement holds **in the worst case**, so make sure every state the agent can reach is covered, for example by ending with a `true -> ...` default.

Example rules for a different gridworld (not this one), in priority order:
```
{"condition": "x = 1 & y = 4", "action": "left"}
{"condition": "!g1 & x = 2 & y < 3", "action": "right"}
{"condition": "!g1 & y = 3", "action": "down"}
{"condition": "g1 & !g2 & x > 0", "action": "up"}
{"condition": "true", "action": "down"}
```
Rule 1 is a one-cell exception, so it comes before the general rules that also match that cell. Rule 2 moves right along row 2 before goal 1, rule 3 then goes down column 3, rule 4 heads up after goal 1, and the last rule is a catch-all default that covers every remaining state.

## Output

Return JSON: `{"rules": [{"condition": "...", "action": "..."}, ...]}`. Rules are in priority order (first match wins).

2026-09-23 23:12:53,671 - INFO - Candidate policy (12 rules):
1. {"condition": "x = 2 & y = 3 & !g1", "action": "right"}
2. {"condition": "x = 1 & y = 4 & !g2 & g1", "action": "down"}
3. {"condition": "x = 3 & y = 0 & !g3 & g2", "action": "left"}
4. {"condition": "!g1 & x <= 2 & y <= 3", "action": "right"}
5. {"condition": "!g1 & x >= 2 & y <= 3", "action": "down"}
6. {"condition": "g1 & !g2 & x <= 1 & y >= 4", "action": "left"}
7. {"condition": "g1 & !g2 & x >= 1 & y >= 4", "action": "up"}
8. {"condition": "g2 & !g3 & x >= 3 & y <= 0", "action": "left"}
9. {"condition": "g2 & !g3 & x >= 3 & y >= 0", "action": "down"}
10. {"condition": "x = 2 & y = 2", "action": "up"}
11. {"condition": "g1 & g2 & g3", "action": "down"}
12. {"condition": "true", "action": "down"}
2026-09-23 23:12:55,054 - INFO - Results: goal1: best=0.2493 worst=0.2493, goal2: best=0.9620 worst=0.9620, goal3: best=0.2591 worst=0.2591, seq_1_before_2: best=0.0678 worst=0.0678, seq_2_before_3: best=0.2482 worst=0.2482, complete_sequence: best=0.0675 worst=0.0675, avoid_moving_seg1: best=0.2493 worst=0.2493, avoid_moving_seg2: best=0.8435 worst=0.8435, avoid_moving_seg3: best=0.7761 worst=0.7761
2026-09-23 23:12:55,054 - INFO - Score (6, 6, 3.558840766381066, 3.5588434372532713) (new best)
2026-09-23 23:12:55,058 - INFO - === Attempt 2/5 (refine) ===
You are an expert planner, repairing a policy written as symbolic rules. Even in the **best case** (uncovered states choosing the most helpful action), some requirements fail, so some of the existing rules steer the agent badly. Fix them while keeping what already works.

## Problem

An agent moves on a 5x5 grid. Its state is its cell (x = row, y = column; (0,0) is the top-left corner, x grows downward, y grows rightward) plus one flag per goal.

- The agent starts at (0,0) with every goal flag false.
- Goals must be visited in order: goal 1 at (2,3), then goal 2 at (1,4), then goal 3 at (3,0). Flag g1 becomes true when the agent enters goal 1's cell, and flag gk (k > 1) becomes true when it enters goal k's cell while g(k-1) is already true. Entering a goal's cell early, before its turn, violates the ordering requirements.
- Each step the agent picks an action (up, right, down or left). It moves in the chosen direction with probability 0.7, and slips 90 degrees to the left or right of it with probability 0.15 and 0.15. For example, choosing down means down 0.7, right 0.15, left 0.15.
- Moving off the grid leaves the agent where it is. Static obstacles at (2, 2) can never be entered: a move into one also leaves the agent where it is.
- A moving obstacle patrols the cells (4, 4) -> (3, 4) and then repeats, advancing one position per agent step. It starts at (4, 4). Its cells can be entered, but sharing a cell with the obstacle at the same time counts as a collision. The policy cannot observe where the obstacle currently is.
- The agent keeps moving after it reaches the last goal.

## Visual

```
    0 1 2 3 4   <- y (column)
 0  S . . . .
 1  . . . . 2
 2  . . X 1 .
 3  3 . . . M
 4  . . . . M
 ^ x (row)

Legend: S = start (0,0), 1..3 = goals (visit in order), X = static obstacle, M = moving obstacle patrol path, . = free cell
```

## State variables your rules can use

- `x` (integer 0..4): agent row (0 = top)
- `y` (integer 0..4): agent column (0 = left)
- `g1` (boolean): true once goal 1 has been reached
- `g2` (boolean): true once goal 2 has been reached (only counts after goal 1)
- `g3` (boolean): true once goal 3 has been reached (only counts after goal 2)

## Actions

- `up`: move to (x-1, y), i.e. one row up
- `right`: move to (x, y+1), i.e. one column right
- `down`: move to (x+1, y), i.e. one row down
- `left`: move to (x, y-1), i.e. one column left

## Requirements

A probabilistic model checker (PRISM) verifies your policy against each requirement:
- `goal1`: The agent eventually reaches goal 1. Probability must be >= 0.8.
- `goal2`: The agent eventually reaches goal 2. Probability must be >= 0.8.
- `goal3`: The agent eventually reaches goal 3. Probability must be >= 0.8.
- `seq_1_before_2`: Goal 1 is visited before goal 2 is ever entered. Probability must be >= 0.8.
- `seq_2_before_3`: Goals 1, 2 are visited in order before goal 3 is ever entered. Probability must be >= 0.8.
- `complete_sequence`: All goals are visited in the correct order (all sequence requirements at once). Probability must be >= 0.8.
- `avoid_moving_seg1`: While heading to goal 1, the agent never shares a cell with the moving obstacle. Probability must be >= 0.7.
- `avoid_moving_seg2`: While heading to goal 2, the agent never shares a cell with the moving obstacle. Probability must be >= 0.7.
- `avoid_moving_seg3`: While heading to goal 3, the agent never shares a cell with the moving obstacle. Probability must be >= 0.7.

## How to write the policy

The policy is an ordered list of rules. Each rule has a `condition` (a boolean expression over the state variables) and an `action`. For any state, the **first** rule whose condition is true decides the action, so put specific exceptions before general rules.

- Conditions use the state variables above with `=`, `!=`, `<`, `<=`, `>`, `>=`, `+`, `-`, `&` (and), `|` (or), `!` (not) and parentheses. Booleans can be used directly (`g1`, `!g1`) or compared (`g1 = true`). `true` matches every state.
- Prefer a few general rules that describe a strategy over listing states one by one. List a single state only when it truly is an exception.
- A state that no rule matches is **uncovered**. The checker reports each requirement in the *best case* (uncovered states act in the most helpful way) and the *worst case* (they act in the most harmful way). The policy succeeds only if every requirement holds **in the worst case**, so make sure every state the agent can reach is covered, for example by ending with a `true -> ...` default.

Example rules for a different gridworld (not this one), in priority order:
```
{"condition": "x = 1 & y = 4", "action": "left"}
{"condition": "!g1 & x = 2 & y < 3", "action": "right"}
{"condition": "!g1 & y = 3", "action": "down"}
{"condition": "g1 & !g2 & x > 0", "action": "up"}
{"condition": "true", "action": "down"}
```
Rule 1 is a one-cell exception, so it comes before the general rules that also match that cell. Rule 2 moves right along row 2 before goal 1, rule 3 then goes down column 3, rule 4 heads up after goal 1, and the last rule is a catch-all default that covers every remaining state.

## Your current rules

```
1. {"condition": "x = 2 & y = 3 & !g1", "action": "right"}
2. {"condition": "x = 1 & y = 4 & !g2 & g1", "action": "down"}
3. {"condition": "x = 3 & y = 0 & !g3 & g2", "action": "left"}
4. {"condition": "!g1 & x <= 2 & y <= 3", "action": "right"}
5. {"condition": "!g1 & x >= 2 & y <= 3", "action": "down"}
6. {"condition": "g1 & !g2 & x <= 1 & y >= 4", "action": "left"}
7. {"condition": "g1 & !g2 & x >= 1 & y >= 4", "action": "up"}
8. {"condition": "g2 & !g3 & x >= 3 & y <= 0", "action": "left"}
9. {"condition": "g2 & !g3 & x >= 3 & y >= 0", "action": "down"}
10. {"condition": "x = 2 & y = 2", "action": "up"}
11. {"condition": "g1 & g2 & g3", "action": "down"}
12. {"condition": "true", "action": "down"}
```

The rules cover 63 of the 63 reachable situations (combinations of the state variables); 0 are uncovered.

## Verification results

| requirement | best case | worst case | needed | status |
|---|---|---|---|---|
| `goal1` | 0.2493 | 0.2493 | >= 0.8 | FAILS even in best case |
| `goal2` | 0.9620 | 0.9620 | >= 0.8 | ok |
| `goal3` | 0.2591 | 0.2591 | >= 0.8 | FAILS even in best case |
| `seq_1_before_2` | 0.0678 | 0.0678 | >= 0.8 | FAILS even in best case |
| `seq_2_before_3` | 0.2482 | 0.2482 | >= 0.8 | FAILS even in best case |
| `complete_sequence` | 0.0675 | 0.0675 | >= 0.8 | FAILS even in best case |
| `avoid_moving_seg1` | 0.2493 | 0.2493 | >= 0.7 | FAILS even in best case |
| `avoid_moving_seg2` | 0.8435 | 0.8435 | >= 0.7 | ok |
| `avoid_moving_seg3` | 0.7761 | 0.7761 | >= 0.7 | ok |

## Where probability is lost

Share of the lost probability mass (expected time spent in a state, times the probability still at stake there), by the rule that decides the state, for the failing requirements (goal1, goal3, seq_1_before_2, seq_2_before_3, complete_sequence, avoid_moving_seg1):
- 56%: rule 5 `!g1 & x >= 2 & y <= 3 (action down)`. Most in: x=4 & y=3 & g1=false & g2=false & g3=false; x=4 & y=2 & g1=false & g2=false & g3=false; x=4 & y=1 & g1=false & g2=false & g3=false
- 27%: rule 12 `true (action down)`. Most in: x=4 & y=4 & g1=false & g2=false & g3=false; x=4 & y=2 & g1=true & g2=false & g3=false; x=4 & y=3 & g1=true & g2=false & g3=false
- 7%: rule 9 `g2 & !g3 & x >= 3 & y >= 0 (action down)`. Most in: x=4 & y=4 & g1=true & g2=true & g3=false; x=4 & y=3 & g1=true & g2=true & g3=false; x=4 & y=2 & g1=true & g2=true & g3=false
- 6%: rule 4 `!g1 & x <= 2 & y <= 3 (action right)`. Most in: x=0 & y=0 & g1=false & g2=false & g3=false; x=0 & y=3 & g1=false & g2=false & g3=false; x=0 & y=1 & g1=false & g2=false & g3=false
- 4%: rule 11 `g1 & g2 & g3 (action down)`. Most in: x=4 & y=0 & g1=true & g2=true & g3=true; x=4 & y=1 & g1=true & g2=true & g3=true; x=4 & y=2 & g1=true & g2=true & g3=true
- 1%: rule 8 `g2 & !g3 & x >= 3 & y <= 0 (action left)`. Most in: x=4 & y=0 & g1=true & g2=true & g3=false
- 1%: rule 7 `g1 & !g2 & x >= 1 & y >= 4 (action up)`. Most in: x=2 & y=4 & g1=true & g2=false & g3=false; x=4 & y=4 & g1=true & g2=false & g3=false; x=3 & y=4 & g1=true & g2=false & g3=false

## Task

Rewrite the rule list to fix the failing requirements. You may change, reorder, delete or add rules. Return the **complete** new rule list as JSON: `{"rules": [{"condition": "...", "action": "..."}, ...]}`.

2026-09-23 23:15:19,902 - INFO - Candidate policy (15 rules):
1. {"condition": "x = 2 & y = 3 & !g1", "action": "right"}
2. {"condition": "x = 1 & y = 4 & !g2 & g1", "action": "down"}
3. {"condition": "x = 3 & y = 0 & !g3 & g2", "action": "left"}
4. {"condition": "!g1 & x <= 2 & y <= 3", "action": "right"}
5. {"condition": "!g1 & x >= 2 & y <= 3", "action": "down"}
6. {"condition": "g1 & !g2 & x <= 1 & y >= 4", "action": "left"}
7. {"condition": "g1 & !g2 & x >= 1 & y >= 4", "action": "up"}
8. {"condition": "g2 & !g3 & x >= 3 & y <= 0", "action": "left"}
9. {"condition": "g2 & !g3 & x >= 3 & y >= 0", "action": "down"}
10. {"condition": "x = 2 & y = 2", "action": "up"}
11. {"condition": "g1 & g2 & g3", "action": "down"}
12. {"condition": "x >= 4 & y >= 1 & !g1", "action": "left"}
13. {"condition": "x >= 4 & y >= 1 & g1 & !g2", "action": "left"}
14. {"condition": "x >= 4 & y >= 1 & g2 & !g3", "action": "left"}
15. {"condition": "true", "action": "down"}
2026-09-23 23:15:21,264 - INFO - Results: goal1: best=0.2493 worst=0.2493, goal2: best=0.9620 worst=0.9620, goal3: best=1.0000 worst=1.0000, seq_1_before_2: best=0.0678 worst=0.0678, seq_2_before_3: best=0.0697 worst=0.0697, complete_sequence: best=0.0190 worst=0.0190, avoid_moving_seg1: best=0.2493 worst=0.2493, avoid_moving_seg2: best=0.8607 worst=0.8607, avoid_moving_seg3: best=0.7779 worst=0.7779
2026-09-23 23:15:21,264 - INFO - Score (5, 5, 3.2449327751908923, 3.2449923046071465) (new best)
2026-09-23 23:15:21,268 - INFO - === Attempt 3/5 (refine) ===
You are an expert planner, repairing a policy written as symbolic rules. Even in the **best case** (uncovered states choosing the most helpful action), some requirements fail, so some of the existing rules steer the agent badly. Fix them while keeping what already works.

## Problem

An agent moves on a 5x5 grid. Its state is its cell (x = row, y = column; (0,0) is the top-left corner, x grows downward, y grows rightward) plus one flag per goal.

- The agent starts at (0,0) with every goal flag false.
- Goals must be visited in order: goal 1 at (2,3), then goal 2 at (1,4), then goal 3 at (3,0). Flag g1 becomes true when the agent enters goal 1's cell, and flag gk (k > 1) becomes true when it enters goal k's cell while g(k-1) is already true. Entering a goal's cell early, before its turn, violates the ordering requirements.
- Each step the agent picks an action (up, right, down or left). It moves in the chosen direction with probability 0.7, and slips 90 degrees to the left or right of it with probability 0.15 and 0.15. For example, choosing down means down 0.7, right 0.15, left 0.15.
- Moving off the grid leaves the agent where it is. Static obstacles at (2, 2) can never be entered: a move into one also leaves the agent where it is.
- A moving obstacle patrols the cells (4, 4) -> (3, 4) and then repeats, advancing one position per agent step. It starts at (4, 4). Its cells can be entered, but sharing a cell with the obstacle at the same time counts as a collision. The policy cannot observe where the obstacle currently is.
- The agent keeps moving after it reaches the last goal.

## Visual

```
    0 1 2 3 4   <- y (column)
 0  S . . . .
 1  . . . . 2
 2  . . X 1 .
 3  3 . . . M
 4  . . . . M
 ^ x (row)

Legend: S = start (0,0), 1..3 = goals (visit in order), X = static obstacle, M = moving obstacle patrol path, . = free cell
```

## State variables your rules can use

- `x` (integer 0..4): agent row (0 = top)
- `y` (integer 0..4): agent column (0 = left)
- `g1` (boolean): true once goal 1 has been reached
- `g2` (boolean): true once goal 2 has been reached (only counts after goal 1)
- `g3` (boolean): true once goal 3 has been reached (only counts after goal 2)

## Actions

- `up`: move to (x-1, y), i.e. one row up
- `right`: move to (x, y+1), i.e. one column right
- `down`: move to (x+1, y), i.e. one row down
- `left`: move to (x, y-1), i.e. one column left

## Requirements

A probabilistic model checker (PRISM) verifies your policy against each requirement:
- `goal1`: The agent eventually reaches goal 1. Probability must be >= 0.8.
- `goal2`: The agent eventually reaches goal 2. Probability must be >= 0.8.
- `goal3`: The agent eventually reaches goal 3. Probability must be >= 0.8.
- `seq_1_before_2`: Goal 1 is visited before goal 2 is ever entered. Probability must be >= 0.8.
- `seq_2_before_3`: Goals 1, 2 are visited in order before goal 3 is ever entered. Probability must be >= 0.8.
- `complete_sequence`: All goals are visited in the correct order (all sequence requirements at once). Probability must be >= 0.8.
- `avoid_moving_seg1`: While heading to goal 1, the agent never shares a cell with the moving obstacle. Probability must be >= 0.7.
- `avoid_moving_seg2`: While heading to goal 2, the agent never shares a cell with the moving obstacle. Probability must be >= 0.7.
- `avoid_moving_seg3`: While heading to goal 3, the agent never shares a cell with the moving obstacle. Probability must be >= 0.7.

## How to write the policy

The policy is an ordered list of rules. Each rule has a `condition` (a boolean expression over the state variables) and an `action`. For any state, the **first** rule whose condition is true decides the action, so put specific exceptions before general rules.

- Conditions use the state variables above with `=`, `!=`, `<`, `<=`, `>`, `>=`, `+`, `-`, `&` (and), `|` (or), `!` (not) and parentheses. Booleans can be used directly (`g1`, `!g1`) or compared (`g1 = true`). `true` matches every state.
- Prefer a few general rules that describe a strategy over listing states one by one. List a single state only when it truly is an exception.
- A state that no rule matches is **uncovered**. The checker reports each requirement in the *best case* (uncovered states act in the most helpful way) and the *worst case* (they act in the most harmful way). The policy succeeds only if every requirement holds **in the worst case**, so make sure every state the agent can reach is covered, for example by ending with a `true -> ...` default.

Example rules for a different gridworld (not this one), in priority order:
```
{"condition": "x = 1 & y = 4", "action": "left"}
{"condition": "!g1 & x = 2 & y < 3", "action": "right"}
{"condition": "!g1 & y = 3", "action": "down"}
{"condition": "g1 & !g2 & x > 0", "action": "up"}
{"condition": "true", "action": "down"}
```
Rule 1 is a one-cell exception, so it comes before the general rules that also match that cell. Rule 2 moves right along row 2 before goal 1, rule 3 then goes down column 3, rule 4 heads up after goal 1, and the last rule is a catch-all default that covers every remaining state.

## Your current rules

```
1. {"condition": "x = 2 & y = 3 & !g1", "action": "right"}
2. {"condition": "x = 1 & y = 4 & !g2 & g1", "action": "down"}
3. {"condition": "x = 3 & y = 0 & !g3 & g2", "action": "left"}
4. {"condition": "!g1 & x <= 2 & y <= 3", "action": "right"}
5. {"condition": "!g1 & x >= 2 & y <= 3", "action": "down"}
6. {"condition": "g1 & !g2 & x <= 1 & y >= 4", "action": "left"}
7. {"condition": "g1 & !g2 & x >= 1 & y >= 4", "action": "up"}
8. {"condition": "g2 & !g3 & x >= 3 & y <= 0", "action": "left"}
9. {"condition": "g2 & !g3 & x >= 3 & y >= 0", "action": "down"}
10. {"condition": "x = 2 & y = 2", "action": "up"}
11. {"condition": "g1 & g2 & g3", "action": "down"}
12. {"condition": "x >= 4 & y >= 1 & !g1", "action": "left"}
13. {"condition": "x >= 4 & y >= 1 & g1 & !g2", "action": "left"}
14. {"condition": "x >= 4 & y >= 1 & g2 & !g3", "action": "left"}
15. {"condition": "true", "action": "down"}
```

The rules cover 62 of the 62 reachable situations (combinations of the state variables); 0 are uncovered.

## Verification results

| requirement | best case | worst case | needed | status |
|---|---|---|---|---|
| `goal1` | 0.2493 | 0.2493 | >= 0.8 | FAILS even in best case |
| `goal2` | 0.9620 | 0.9620 | >= 0.8 | ok |
| `goal3` | 1.0000 | 1.0000 | >= 0.8 | ok |
| `seq_1_before_2` | 0.0678 | 0.0678 | >= 0.8 | FAILS even in best case |
| `seq_2_before_3` | 0.0697 | 0.0697 | >= 0.8 | FAILS even in best case |
| `complete_sequence` | 0.0190 | 0.0190 | >= 0.8 | FAILS even in best case |
| `avoid_moving_seg1` | 0.2493 | 0.2493 | >= 0.7 | FAILS even in best case |
| `avoid_moving_seg2` | 0.8607 | 0.8607 | >= 0.7 | ok |
| `avoid_moving_seg3` | 0.7779 | 0.7779 | >= 0.7 | ok |

## Where probability is lost

Share of the lost probability mass (expected time spent in a state, times the probability still at stake there), by the rule that decides the state, for the failing requirements (goal1, seq_1_before_2, seq_2_before_3, complete_sequence, avoid_moving_seg1):
- 68%: rule 5 `!g1 & x >= 2 & y <= 3 (action down)`. Most in: x=4 & y=3 & g1=false & g2=false & g3=false; x=4 & y=2 & g1=false & g2=false & g3=false; x=4 & y=1 & g1=false & g2=false & g3=false
- 14%: rule 15 `true (action down)`. Most in: x=4 & y=0 & g1=true & g2=false & g3=false; x=3 & y=4 & g1=false & g2=false & g3=false; x=2 & y=4 & g1=false & g2=false & g3=false
- 6%: rule 4 `!g1 & x <= 2 & y <= 3 (action right)`. Most in: x=0 & y=0 & g1=false & g2=false & g3=false; x=0 & y=3 & g1=false & g2=false & g3=false; x=0 & y=1 & g1=false & g2=false & g3=false
- 5%: rule 12 `x >= 4 & y >= 1 & !g1 (action left)`. Most in: x=4 & y=4 & g1=false & g2=false & g3=false
- 3%: rule 9 `g2 & !g3 & x >= 3 & y >= 0 (action down)`. Most in: x=4 & y=4 & g1=true & g2=true & g3=false; x=4 & y=3 & g1=true & g2=true & g3=false; x=4 & y=2 & g1=true & g2=true & g3=false
- 2%: rule 13 `x >= 4 & y >= 1 & g1 & !g2 (action left)`. Most in: x=4 & y=1 & g1=true & g2=false & g3=false; x=4 & y=2 & g1=true & g2=false & g3=false; x=4 & y=3 & g1=true & g2=false & g3=false
- 2%: rule 11 `g1 & g2 & g3 (action down)`. Most in: x=4 & y=0 & g1=true & g2=true & g3=true; x=4 & y=1 & g1=true & g2=true & g3=true; x=4 & y=2 & g1=true & g2=true & g3=true
- 0%: rule 8 `g2 & !g3 & x >= 3 & y <= 0 (action left)`. Most in: x=4 & y=0 & g1=true & g2=true & g3=false
- 0%: rule 7 `g1 & !g2 & x >= 1 & y >= 4 (action up)`. Most in: x=2 & y=4 & g1=true & g2=false & g3=false; x=3 & y=4 & g1=true & g2=false & g3=false

## Task

Rewrite the rule list to fix the failing requirements. You may change, reorder, delete or add rules. Return the **complete** new rule list as JSON: `{"rules": [{"condition": "...", "action": "..."}, ...]}`.

2026-09-23 23:17:57,327 - INFO - Candidate policy (33 rules):
1. {"condition": "x = 2 & y = 3 & !g1", "action": "right"}
2. {"condition": "x = 1 & y = 4 & !g2 & g1", "action": "down"}
3. {"condition": "x = 3 & y = 0 & !g3 & g2", "action": "left"}
4. {"condition": "!g1 & x <= 2 & y <= 3", "action": "right"}
5. {"condition": "!g1 & x >= 2 & y <= 3 & x < 4", "action": "down"}
6. {"condition": "g1 & !g2 & x <= 1 & y >= 4", "action": "left"}
7. {"condition": "g1 & !g2 & x >= 1 & y >= 4", "action": "up"}
8. {"condition": "g2 & !g3 & x >= 3 & y <= 0", "action": "left"}
9. {"condition": "g2 & !g3 & x >= 3 & y >= 0", "action": "down"}
10. {"condition": "x = 2 & y = 2", "action": "up"}
11. {"condition": "g1 & g2 & g3", "action": "down"}
12. {"condition": "x >= 4 & y >= 1 & !g1", "action": "left"}
13. {"condition": "x >= 4 & y >= 1 & g1 & !g2", "action": "left"}
14. {"condition": "x >= 4 & y >= 1 & g2 & !g3", "action": "left"}
15. {"condition": "x = 4 & y = 0 & g1 & !g2", "action": "right"}
16. {"condition": "x = 4 & y = 0 & g2 & !g3", "action": "right"}
17. {"condition": "x = 4 & y = 0 & g1 & g2 & !g3", "action": "right"}
18. {"condition": "x = 4 & y = 1 & g1 & !g2", "action": "right"}
19. {"condition": "x = 4 & y = 1 & g2 & !g3", "action": "right"}
20. {"condition": "x = 4 & y = 1 & g1 & g2 & !g3", "action": "right"}
21. {"condition": "x = 4 & y = 2 & g1 & !g2", "action": "right"}
22. {"condition": "x = 4 & y = 2 & g2 & !g3", "action": "right"}
23. {"condition": "x = 4 & y = 2 & g1 & g2 & !g3", "action": "right"}
24. {"condition": "x = 4 & y = 3 & g1 & !g2", "action": "right"}
25. {"condition": "x = 4 & y = 3 & g2 & !g3", "action": "right"}
26. {"condition": "x = 4 & y = 3 & g1 & g2 & !g3", "action": "right"}
27. {"condition": "x = 4 & y = 4 & g1 & !g2", "action": "left"}
28. {"condition": "x = 4 & y = 4 & g2 & !g3", "action": "left"}
29. {"condition": "x = 4 & y = 4 & g1 & g2 & !g3", "action": "left"}
30. {"condition": "x >= 3 & y >= 0 & g1 & !g2", "action": "up"}
31. {"condition": "x >= 3 & y >= 0 & g2 & !g3", "action": "up"}
32. {"condition": "x >= 3 & y >= 0 & g1 & g2 & !g3", "action": "up"}
33. {"condition": "true", "action": "down"}
2026-09-23 23:17:58,710 - INFO - Results: goal1: best=0.2493 worst=0.2493, goal2: best=0.9620 worst=0.9620, goal3: best=1.0000 worst=1.0000, seq_1_before_2: best=0.0678 worst=0.0678, seq_2_before_3: best=0.2034 worst=0.2034, complete_sequence: best=0.0554 worst=0.0554, avoid_moving_seg1: best=0.2493 worst=0.2493, avoid_moving_seg2: best=0.9209 worst=0.9209, avoid_moving_seg3: best=0.7761 worst=0.7761
2026-09-23 23:17:58,710 - INFO - Score (5, 5, 3.0748632254689316, 3.07486544622376) (new best)
2026-09-23 23:17:58,714 - INFO - === Attempt 4/5 (refine) ===
You are an expert planner, repairing a policy written as symbolic rules. Even in the **best case** (uncovered states choosing the most helpful action), some requirements fail, so some of the existing rules steer the agent badly. Fix them while keeping what already works.

## Problem

An agent moves on a 5x5 grid. Its state is its cell (x = row, y = column; (0,0) is the top-left corner, x grows downward, y grows rightward) plus one flag per goal.

- The agent starts at (0,0) with every goal flag false.
- Goals must be visited in order: goal 1 at (2,3), then goal 2 at (1,4), then goal 3 at (3,0). Flag g1 becomes true when the agent enters goal 1's cell, and flag gk (k > 1) becomes true when it enters goal k's cell while g(k-1) is already true. Entering a goal's cell early, before its turn, violates the ordering requirements.
- Each step the agent picks an action (up, right, down or left). It moves in the chosen direction with probability 0.7, and slips 90 degrees to the left or right of it with probability 0.15 and 0.15. For example, choosing down means down 0.7, right 0.15, left 0.15.
- Moving off the grid leaves the agent where it is. Static obstacles at (2, 2) can never be entered: a move into one also leaves the agent where it is.
- A moving obstacle patrols the cells (4, 4) -> (3, 4) and then repeats, advancing one position per agent step. It starts at (4, 4). Its cells can be entered, but sharing a cell with the obstacle at the same time counts as a collision. The policy cannot observe where the obstacle currently is.
- The agent keeps moving after it reaches the last goal.

## Visual

```
    0 1 2 3 4   <- y (column)
 0  S . . . .
 1  . . . . 2
 2  . . X 1 .
 3  3 . . . M
 4  . . . . M
 ^ x (row)

Legend: S = start (0,0), 1..3 = goals (visit in order), X = static obstacle, M = moving obstacle patrol path, . = free cell
```

## State variables your rules can use

- `x` (integer 0..4): agent row (0 = top)
- `y` (integer 0..4): agent column (0 = left)
- `g1` (boolean): true once goal 1 has been reached
- `g2` (boolean): true once goal 2 has been reached (only counts after goal 1)
- `g3` (boolean): true once goal 3 has been reached (only counts after goal 2)

## Actions

- `up`: move to (x-1, y), i.e. one row up
- `right`: move to (x, y+1), i.e. one column right
- `down`: move to (x+1, y), i.e. one row down
- `left`: move to (x, y-1), i.e. one column left

## Requirements

A probabilistic model checker (PRISM) verifies your policy against each requirement:
- `goal1`: The agent eventually reaches goal 1. Probability must be >= 0.8.
- `goal2`: The agent eventually reaches goal 2. Probability must be >= 0.8.
- `goal3`: The agent eventually reaches goal 3. Probability must be >= 0.8.
- `seq_1_before_2`: Goal 1 is visited before goal 2 is ever entered. Probability must be >= 0.8.
- `seq_2_before_3`: Goals 1, 2 are visited in order before goal 3 is ever entered. Probability must be >= 0.8.
- `complete_sequence`: All goals are visited in the correct order (all sequence requirements at once). Probability must be >= 0.8.
- `avoid_moving_seg1`: While heading to goal 1, the agent never shares a cell with the moving obstacle. Probability must be >= 0.7.
- `avoid_moving_seg2`: While heading to goal 2, the agent never shares a cell with the moving obstacle. Probability must be >= 0.7.
- `avoid_moving_seg3`: While heading to goal 3, the agent never shares a cell with the moving obstacle. Probability must be >= 0.7.

## How to write the policy

The policy is an ordered list of rules. Each rule has a `condition` (a boolean expression over the state variables) and an `action`. For any state, the **first** rule whose condition is true decides the action, so put specific exceptions before general rules.

- Conditions use the state variables above with `=`, `!=`, `<`, `<=`, `>`, `>=`, `+`, `-`, `&` (and), `|` (or), `!` (not) and parentheses. Booleans can be used directly (`g1`, `!g1`) or compared (`g1 = true`). `true` matches every state.
- Prefer a few general rules that describe a strategy over listing states one by one. List a single state only when it truly is an exception.
- A state that no rule matches is **uncovered**. The checker reports each requirement in the *best case* (uncovered states act in the most helpful way) and the *worst case* (they act in the most harmful way). The policy succeeds only if every requirement holds **in the worst case**, so make sure every state the agent can reach is covered, for example by ending with a `true -> ...` default.

Example rules for a different gridworld (not this one), in priority order:
```
{"condition": "x = 1 & y = 4", "action": "left"}
{"condition": "!g1 & x = 2 & y < 3", "action": "right"}
{"condition": "!g1 & y = 3", "action": "down"}
{"condition": "g1 & !g2 & x > 0", "action": "up"}
{"condition": "true", "action": "down"}
```
Rule 1 is a one-cell exception, so it comes before the general rules that also match that cell. Rule 2 moves right along row 2 before goal 1, rule 3 then goes down column 3, rule 4 heads up after goal 1, and the last rule is a catch-all default that covers every remaining state.

## Your current rules

```
1. {"condition": "x = 2 & y = 3 & !g1", "action": "right"}
2. {"condition": "x = 1 & y = 4 & !g2 & g1", "action": "down"}
3. {"condition": "x = 3 & y = 0 & !g3 & g2", "action": "left"}
4. {"condition": "!g1 & x <= 2 & y <= 3", "action": "right"}
5. {"condition": "!g1 & x >= 2 & y <= 3 & x < 4", "action": "down"}
6. {"condition": "g1 & !g2 & x <= 1 & y >= 4", "action": "left"}
7. {"condition": "g1 & !g2 & x >= 1 & y >= 4", "action": "up"}
8. {"condition": "g2 & !g3 & x >= 3 & y <= 0", "action": "left"}
9. {"condition": "g2 & !g3 & x >= 3 & y >= 0", "action": "down"}
10. {"condition": "x = 2 & y = 2", "action": "up"}
11. {"condition": "g1 & g2 & g3", "action": "down"}
12. {"condition": "x >= 4 & y >= 1 & !g1", "action": "left"}
13. {"condition": "x >= 4 & y >= 1 & g1 & !g2", "action": "left"}
14. {"condition": "x >= 4 & y >= 1 & g2 & !g3", "action": "left"}
15. {"condition": "x = 4 & y = 0 & g1 & !g2", "action": "right"}
16. {"condition": "x = 4 & y = 0 & g2 & !g3", "action": "right"}
17. {"condition": "x = 4 & y = 0 & g1 & g2 & !g3", "action": "right"}
18. {"condition": "x = 4 & y = 1 & g1 & !g2", "action": "right"}
19. {"condition": "x = 4 & y = 1 & g2 & !g3", "action": "right"}
20. {"condition": "x = 4 & y = 1 & g1 & g2 & !g3", "action": "right"}
21. {"condition": "x = 4 & y = 2 & g1 & !g2", "action": "right"}
22. {"condition": "x = 4 & y = 2 & g2 & !g3", "action": "right"}
23. {"condition": "x = 4 & y = 2 & g1 & g2 & !g3", "action": "right"}
24. {"condition": "x = 4 & y = 3 & g1 & !g2", "action": "right"}
25. {"condition": "x = 4 & y = 3 & g2 & !g3", "action": "right"}
26. {"condition": "x = 4 & y = 3 & g1 & g2 & !g3", "action": "right"}
27. {"condition": "x = 4 & y = 4 & g1 & !g2", "action": "left"}
28. {"condition": "x = 4 & y = 4 & g2 & !g3", "action": "left"}
29. {"condition": "x = 4 & y = 4 & g1 & g2 & !g3", "action": "left"}
30. {"condition": "x >= 3 & y >= 0 & g1 & !g2", "action": "up"}
31. {"condition": "x >= 3 & y >= 0 & g2 & !g3", "action": "up"}
32. {"condition": "x >= 3 & y >= 0 & g1 & g2 & !g3", "action": "up"}
33. {"condition": "true", "action": "down"}
```

The rules cover 60 of the 60 reachable situations (combinations of the state variables); 0 are uncovered.

## Verification results

| requirement | best case | worst case | needed | status |
|---|---|---|---|---|
| `goal1` | 0.2493 | 0.2493 | >= 0.8 | FAILS even in best case |
| `goal2` | 0.9620 | 0.9620 | >= 0.8 | ok |
| `goal3` | 1.0000 | 1.0000 | >= 0.8 | ok |
| `seq_1_before_2` | 0.0678 | 0.0678 | >= 0.8 | FAILS even in best case |
| `seq_2_before_3` | 0.2034 | 0.2034 | >= 0.8 | FAILS even in best case |
| `complete_sequence` | 0.0554 | 0.0554 | >= 0.8 | FAILS even in best case |
| `avoid_moving_seg1` | 0.2493 | 0.2493 | >= 0.7 | FAILS even in best case |
| `avoid_moving_seg2` | 0.9209 | 0.9209 | >= 0.7 | ok |
| `avoid_moving_seg3` | 0.7761 | 0.7761 | >= 0.7 | ok |

## Where probability is lost

Share of the lost probability mass (expected time spent in a state, times the probability still at stake there), by the rule that decides the state, for the failing requirements (goal1, seq_1_before_2, seq_2_before_3, complete_sequence, avoid_moving_seg1):
- 60%: rule 33 `true (action down)`. Most in: x=4 & y=0 & g1=false & g2=false & g3=false; x=3 & y=4 & g1=false & g2=false & g3=false; x=2 & y=4 & g1=false & g2=false & g3=false
- 16%: rule 12 `x >= 4 & y >= 1 & !g1 (action left)`. Most in: x=4 & y=1 & g1=false & g2=false & g3=false; x=4 & y=2 & g1=false & g2=false & g3=false; x=4 & y=3 & g1=false & g2=false & g3=false
- 9%: rule 9 `g2 & !g3 & x >= 3 & y >= 0 (action down)`. Most in: x=4 & y=4 & g1=true & g2=true & g3=false; x=4 & y=3 & g1=true & g2=true & g3=false; x=4 & y=2 & g1=true & g2=true & g3=false
- 6%: rule 4 `!g1 & x <= 2 & y <= 3 (action right)`. Most in: x=0 & y=0 & g1=false & g2=false & g3=false; x=0 & y=3 & g1=false & g2=false & g3=false; x=0 & y=1 & g1=false & g2=false & g3=false
- 5%: rule 11 `g1 & g2 & g3 (action down)`. Most in: x=4 & y=0 & g1=true & g2=true & g3=true; x=4 & y=1 & g1=true & g2=true & g3=true; x=4 & y=2 & g1=true & g2=true & g3=true
- 3%: rule 5 `!g1 & x >= 2 & y <= 3 & x < 4 (action down)`. Most in: x=3 & y=1 & g1=false & g2=false & g3=false; x=3 & y=2 & g1=false & g2=false & g3=false; x=3 & y=3 & g1=false & g2=false & g3=false
- 1%: rule 8 `g2 & !g3 & x >= 3 & y <= 0 (action left)`. Most in: x=4 & y=0 & g1=true & g2=true & g3=false
- 1%: rule 30 `x >= 3 & y >= 0 & g1 & !g2 (action up)`. Most in: x=3 & y=1 & g1=true & g2=false & g3=false; x=3 & y=2 & g1=true & g2=false & g3=false; x=3 & y=3 & g1=true & g2=false & g3=false
- 0%: rule 7 `g1 & !g2 & x >= 1 & y >= 4 (action up)`. Most in: x=2 & y=4 & g1=true & g2=false & g3=false; x=3 & y=4 & g1=true & g2=false & g3=false

## Task

Rewrite the rule list to fix the failing requirements. You may change, reorder, delete or add rules. Return the **complete** new rule list as JSON: `{"rules": [{"condition": "...", "action": "..."}, ...]}`.

2026-09-23 23:20:32,926 - INFO - Candidate policy (34 rules):
1. {"condition": "x = 2 & y = 3 & !g1", "action": "right"}
2. {"condition": "x = 1 & y = 4 & !g2 & g1", "action": "down"}
3. {"condition": "x = 3 & y = 0 & !g3 & g2", "action": "left"}
4. {"condition": "g1 & !g2 & x >= 1 & y >= 4", "action": "up"}
5. {"condition": "g1 & !g2 & x <= 1 & y >= 4", "action": "left"}
6. {"condition": "g2 & !g3 & x >= 3 & y <= 0", "action": "left"}
7. {"condition": "g2 & !g3 & x >= 3 & y >= 0", "action": "up"}
8. {"condition": "x = 2 & y = 2", "action": "up"}
9. {"condition": "g1 & g2 & g3", "action": "down"}
10. {"condition": "!g1 & x <= 2 & y <= 3", "action": "right"}
11. {"condition": "!g1 & x >= 2 & y <= 3 & x < 4", "action": "down"}
12. {"condition": "x >= 4 & y >= 1 & !g1", "action": "left"}
13. {"condition": "x >= 4 & y >= 1 & g1 & !g2", "action": "left"}
14. {"condition": "x >= 4 & y >= 1 & g2 & !g3", "action": "left"}
15. {"condition": "x = 4 & y = 0 & g1 & !g2", "action": "right"}
16. {"condition": "x = 4 & y = 0 & g2 & !g3", "action": "right"}
17. {"condition": "x = 4 & y = 0 & g1 & g2 & !g3", "action": "right"}
18. {"condition": "x = 4 & y = 1 & g1 & !g2", "action": "right"}
19. {"condition": "x = 4 & y = 1 & g2 & !g3", "action": "right"}
20. {"condition": "x = 4 & y = 1 & g1 & g2 & !g3", "action": "right"}
21. {"condition": "x = 4 & y = 2 & g1 & !g2", "action": "right"}
22. {"condition": "x = 4 & y = 2 & g2 & !g3", "action": "right"}
23. {"condition": "x = 4 & y = 2 & g1 & g2 & !g3", "action": "right"}
24. {"condition": "x = 4 & y = 3 & g1 & !g2", "action": "right"}
25. {"condition": "x = 4 & y = 3 & g2 & !g3", "action": "right"}
26. {"condition": "x = 4 & y = 3 & g1 & g2 & !g3", "action": "right"}
27. {"condition": "x = 4 & y = 4 & g1 & !g2", "action": "left"}
28. {"condition": "x = 4 & y = 4 & g2 & !g3", "action": "left"}
29. {"condition": "x = 4 & y = 4 & g1 & g2 & !g3", "action": "left"}
30. {"condition": "x >= 3 & y >= 0 & g1 & !g2", "action": "up"}
31. {"condition": "x >= 3 & y >= 0 & g2 & !g3", "action": "up"}
32. {"condition": "x >= 3 & y >= 0 & g1 & g2 & !g3", "action": "up"}
33. {"condition": "x = 0 & y = 0 & !g1 & !g2 & !g3", "action": "right"}
34. {"condition": "true", "action": "down"}
2026-09-23 23:20:34,310 - INFO - Results: goal1: best=0.2493 worst=0.2493, goal2: best=0.9620 worst=0.9620, goal3: best=1.0000 worst=1.0000, seq_1_before_2: best=0.0678 worst=0.0678, seq_2_before_3: best=0.2034 worst=0.2034, complete_sequence: best=0.0554 worst=0.0554, avoid_moving_seg1: best=0.2493 worst=0.2493, avoid_moving_seg2: best=0.9209 worst=0.9209, avoid_moving_seg3: best=0.7808 worst=0.7808
2026-09-23 23:20:34,310 - INFO - Score (5, 5, 3.0748632254689316, 3.07486544622376) (no improvement, keeping best)
2026-09-23 23:20:34,314 - INFO - === Attempt 5/5 (refine) ===
You are an expert planner, repairing a policy written as symbolic rules. Even in the **best case** (uncovered states choosing the most helpful action), some requirements fail, so some of the existing rules steer the agent badly. Fix them while keeping what already works.

## Problem

An agent moves on a 5x5 grid. Its state is its cell (x = row, y = column; (0,0) is the top-left corner, x grows downward, y grows rightward) plus one flag per goal.

- The agent starts at (0,0) with every goal flag false.
- Goals must be visited in order: goal 1 at (2,3), then goal 2 at (1,4), then goal 3 at (3,0). Flag g1 becomes true when the agent enters goal 1's cell, and flag gk (k > 1) becomes true when it enters goal k's cell while g(k-1) is already true. Entering a goal's cell early, before its turn, violates the ordering requirements.
- Each step the agent picks an action (up, right, down or left). It moves in the chosen direction with probability 0.7, and slips 90 degrees to the left or right of it with probability 0.15 and 0.15. For example, choosing down means down 0.7, right 0.15, left 0.15.
- Moving off the grid leaves the agent where it is. Static obstacles at (2, 2) can never be entered: a move into one also leaves the agent where it is.
- A moving obstacle patrols the cells (4, 4) -> (3, 4) and then repeats, advancing one position per agent step. It starts at (4, 4). Its cells can be entered, but sharing a cell with the obstacle at the same time counts as a collision. The policy cannot observe where the obstacle currently is.
- The agent keeps moving after it reaches the last goal.

## Visual

```
    0 1 2 3 4   <- y (column)
 0  S . . . .
 1  . . . . 2
 2  . . X 1 .
 3  3 . . . M
 4  . . . . M
 ^ x (row)

Legend: S = start (0,0), 1..3 = goals (visit in order), X = static obstacle, M = moving obstacle patrol path, . = free cell
```

## State variables your rules can use

- `x` (integer 0..4): agent row (0 = top)
- `y` (integer 0..4): agent column (0 = left)
- `g1` (boolean): true once goal 1 has been reached
- `g2` (boolean): true once goal 2 has been reached (only counts after goal 1)
- `g3` (boolean): true once goal 3 has been reached (only counts after goal 2)

## Actions

- `up`: move to (x-1, y), i.e. one row up
- `right`: move to (x, y+1), i.e. one column right
- `down`: move to (x+1, y), i.e. one row down
- `left`: move to (x, y-1), i.e. one column left

## Requirements

A probabilistic model checker (PRISM) verifies your policy against each requirement:
- `goal1`: The agent eventually reaches goal 1. Probability must be >= 0.8.
- `goal2`: The agent eventually reaches goal 2. Probability must be >= 0.8.
- `goal3`: The agent eventually reaches goal 3. Probability must be >= 0.8.
- `seq_1_before_2`: Goal 1 is visited before goal 2 is ever entered. Probability must be >= 0.8.
- `seq_2_before_3`: Goals 1, 2 are visited in order before goal 3 is ever entered. Probability must be >= 0.8.
- `complete_sequence`: All goals are visited in the correct order (all sequence requirements at once). Probability must be >= 0.8.
- `avoid_moving_seg1`: While heading to goal 1, the agent never shares a cell with the moving obstacle. Probability must be >= 0.7.
- `avoid_moving_seg2`: While heading to goal 2, the agent never shares a cell with the moving obstacle. Probability must be >= 0.7.
- `avoid_moving_seg3`: While heading to goal 3, the agent never shares a cell with the moving obstacle. Probability must be >= 0.7.

## How to write the policy

The policy is an ordered list of rules. Each rule has a `condition` (a boolean expression over the state variables) and an `action`. For any state, the **first** rule whose condition is true decides the action, so put specific exceptions before general rules.

- Conditions use the state variables above with `=`, `!=`, `<`, `<=`, `>`, `>=`, `+`, `-`, `&` (and), `|` (or), `!` (not) and parentheses. Booleans can be used directly (`g1`, `!g1`) or compared (`g1 = true`). `true` matches every state.
- Prefer a few general rules that describe a strategy over listing states one by one. List a single state only when it truly is an exception.
- A state that no rule matches is **uncovered**. The checker reports each requirement in the *best case* (uncovered states act in the most helpful way) and the *worst case* (they act in the most harmful way). The policy succeeds only if every requirement holds **in the worst case**, so make sure every state the agent can reach is covered, for example by ending with a `true -> ...` default.

Example rules for a different gridworld (not this one), in priority order:
```
{"condition": "x = 1 & y = 4", "action": "left"}
{"condition": "!g1 & x = 2 & y < 3", "action": "right"}
{"condition": "!g1 & y = 3", "action": "down"}
{"condition": "g1 & !g2 & x > 0", "action": "up"}
{"condition": "true", "action": "down"}
```
Rule 1 is a one-cell exception, so it comes before the general rules that also match that cell. Rule 2 moves right along row 2 before goal 1, rule 3 then goes down column 3, rule 4 heads up after goal 1, and the last rule is a catch-all default that covers every remaining state.

## Your current rules

```
1. {"condition": "x = 2 & y = 3 & !g1", "action": "right"}
2. {"condition": "x = 1 & y = 4 & !g2 & g1", "action": "down"}
3. {"condition": "x = 3 & y = 0 & !g3 & g2", "action": "left"}
4. {"condition": "!g1 & x <= 2 & y <= 3", "action": "right"}
5. {"condition": "!g1 & x >= 2 & y <= 3 & x < 4", "action": "down"}
6. {"condition": "g1 & !g2 & x <= 1 & y >= 4", "action": "left"}
7. {"condition": "g1 & !g2 & x >= 1 & y >= 4", "action": "up"}
8. {"condition": "g2 & !g3 & x >= 3 & y <= 0", "action": "left"}
9. {"condition": "g2 & !g3 & x >= 3 & y >= 0", "action": "down"}
10. {"condition": "x = 2 & y = 2", "action": "up"}
11. {"condition": "g1 & g2 & g3", "action": "down"}
12. {"condition": "x >= 4 & y >= 1 & !g1", "action": "left"}
13. {"condition": "x >= 4 & y >= 1 & g1 & !g2", "action": "left"}
14. {"condition": "x >= 4 & y >= 1 & g2 & !g3", "action": "left"}
15. {"condition": "x = 4 & y = 0 & g1 & !g2", "action": "right"}
16. {"condition": "x = 4 & y = 0 & g2 & !g3", "action": "right"}
17. {"condition": "x = 4 & y = 0 & g1 & g2 & !g3", "action": "right"}
18. {"condition": "x = 4 & y = 1 & g1 & !g2", "action": "right"}
19. {"condition": "x = 4 & y = 1 & g2 & !g3", "action": "right"}
20. {"condition": "x = 4 & y = 1 & g1 & g2 & !g3", "action": "right"}
21. {"condition": "x = 4 & y = 2 & g1 & !g2", "action": "right"}
22. {"condition": "x = 4 & y = 2 & g2 & !g3", "action": "right"}
23. {"condition": "x = 4 & y = 2 & g1 & g2 & !g3", "action": "right"}
24. {"condition": "x = 4 & y = 3 & g1 & !g2", "action": "right"}
25. {"condition": "x = 4 & y = 3 & g2 & !g3", "action": "right"}
26. {"condition": "x = 4 & y = 3 & g1 & g2 & !g3", "action": "right"}
27. {"condition": "x = 4 & y = 4 & g1 & !g2", "action": "left"}
28. {"condition": "x = 4 & y = 4 & g2 & !g3", "action": "left"}
29. {"condition": "x = 4 & y = 4 & g1 & g2 & !g3", "action": "left"}
30. {"condition": "x >= 3 & y >= 0 & g1 & !g2", "action": "up"}
31. {"condition": "x >= 3 & y >= 0 & g2 & !g3", "action": "up"}
32. {"condition": "x >= 3 & y >= 0 & g1 & g2 & !g3", "action": "up"}
33. {"condition": "true", "action": "down"}
```

The rules cover 60 of the 60 reachable situations (combinations of the state variables); 0 are uncovered.

## Verification results

| requirement | best case | worst case | needed | status |
|---|---|---|---|---|
| `goal1` | 0.2493 | 0.2493 | >= 0.8 | FAILS even in best case |
| `goal2` | 0.9620 | 0.9620 | >= 0.8 | ok |
| `goal3` | 1.0000 | 1.0000 | >= 0.8 | ok |
| `seq_1_before_2` | 0.0678 | 0.0678 | >= 0.8 | FAILS even in best case |
| `seq_2_before_3` | 0.2034 | 0.2034 | >= 0.8 | FAILS even in best case |
| `complete_sequence` | 0.0554 | 0.0554 | >= 0.8 | FAILS even in best case |
| `avoid_moving_seg1` | 0.2493 | 0.2493 | >= 0.7 | FAILS even in best case |
| `avoid_moving_seg2` | 0.9209 | 0.9209 | >= 0.7 | ok |
| `avoid_moving_seg3` | 0.7761 | 0.7761 | >= 0.7 | ok |

## Where probability is lost

Share of the lost probability mass (expected time spent in a state, times the probability still at stake there), by the rule that decides the state, for the failing requirements (goal1, seq_1_before_2, seq_2_before_3, complete_sequence, avoid_moving_seg1):
- 60%: rule 33 `true (action down)`. Most in: x=4 & y=0 & g1=false & g2=false & g3=false; x=3 & y=4 & g1=false & g2=false & g3=false; x=2 & y=4 & g1=false & g2=false & g3=false
- 16%: rule 12 `x >= 4 & y >= 1 & !g1 (action left)`. Most in: x=4 & y=1 & g1=false & g2=false & g3=false; x=4 & y=2 & g1=false & g2=false & g3=false; x=4 & y=3 & g1=false & g2=false & g3=false
- 9%: rule 9 `g2 & !g3 & x >= 3 & y >= 0 (action down)`. Most in: x=4 & y=4 & g1=true & g2=true & g3=false; x=4 & y=3 & g1=true & g2=true & g3=false; x=4 & y=2 & g1=true & g2=true & g3=false
- 6%: rule 4 `!g1 & x <= 2 & y <= 3 (action right)`. Most in: x=0 & y=0 & g1=false & g2=false & g3=false; x=0 & y=3 & g1=false & g2=false & g3=false; x=0 & y=1 & g1=false & g2=false & g3=false
- 5%: rule 11 `g1 & g2 & g3 (action down)`. Most in: x=4 & y=0 & g1=true & g2=true & g3=true; x=4 & y=1 & g1=true & g2=true & g3=true; x=4 & y=2 & g1=true & g2=true & g3=true
- 3%: rule 5 `!g1 & x >= 2 & y <= 3 & x < 4 (action down)`. Most in: x=3 & y=1 & g1=false & g2=false & g3=false; x=3 & y=2 & g1=false & g2=false & g3=false; x=3 & y=3 & g1=false & g2=false & g3=false
- 1%: rule 8 `g2 & !g3 & x >= 3 & y <= 0 (action left)`. Most in: x=4 & y=0 & g1=true & g2=true & g3=false
- 1%: rule 30 `x >= 3 & y >= 0 & g1 & !g2 (action up)`. Most in: x=3 & y=1 & g1=true & g2=false & g3=false; x=3 & y=2 & g1=true & g2=false & g3=false; x=3 & y=3 & g1=true & g2=false & g3=false
- 0%: rule 7 `g1 & !g2 & x >= 1 & y >= 4 (action up)`. Most in: x=2 & y=4 & g1=true & g2=false & g3=false; x=3 & y=4 & g1=true & g2=false & g3=false

## Task

Rewrite the rule list to fix the failing requirements. You may change, reorder, delete or add rules. Return the **complete** new rule list as JSON: `{"rules": [{"condition": "...", "action": "..."}, ...]}`.

2026-09-23 23:23:13,117 - INFO - Candidate policy (57 rules):
1. {"condition": "x = 2 & y = 3 & !g1", "action": "right"}
2. {"condition": "x = 1 & y = 4 & !g2 & g1", "action": "down"}
3. {"condition": "x = 3 & y = 0 & !g3 & g2", "action": "left"}
4. {"condition": "!g1 & x <= 2 & y <= 3", "action": "right"}
5. {"condition": "!g1 & x >= 2 & y <= 3 & x < 4", "action": "down"}
6. {"condition": "g1 & !g2 & x <= 1 & y >= 4", "action": "left"}
7. {"condition": "g1 & !g2 & x >= 1 & y >= 4", "action": "up"}
8. {"condition": "g2 & !g3 & x >= 3 & y <= 0", "action": "left"}
9. {"condition": "g2 & !g3 & x >= 3 & y >= 0", "action": "down"}
10. {"condition": "x = 2 & y = 2", "action": "up"}
11. {"condition": "g1 & g2 & g3", "action": "down"}
12. {"condition": "x >= 4 & y >= 1 & !g1", "action": "left"}
13. {"condition": "x >= 4 & y >= 1 & g1 & !g2", "action": "left"}
14. {"condition": "x >= 4 & y >= 1 & g2 & !g3", "action": "left"}
15. {"condition": "x = 4 & y = 0 & g1 & !g2", "action": "right"}
16. {"condition": "x = 4 & y = 0 & g2 & !g3", "action": "right"}
17. {"condition": "x = 4 & y = 0 & g1 & g2 & !g3", "action": "right"}
18. {"condition": "x = 4 & y = 1 & g1 & !g2", "action": "right"}
19. {"condition": "x = 4 & y = 1 & g2 & !g3", "action": "right"}
20. {"condition": "x = 4 & y = 1 & g1 & g2 & !g3", "action": "right"}
21. {"condition": "x = 4 & y = 2 & g1 & !g2", "action": "right"}
22. {"condition": "x = 4 & y = 2 & g2 & !g3", "action": "right"}
23. {"condition": "x = 4 & y = 2 & g1 & g2 & !g3", "action": "right"}
24. {"condition": "x = 4 & y = 3 & g1 & !g2", "action": "right"}
25. {"condition": "x = 4 & y = 3 & g2 & !g3", "action": "right"}
26. {"condition": "x = 4 & y = 3 & g1 & g2 & !g3", "action": "right"}
27. {"condition": "x = 4 & y = 4 & g1 & !g2", "action": "left"}
28. {"condition": "x = 4 & y = 4 & g2 & !g3", "action": "left"}
29. {"condition": "x = 4 & y = 4 & g1 & g2 & !g3", "action": "left"}
30. {"condition": "x >= 3 & y >= 0 & g1 & !g2", "action": "up"}
31. {"condition": "x >= 3 & y >= 0 & g2 & !g3", "action": "up"}
32. {"condition": "x >= 3 & y >= 0 & g1 & g2 & !g3", "action": "up"}
33. {"condition": "x = 0 & y = 0 & !g1", "action": "right"}
34. {"condition": "x = 0 & y = 1 & !g1", "action": "right"}
35. {"condition": "x = 0 & y = 2 & !g1", "action": "right"}
36. {"condition": "x = 0 & y = 3 & !g1", "action": "down"}
37. {"condition": "x = 0 & y = 4 & !g1", "action": "down"}
38. {"condition": "x = 1 & y = 0 & !g1", "action": "right"}
39. {"condition": "x = 1 & y = 1 & !g1", "action": "right"}
40. {"condition": "x = 1 & y = 2 & !g1", "action": "right"}
41. {"condition": "x = 1 & y = 3 & !g1", "action": "right"}
42. {"condition": "x = 2 & y = 0 & !g1", "action": "right"}
43. {"condition": "x = 2 & y = 1 & !g1", "action": "right"}
44. {"condition": "x = 2 & y = 2 & !g1", "action": "up"}
45. {"condition": "x = 2 & y = 3 & !g1", "action": "right"}
46. {"condition": "x = 2 & y = 4 & !g1", "action": "down"}
47. {"condition": "x = 3 & y = 0 & !g1", "action": "right"}
48. {"condition": "x = 3 & y = 1 & !g1", "action": "right"}
49. {"condition": "x = 3 & y = 2 & !g1", "action": "right"}
50. {"condition": "x = 3 & y = 3 & !g1", "action": "right"}
51. {"condition": "x = 3 & y = 4 & !g1", "action": "down"}
52. {"condition": "x = 4 & y = 0 & !g1", "action": "right"}
53. {"condition": "x = 4 & y = 1 & !g1", "action": "right"}
54. {"condition": "x = 4 & y = 2 & !g1", "action": "right"}
55. {"condition": "x = 4 & y = 3 & !g1", "action": "right"}
56. {"condition": "x = 4 & y = 4 & !g1", "action": "left"}
57. {"condition": "true", "action": "down"}
2026-09-23 23:23:14,491 - INFO - Results: goal1: best=0.2493 worst=0.2493, goal2: best=0.9620 worst=0.9620, goal3: best=1.0000 worst=1.0000, seq_1_before_2: best=0.0678 worst=0.0678, seq_2_before_3: best=0.2034 worst=0.2034, complete_sequence: best=0.0554 worst=0.0554, avoid_moving_seg1: best=0.2493 worst=0.2493, avoid_moving_seg2: best=0.9209 worst=0.9209, avoid_moving_seg3: best=0.7761 worst=0.7761
2026-09-23 23:23:14,491 - INFO - Score (5, 5, 3.0748632254689316, 3.07486544622376) (no improvement, keeping best)
